Component: ARM Compiler 5.06 update 6 (build 750) Tool: armlink [4d35ed]

==============================================================================

Section Cross References

    startup_stm32f10x_hd.o(RESET) refers to startup_stm32f10x_hd.o(STACK) for __initial_sp
    startup_stm32f10x_hd.o(RESET) refers to startup_stm32f10x_hd.o(.text) for Reset_Handler
    startup_stm32f10x_hd.o(RESET) refers to stm32f10x_it.o(i.NMI_Handler) for NMI_Handler
    startup_stm32f10x_hd.o(RESET) refers to stm32f10x_it.o(i.HardFault_Handler) for HardFault_Handler
    startup_stm32f10x_hd.o(RESET) refers to stm32f10x_it.o(i.MemManage_Handler) for MemManage_Handler
    startup_stm32f10x_hd.o(RESET) refers to stm32f10x_it.o(i.BusFault_Handler) for BusFault_Handler
    startup_stm32f10x_hd.o(RESET) refers to stm32f10x_it.o(i.UsageFault_Handler) for UsageFault_Handler
    startup_stm32f10x_hd.o(RESET) refers to port.o(.emb_text) for SVC_Handler
    startup_stm32f10x_hd.o(RESET) refers to stm32f10x_it.o(i.DebugMon_Handler) for DebugMon_Handler
    startup_stm32f10x_hd.o(RESET) refers to port.o(i.SysTick_Handler) for SysTick_Handler
    startup_stm32f10x_hd.o(RESET) refers to stm32f10x_it.o(i.RTC_IRQHandler) for RTC_IRQHandler
    startup_stm32f10x_hd.o(.text) refers to system_stm32f10x.o(i.SystemInit) for SystemInit
    startup_stm32f10x_hd.o(.text) refers to entry.o(.ARM.Collect$$$$00000000) for __main
    system_stm32f10x.o(i.SetSysClock) refers to system_stm32f10x.o(i.SetSysClockTo72) for SetSysClockTo72
    system_stm32f10x.o(i.SystemCoreClockUpdate) refers to system_stm32f10x.o(.data) for .data
    system_stm32f10x.o(i.SystemInit) refers to system_stm32f10x.o(i.SetSysClock) for SetSysClock
    main.o(i.adc_task) refers to tasks.o(i.xTaskGetTickCount) for xTaskGetTickCount
    main.o(i.adc_task) refers to queue.o(i.xQueueGenericCreate) for xQueueGenericCreate
    main.o(i.adc_task) refers to module_adc.o(i.adc_Init) for adc_Init
    main.o(i.adc_task) refers to module_adc.o(i.Get_Voltage) for Get_Voltage
    main.o(i.adc_task) refers to module_adc.o(i.Get_Chip_Temperature) for Get_Chip_Temperature
    main.o(i.adc_task) refers to queue.o(i.xQueueGenericSend) for xQueueGenericSend
    main.o(i.adc_task) refers to tasks.o(i.xTaskDelayUntil) for xTaskDelayUntil
    main.o(i.adc_task) refers to global.o(.data) for adc_queuehandle
    main.o(i.key_task) refers to tasks.o(i.xTaskGetTickCount) for xTaskGetTickCount
    main.o(i.key_task) refers to queue.o(i.xQueueGenericCreate) for xQueueGenericCreate
    main.o(i.key_task) refers to module_key.o(i.Key_Read) for Key_Read
    main.o(i.key_task) refers to tasks.o(i.xTaskGenericNotify) for xTaskGenericNotify
    main.o(i.key_task) refers to queue.o(i.xQueueGenericSend) for xQueueGenericSend
    main.o(i.key_task) refers to tasks.o(i.vTaskDelete) for vTaskDelete
    main.o(i.key_task) refers to tasks.o(i.xTaskCreate) for xTaskCreate
    main.o(i.key_task) refers to tasks.o(i.xTaskDelayUntil) for xTaskDelayUntil
    main.o(i.key_task) refers to global.o(.data) for key_queuehandle
    main.o(i.key_task) refers to global.o(.data) for led_taskhandle
    main.o(i.key_task) refers to main.o(.data) for .data
    main.o(i.key_task) refers to global.o(.data) for menu_taskhandle
    main.o(i.key_task) refers to main.o(i.menu_task) for menu_task
    main.o(i.led_task) refers to tasks.o(i.xTaskGenericNotifyWait) for xTaskGenericNotifyWait
    main.o(i.main) refers to main.o(i.prvSetupHardware) for prvSetupHardware
    main.o(i.main) refers to tasks.o(i.xTaskCreate) for xTaskCreate
    main.o(i.main) refers to tasks.o(i.vTaskStartScheduler) for vTaskStartScheduler
    main.o(i.main) refers to global.o(.data) for led_taskhandle
    main.o(i.main) refers to main.o(i.led_task) for led_task
    main.o(i.main) refers to global.o(.data) for key_taskhandle
    main.o(i.main) refers to main.o(i.key_task) for key_task
    main.o(i.main) refers to global.o(.data) for adc_taskhandle
    main.o(i.main) refers to main.o(i.adc_task) for adc_task
    main.o(i.main) refers to global.o(.data) for menu_taskhandle
    main.o(i.main) refers to main.o(i.menu_task) for menu_task
    main.o(i.main) refers to global.o(.data) for rtc_taskhandle
    main.o(i.main) refers to main.o(i.rtc_task) for rtc_task
    main.o(i.menu_task) refers to main.o(.data) for .data
    main.o(i.menu_task) refers to menu.o(.data) for menu_table
    main.o(i.prvSetupHardware) refers to stm32f10x_rcc.o(i.RCC_DeInit) for RCC_DeInit
    main.o(i.prvSetupHardware) refers to stm32f10x_rcc.o(i.RCC_HSEConfig) for RCC_HSEConfig
    main.o(i.prvSetupHardware) refers to stm32f10x_rcc.o(i.RCC_GetFlagStatus) for RCC_GetFlagStatus
    main.o(i.prvSetupHardware) refers to stm32f10x_rcc.o(i.RCC_HCLKConfig) for RCC_HCLKConfig
    main.o(i.prvSetupHardware) refers to stm32f10x_rcc.o(i.RCC_PCLK2Config) for RCC_PCLK2Config
    main.o(i.prvSetupHardware) refers to stm32f10x_rcc.o(i.RCC_PCLK1Config) for RCC_PCLK1Config
[...]
    i.SPI_I2S_GetFlagStatus                  0x08001bbc   Section        0  stm32f10x_spi.o(i.SPI_I2S_GetFlagStatus)
    i.SPI_I2S_ReceiveData                    0x08001bca   Section        0  stm32f10x_spi.o(i.SPI_I2S_ReceiveData)
    i.SPI_I2S_SendData                       0x08001bce   Section        0  stm32f10x_spi.o(i.SPI_I2S_SendData)
    i.SPI_Init                               0x08001bd2   Section        0  stm32f10x_spi.o(i.SPI_Init)
    i.SPI_TIMEOUT_UserCallback               0x08001c0c   Section        0  bsp_spi_flash.o(i.SPI_TIMEOUT_UserCallback)
    SPI_TIMEOUT_UserCallback                 0x08001c0d   Thumb Code    14  bsp_spi_flash.o(i.SPI_TIMEOUT_UserCallback)
    i.SetSysClock                            0x08001c4c   Section        0  system_stm32f10x.o(i.SetSysClock)
    SetSysClock                              0x08001c4d   Thumb Code     4  system_stm32f10x.o(i.SetSysClock)
    i.SetSysClockTo72                        0x08001c50   Section        0  system_stm32f10x.o(i.SetSysClockTo72)
    SetSysClockTo72                          0x08001c51   Thumb Code   166  system_stm32f10x.o(i.SetSysClockTo72)
    i.SysTick_CLKSourceConfig                0x08001d00   Section        0  misc.o(i.SysTick_CLKSourceConfig)
    i.SysTick_Handler                        0x08001d1c   Section        0  port.o(i.SysTick_Handler)
    i.SystemInit                             0x08001d48   Section        0  system_stm32f10x.o(i.SystemInit)
    i.USART_Cmd                              0x08001d98   Section        0  stm32f10x_usart.o(i.USART_Cmd)
    i.USART_Config                           0x08001db0   Section        0  module_usart.o(i.USART_Config)
    i.USART_GetFlagStatus                    0x08001e34   Section        0  stm32f10x_usart.o(i.USART_GetFlagStatus)
    i.USART_Init                             0x08001e44   Section        0  stm32f10x_usart.o(i.USART_Init)
    i.USART_SendData                         0x08001f00   Section        0  stm32f10x_usart.o(i.USART_SendData)
    i.UsageFault_Handler                     0x08001f08   Section        0  stm32f10x_it.o(i.UsageFault_Handler)
    i.__0printf                              0x08001f0c   Section        0  printfa.o(i.__0printf)
    i.__0sprintf                             0x08001f2c   Section        0  printfa.o(i.__0sprintf)
    i.__scatterload_copy                     0x08001f54   Section       14  handlers.o(i.__scatterload_copy)
    i.__scatterload_null                     0x08001f62   Section        2  handlers.o(i.__scatterload_null)
    i.__scatterload_zeroinit                 0x08001f64   Section       14  handlers.o(i.__scatterload_zeroinit)
    i._fp_digits                             0x08001f74   Section        0  printfa.o(i._fp_digits)
    _fp_digits                               0x08001f75   Thumb Code   366  printfa.o(i._fp_digits)
    i._printf_core                           0x080020f8   Section        0  printfa.o(i._printf_core)
    _printf_core                             0x080020f9   Thumb Code  1744  printfa.o(i._printf_core)
    i._printf_post_padding                   0x080027d4   Section        0  printfa.o(i._printf_post_padding)
    _printf_post_padding                     0x080027d5   Thumb Code    36  printfa.o(i._printf_post_padding)
    i._printf_pre_padding                    0x080027f8   Section        0  printfa.o(i._printf_pre_padding)
    _printf_pre_padding                      0x080027f9   Thumb Code    46  printfa.o(i._printf_pre_padding)
    i._sputc                                 0x08002826   Section        0  printfa.o(i._sputc)
    _sputc                                   0x08002827   Thumb Code    10  printfa.o(i._sputc)
    i.adc_Init                               0x08002830   Section        0  module_adc.o(i.adc_Init)
    i.adc_task                               0x08002844   Section        0  main.o(i.adc_task)
    i.alram_low                              0x0800289c   Section        0  menu.o(i.alram_low)
    i.alram_up                               0x0800289e   Section        0  menu.o(i.alram_up)
    i.batu_set                               0x080028a0   Section        0  menu.o(i.batu_set)
    i.btn_set                                0x080028a2   Section        0  menu.o(i.btn_set)
    i.data                                   0x080028a4   Section        0  menu.o(i.data)
    i.dev_adress                             0x080028a6   Section        0  menu.o(i.dev_adress)
    i.devport_set                            0x080028a8   Section        0  menu.o(i.devport_set)
    i.dma_Init                               0x080028ac   Section        0  module_adc.o(i.dma_Init)
    dma_Init                                 0x080028ad   Thumb Code    80  module_adc.o(i.dma_Init)
    i.fputc                                  0x08002908   Section        0  module_usart.o(i.fputc)
    i.history_data                           0x0800292c   Section        0  menu.o(i.history_data)
    i.ip_set                                 0x0800292e   Section        0  menu.o(i.ip_set)
    i.key_task                               0x08002930   Section        0  main.o(i.key_task)
    i.lcd_Strinit                            0x080029d0   Section        0  menu.o(i.lcd_Strinit)
    i.led_task                               0x08002a0c   Section        0  main.o(i.led_task)
    i.lg_set                                 0x08002aa4   Section        0  menu.o(i.lg_set)
    i.main                                   0x08002aa8   Section        0  main.o(i.main)
    i.main_menu                              0x08002b7c   Section        0  menu.o(i.main_menu)
    i.menu_task                              0x08002d3c   Section        0  main.o(i.menu_task)
    i.parity_set                             0x08002d5c   Section        0  menu.o(i.parity_set)
    i.pas_set                                0x08002d5e   Section        0  menu.o(i.pas_set)
    i.password_menu                          0x08002d60   Section        0  menu.o(i.password_menu)
    i.prvAddCurrentTaskToDelayedList         0x08002dc4   Section        0  tasks.o(i.prvAddCurrentTaskToDelayedList)
    prvAddCurrentTaskToDelayedList           0x08002dc5   Thumb Code   130  tasks.o(i.prvAddCurrentTaskToDelayedList)
    i.prvAddNewTaskToReadyList               0x08002e50   Section        0  tasks.o(i.prvAddNewTaskToReadyList)
    prvAddNewTaskToReadyList                 0x08002e51   Thumb Code   156  tasks.o(i.prvAddNewTaskToReadyList)
    i.prvCheckTasksWaitingTermination        0x08002ef8   Section        0  tasks.o(i.prvCheckTasksWaitingTermination)
    prvCheckTasksWaitingTermination          0x08002ef9   Thumb Code    52  tasks.o(i.prvCheckTasksWaitingTermination)
    i.prvCopyDataFromQueue                   0x08002f34   Section        0  queue.o(i.prvCopyDataFromQueue)
    prvCopyDataFromQueue                     0x08002f35   Thumb Code    40  queue.o(i.prvCopyDataFromQueue)
    i.prvCopyDataToQueue                     0x08002f5c   Section        0  queue.o(i.prvCopyDataToQueue)
    prvCopyDataToQueue                       0x08002f5d   Thumb Code    92  queue.o(i.prvCopyDataToQueue)
    i.prvDeleteTCB                           0x08002fb8   Section        0  tasks.o(i.prvDeleteTCB)
    prvDeleteTCB                             0x08002fb9   Thumb Code    20  tasks.o(i.prvDeleteTCB)
    i.prvHeapInit                            0x08002fcc   Section        0  heap_4.o(i.prvHeapInit)
    prvHeapInit                              0x08002fcd   Thumb Code    62  heap_4.o(i.prvHeapInit)
    i.prvIdleTask                            0x08003014   Section        0  tasks.o(i.prvIdleTask)
    prvIdleTask                              0x08003015   Thumb Code    30  tasks.o(i.prvIdleTask)
    i.prvInitialiseNewQueue                  0x0800303c   Section        0  queue.o(i.prvInitialiseNewQueue)
    prvInitialiseNewQueue                    0x0800303d   Thumb Code    24  queue.o(i.prvInitialiseNewQueue)
    i.prvInitialiseNewTask                   0x08003054   Section        0  tasks.o(i.prvInitialiseNewTask)
    prvInitialiseNewTask                     0x08003055   Thumb Code   110  tasks.o(i.prvInitialiseNewTask)
    i.prvInitialiseTaskLists                 0x080030c4   Section        0  tasks.o(i.prvInitialiseTaskLists)
    prvInitialiseTaskLists                   0x080030c5   Thumb Code    78  tasks.o(i.prvInitialiseTaskLists)
    i.prvInsertBlockIntoFreeList             0x0800311c   Section        0  heap_4.o(i.prvInsertBlockIntoFreeList)
    prvInsertBlockIntoFreeList               0x0800311d   Thumb Code    78  heap_4.o(i.prvInsertBlockIntoFreeList)
    i.prvIsQueueEmpty                        0x08003170   Section        0  queue.o(i.prvIsQueueEmpty)
    prvIsQueueEmpty                          0x08003171   Thumb Code    26  queue.o(i.prvIsQueueEmpty)
    i.prvIsQueueFull                         0x0800318a   Section        0  queue.o(i.prvIsQueueFull)
    prvIsQueueFull                           0x0800318b   Thumb Code    30  queue.o(i.prvIsQueueFull)
    i.prvResetNextTaskUnblockTime            0x080031a8   Section        0  tasks.o(i.prvResetNextTaskUnblockTime)
    prvResetNextTaskUnblockTime              0x080031a9   Thumb Code    28  tasks.o(i.prvResetNextTaskUnblockTime)
    i.prvSetupHardware                       0x080031c8   Section        0  main.o(i.prvSetupHardware)
    prvSetupHardware                         0x080031c9   Thumb Code   152  main.o(i.prvSetupHardware)
    i.prvTaskExitError                       0x08003264   Section        0  port.o(i.prvTaskExitError)
    prvTaskExitError                         0x08003265   Thumb Code    16  port.o(i.prvTaskExitError)
    i.prvUnlockQueue                         0x08003274   Section        0  queue.o(i.prvUnlockQueue)
    prvUnlockQueue                           0x08003275   Thumb Code   106  queue.o(i.prvUnlockQueue)
    i.pvPortMalloc                           0x080032e0   Section        0  heap_4.o(i.pvPortMalloc)
    i.pxPortInitialiseStack                  0x08003380   Section        0  port.o(i.pxPortInitialiseStack)
    i.rtc_task                               0x0800339c   Section        0  main.o(i.rtc_task)
    i.second_menu1                           0x080033e8   Section        0  menu.o(i.second_menu1)
    i.second_menu2                           0x080034d4   Section        0  menu.o(i.second_menu2)
    i.second_menu3                           0x080035bc   Section        0  menu.o(i.second_menu3)
    i.second_menu4                           0x080036a0   Section        0  menu.o(i.second_menu4)
    i.second_menu5                           0x08003788   Section        0  menu.o(i.second_menu5)
    i.second_submenu1_1                      0x0800386c   Section        0  menu.o(i.second_submenu1_1)
    i.second_submenu1_2                      0x0800386e   Section        0  menu.o(i.second_submenu1_2)
    i.second_submenu1_3                      0x08003870   Section        0  menu.o(i.second_submenu1_3)
    i.second_submenu1_4                      0x08003872   Section        0  menu.o(i.second_submenu1_4)
    i.second_submenu2_1                      0x08003874   Section        0  menu.o(i.second_submenu2_1)
    i.second_submenu2_2                      0x08003876   Section        0  menu.o(i.second_submenu2_2)
    i.second_submenu3_1                      0x08003878   Section        0  menu.o(i.second_submenu3_1)
    i.second_submenu3_2                      0x0800387a   Section        0  menu.o(i.second_submenu3_2)
    i.second_submenu3_3                      0x0800387c   Section        0  menu.o(i.second_submenu3_3)
    i.second_submenu3_4                      0x0800387e   Section        0  menu.o(i.second_submenu3_4)
    i.second_submenu4_1                      0x08003880   Section        0  menu.o(i.second_submenu4_1)
    i.second_submenu4_2                      0x08003882   Section        0  menu.o(i.second_submenu4_2)
    i.second_submenu5_1                      0x08003884   Section        0  menu.o(i.second_submenu5_1)
    i.second_submenu5_2                      0x08003886   Section        0  menu.o(i.second_submenu5_2)
    i.stopbit_set                            0x08003888   Section        0  menu.o(i.stopbit_set)
    i.time_set                               0x0800388a   Section        0  menu.o(i.time_set)
    i.uxListRemove                           0x0800388c   Section        0  list.o(i.uxListRemove)
    i.uxTaskGetNumberOfTasks                 0x080038b4   Section        0  tasks.o(i.uxTaskGetNumberOfTasks)
    i.vListInitialise                        0x080038c0   Section        0  list.o(i.vListInitialise)
    i.vListInitialiseItem                    0x080038d6   Section        0  list.o(i.vListInitialiseItem)
    i.vListInsert                            0x080038dc   Section        0  list.o(i.vListInsert)
    i.vListInsertEnd                         0x0800390c   Section        0  list.o(i.vListInsertEnd)
    i.vPortEnterCritical                     0x08003924   Section        0  port.o(i.vPortEnterCritical)
    i.vPortExitCritical                      0x08003940   Section        0  port.o(i.vPortExitCritical)
    i.vPortFree                              0x08003958   Section        0  heap_4.o(i.vPortFree)
    i.vPortSetupTimerInterrupt               0x0800399c   Section        0  port.o(i.vPortSetupTimerInterrupt)
    i.vTaskDelete                            0x080039b4   Section        0  tasks.o(i.vTaskDelete)
    i.vTaskInternalSetTimeOutState           0x08003a50   Section        0  tasks.o(i.vTaskInternalSetTimeOutState)
    i.vTaskMissedYield                       0x08003a60   Section        0  tasks.o(i.vTaskMissedYield)
    i.vTaskPlaceOnEventList                  0x08003a6c   Section        0  tasks.o(i.vTaskPlaceOnEventList)
    i.vTaskStartScheduler                    0x08003a8c   Section        0  tasks.o(i.vTaskStartScheduler)
    i.vTaskSuspendAll                        0x08003adc   Section        0  tasks.o(i.vTaskSuspendAll)
    i.vTaskSwitchContext                     0x08003aec   Section        0  tasks.o(i.vTaskSwitchContext)
    i.wait_key_box                           0x08003b34   Section        0  menu.o(i.wait_key_box)
    wait_key_box                             0x08003b35   Thumb Code    42  menu.o(i.wait_key_box)
    i.xPortStartScheduler                    0x08003b64   Section        0  port.o(i.xPortStartScheduler)
    i.xQueueGenericCreate                    0x08003b94   Section        0  queue.o(i.xQueueGenericCreate)
    i.xQueueGenericReset                     0x08003bd4   Section        0  queue.o(i.xQueueGenericReset)
    i.xQueueGenericSend                      0x08003c68   Section        0  queue.o(i.xQueueGenericSend)
    i.xQueueGiveFromISR                      0x08003d60   Section        0  queue.o(i.xQueueGiveFromISR)
    i.xQueueReceive                          0x08003dc8   Section        0  queue.o(i.xQueueReceive)
    i.xQueueSemaphoreTake                    0x08003eb8   Section        0  queue.o(i.xQueueSemaphoreTake)
    i.xTaskCheckForTimeOut                   0x08003fa0   Section        0  tasks.o(i.xTaskCheckForTimeOut)
    i.xTaskCreate                            0x08003ff8   Section        0  tasks.o(i.xTaskCreate)
    i.xTaskDelayUntil                        0x08004060   Section        0  tasks.o(i.xTaskDelayUntil)
    i.xTaskGenericNotify                     0x080040bc   Section        0  tasks.o(i.xTaskGenericNotify)
    i.xTaskGenericNotifyWait                 0x080041b4   Section        0  tasks.o(i.xTaskGenericNotifyWait)
    i.xTaskGetTickCount                      0x0800425c   Section        0  tasks.o(i.xTaskGetTickCount)
    i.xTaskIncrementTick                     0x08004268   Section        0  tasks.o(i.xTaskIncrementTick)
    i.xTaskRemoveFromEventList               0x08004384   Section        0  tasks.o(i.xTaskRemoveFromEventList)
    i.xTaskResumeAll                         0x0800444c   Section        0  tasks.o(i.xTaskResumeAll)
    .constdata                               0x08004560   Section     1520  fonts.o(.constdata)
    .data                                    0x20000000   Section        4  main.o(.data)
    scan_cnt                                 0x20000002   Data           2  main.o(.data)
    .data                                    0x20000004   Section        5  module_key.o(.data)
    key_status                               0x20000005   Data           1  module_key.o(.data)
    Key_LategValue                           0x20000006   Data           1  module_key.o(.data)
    key_status                               0x20000007   Data           1  module_key.o(.data)
    LategValue                               0x20000008   Data           1  module_key.o(.data)
    .data                                    0x2000000a   Section        4  module_adc.o(.data)
    .data                                    0x20000010   Section       16  bsp_ili9341_lcd.o(.data)
    CurrentTextColor                         0x20000016   Data           2  bsp_ili9341_lcd.o(.data)
    CurrentBackColor                         0x20000018   Data           2  bsp_ili9341_lcd.o(.data)
    LCD_Currentfonts                         0x2000001c   Data           4  bsp_ili9341_lcd.o(.data)
    .data                                    0x20000020   Section        8  fonts.o(.data)
    .data                                    0x20000028   Section        1  fonts.o(.data)
    everRead                                 0x20000028   Data           1  fonts.o(.data)
    .data                                    0x2000002c   Section        4  bsp_spi_flash.o(.data)
    SPITimeout                               0x2000002c   Data           4  bsp_spi_flash.o(.data)
    .data                                    0x20000030   Section      280  menu.o(.data)
    .data                                    0x20000148   Section        2  menu.o(.data)
    scan_status                              0x20000148   Data           1  menu.o(.data)
    menu_key                                 0x20000149   Data           1  menu.o(.data)
    .data                                    0x2000014c   Section        4  global.o(.data)
    .data                                    0x20000150   Section        4  global.o(.data)
    .data                                    0x20000154   Section        4  global.o(.data)
    .data                                    0x20000158   Section        4  global.o(.data)
    .data                                    0x2000015c   Section        4  global.o(.data)
    .data                                    0x20000160   Section        4  global.o(.data)
    .data                                    0x20000164   Section        4  global.o(.data)
    .data                                    0x20000168   Section        4  global.o(.data)
    .data                                    0x2000016c   Section        4  global.o(.data)
    .data                                    0x20000170   Section       20  stm32f10x_rcc.o(.data)
    ADCPrescTable                            0x20000170   Data           4  stm32f10x_rcc.o(.data)
    APBAHBPrescTable                         0x20000174   Data          16  stm32f10x_rcc.o(.data)
    .data                                    0x20000184   Section       64  tasks.o(.data)
    uxDeletedTasksWaitingCleanUp             0x20000188   Data           4  tasks.o(.data)
    uxCurrentNumberOfTasks                   0x2000018c   Data           4  tasks.o(.data)
    xTickCount                               0x20000190   Data           4  tasks.o(.data)
    uxTopReadyPriority                       0x20000194   Data           4  tasks.o(.data)
    xSchedulerRunning                        0x20000198   Data           4  tasks.o(.data)
    xPendedTicks                             0x2000019c   Data           4  tasks.o(.data)
    xYieldPending                            0x200001a0   Data           4  tasks.o(.data)
    xNumOfOverflows                          0x200001a4   Data           4  tasks.o(.data)
    uxTaskNumber                             0x200001a8   Data           4  tasks.o(.data)
    xNextTaskUnblockTime                     0x200001ac   Data           4  tasks.o(.data)
    xIdleTaskHandle                          0x200001b0   Data           4  tasks.o(.data)
    uxSchedulerSuspended                     0x200001b8   Data           4  tasks.o(.data)
    pxDelayedTaskList                        0x200001bc   Data           4  tasks.o(.data)
    pxOverflowDelayedTaskList                0x200001c0   Data           4  tasks.o(.data)
    .data                                    0x200001c4   Section        4  port.o(.data)
    uxCriticalNesting                        0x200001c4   Data           4  port.o(.data)
    .data                                    0x200001c8   Section       28  heap_4.o(.data)
    pxEnd                                    0x200001c8   Data           4  heap_4.o(.data)
    xFreeBytesRemaining                      0x200001cc   Data           4  heap_4.o(.data)
    xMinimumEverFreeBytesRemaining           0x200001d0   Data           4  heap_4.o(.data)
    xNumberOfSuccessfulAllocations           0x200001d4   Data           4  heap_4.o(.data)
    xNumberOfSuccessfulFrees                 0x200001d8   Data           4  heap_4.o(.data)
    xStart                                   0x200001dc   Data           8  heap_4.o(.data)
    .data                                    0x200001e4   Section        4  stdout.o(.data)
    .bss                                     0x200001e8   Section      200  tasks.o(.bss)
    pxReadyTasksLists                        0x200001e8   Data         100  tasks.o(.bss)
    xDelayedTaskList1                        0x2000024c   Data          20  tasks.o(.bss)
    xDelayedTaskList2                        0x20000260   Data          20  tasks.o(.bss)
    xPendingReadyList                        0x20000274   Data          20  tasks.o(.bss)
    xTasksWaitingTermination                 0x20000288   Data          20  tasks.o(.bss)
    xSuspendedTaskList                       0x2000029c   Data          20  tasks.o(.bss)
    .bss                                     0x200002b0   Section    17408  heap_4.o(.bss)
    ucHeap                                   0x200002b0   Data       17408  heap_4.o(.bss)
    STACK                                    0x200046b0   Section     1024  startup_stm32f10x_hd.o(STACK)

    Global Symbols

    Symbol Name                              Value     Ov Type        Size  Object(Section)

    BuildAttributes$$THM_ISAv4$P$D$K$B$S$PE$A:L22UL41UL21$X:L11$S22US41US21$IEEE1$IW$USESV6$~STKCKD$USESV7$~SHL$OTIME$ROPI$EBA8$MICROLIB$REQ8$PRES8$EABIv2 0x00000000   Number         0  anon$$obj.o ABSOLUTE
    __ARM_use_no_argv                        0x00000000   Number         0  main.o ABSOLUTE
    _printf_a                                0x00000000   Number         0  stubs.o ABSOLUTE
    _printf_c                                0x00000000   Number         0  stubs.o ABSOLUTE
    _printf_charcount                        0x00000000   Number         0  stubs.o ABSOLUTE
    _printf_d                                0x00000000   Number         0  stubs.o ABSOLUTE
    _printf_e                                0x00000000   Number         0  stubs.o ABSOLUTE
    _printf_f                                0x00000000   Number         0  stubs.o ABSOLUTE
    _printf_flags                            0x00000000   Number         0  stubs.o ABSOLUTE
    _printf_fp_dec                           0x00000000   Number         0  stubs.o ABSOLUTE
    _printf_fp_hex                           0x00000000   Number         0  stubs.o ABSOLUTE
    _printf_g                                0x00000000   Number         0  stubs.o ABSOLUTE
    _printf_i                                0x00000000   Number         0  stubs.o ABSOLUTE
    _printf_int_dec                          0x00000000   Number         0  stubs.o ABSOLUTE
    _printf_l                                0x00000000   Number         0  stubs.o ABSOLUTE
    _printf_lc                               0x00000000   Number         0  stubs.o ABSOLUTE
    _printf_ll                               0x00000000   Number         0  stubs.o ABSOLUTE
    _printf_lld                              0x00000000   Number         0  stubs.o ABSOLUTE
    _printf_lli                              0x00000000   Number         0  stubs.o ABSOLUTE
    _printf_llo                              0x00000000   Number         0  stubs.o ABSOLUTE
    _printf_llu                              0x00000000   Number         0  stubs.o ABSOLUTE
    _printf_llx                              0x00000000   Number         0  stubs.o ABSOLUTE
    _printf_longlong_dec                     0x00000000   Number         0  stubs.o ABSOLUTE
    _printf_longlong_hex                     0x00000000   Number         0  stubs.o ABSOLUTE
    _printf_longlong_oct                     0x00000000   Number         0  stubs.o ABSOLUTE
    _printf_ls                               0x00000000   Number         0  stubs.o ABSOLUTE
    _printf_mbtowc                           0x00000000   Number         0  stubs.o ABSOLUTE
    _printf_n                                0x00000000   Number         0  stubs.o ABSOLUTE
    _printf_o                                0x00000000   Number         0  stubs.o ABSOLUTE
    _printf_p                                0x00000000   Number         0  stubs.o ABSOLUTE
    _printf_percent                          0x00000000   Number         0  stubs.o ABSOLUTE
    _printf_pre_padding                      0x00000000   Number         0  stubs.o ABSOLUTE
    _printf_return_value                     0x00000000   Number         0  stubs.o ABSOLUTE
    _printf_s                                0x00000000   Number         0  stubs.o ABSOLUTE
    _printf_sizespec                         0x00000000   Number         0  stubs.o ABSOLUTE
    _printf_str                              0x00000000   Number         0  stubs.o ABSOLUTE
    _printf_truncate_signed                  0x00000000   Number         0  stubs.o ABSOLUTE
    _printf_truncate_unsigned                0x00000000   Number         0  stubs.o ABSOLUTE
    _printf_u                                0x00000000   Number         0  stubs.o ABSOLUTE
    _printf_wc                               0x00000000   Number         0  stubs.o ABSOLUTE
    _printf_wctomb                           0x00000000   Number         0  stubs.o ABSOLUTE
    _printf_widthprec                        0x00000000   Number         0  stubs.o ABSOLUTE
    _printf_x                                0x00000000   Number         0  stubs.o ABSOLUTE
    __cpp_initialize__aeabi_                  - Undefined Weak Reference
    __cxa_finalize                            - Undefined Weak Reference
    _clock_init                               - Undefined Weak Reference
    _microlib_exit                            - Undefined Weak Reference
    __Vectors_Size                           0x00000130   Number         0  startup_stm32f10x_hd.o ABSOLUTE
    __Vectors                                0x08000000   Data           4  startup_stm32f10x_hd.o(RESET)
    __Vectors_End                            0x08000130   Data           0  startup_stm32f10x_hd.o(RESET)
    __main                                   0x08000131   Thumb Code     0  entry.o(.ARM.Collect$$$$00000000)
    _main_stk                                0x08000131   Thumb Code     0  entry2.o(.ARM.Collect$$$$00000001)
    _main_scatterload                        0x08000135   Thumb Code     0  entry5.o(.ARM.Collect$$$$00000004)
    __main_after_scatterload                 0x08000139   Thumb Code     0  entry5.o(.ARM.Collect$$$$00000004)
    _main_clock                              0x08000139   Thumb Code     0  entry7b.o(.ARM.Collect$$$$00000008)
    _main_cpp_init                           0x08000139   Thumb Code     0  entry8b.o(.ARM.Collect$$$$0000000A)
    _main_init                               0x08000139   Thumb Code     0  entry9a.o(.ARM.Collect$$$$0000000B)
    __rt_final_cpp                           0x08000141   Thumb Code     0  entry10a.o(.ARM.Collect$$$$0000000D)
    __rt_final_exit                          0x08000141   Thumb Code     0  entry11a.o(.ARM.Collect$$$$0000000F)
    SVC_Handler                              0x08000145   Thumb Code    32  port.o(.emb_text)
    __asm___6_port_c_39a90d8d__prvStartFirstTask 0x08000169   Thumb Code    28  port.o(.emb_text)
    PendSV_Handler                           0x08000189   Thumb Code    72  port.o(.emb_text)
    vPortGetIPSR                             0x080001d5   Thumb Code     6  port.o(.emb_text)
    Reset_Handler                            0x080001dd   Thumb Code     8  startup_stm32f10x_hd.o(.text)
    ADC1_2_IRQHandler                        0x080001f7   Thumb Code     0  startup_stm32f10x_hd.o(.text)
    ADC3_IRQHandler                          0x080001f7   Thumb Code     0  startup_stm32f10x_hd.o(.text)
    CAN1_RX1_IRQHandler                      0x080001f7   Thumb Code     0  startup_stm32f10x_hd.o(.text)
    CAN1_SCE_IRQHandler                      0x080001f7   Thumb Code     0  startup_stm32f10x_hd.o(.text)
    DMA1_Channel1_IRQHandler                 0x080001f7   Thumb Code     0  startup_stm32f10x_hd.o(.text)
    DMA1_Channel2_IRQHandler                 0x080001f7   Thumb Code     0  startup_stm32f10x_hd.o(.text)
    DMA1_Channel3_IRQHandler                 0x080001f7   Thumb Code     0  startup_stm32f10x_hd.o(.text)
    DMA1_Channel4_IRQHandler                 0x080001f7   Thumb Code     0  startup_stm32f10x_hd.o(.text)
    DMA1_Channel5_IRQHandler                 0x080001f7   Thumb Code     0  startup_stm32f10x_hd.o(.text)
    DMA1_Channel6_IRQHandler                 0x080001f7   Thumb Code     0  startup_stm32f10x_hd.o(.text)
    DMA1_Channel7_IRQHandler                 0x080001f7   Thumb Code     0  startup_stm32f10x_hd.o(.text)
    DMA2_Channel1_IRQHandler                 0x080001f7   Thumb Code     0  startup_stm32f10x_hd.o(.text)
    DMA2_Channel2_IRQHandler                 0x080001f7   Thumb Code     0  startup_stm32f10x_hd.o(.text)
    DMA2_Channel3_IRQHandler                 0x080001f7   Thumb Code     0  startup_stm32f10x_hd.o(.text)
    DMA2_Channel4_5_IRQHandler               0x080001f7   Thumb Code     0  startup_stm32f10x_hd.o(.text)
    EXTI0_IRQHandler                         0x080001f7   Thumb Code     0  startup_stm32f10x_hd.o(.text)
    EXTI15_10_IRQHandler                     0x080001f7   Thumb Code     0  startup_stm32f10x_hd.o(.text)
    EXTI1_IRQHandler                         0x080001f7   Thumb Code     0  startup_stm32f10x_hd.o(.text)
    EXTI2_IRQHandler                         0x080001f7   Thumb Code     0  startup_stm32f10x_hd.o(.text)
    EXTI3_IRQHandler                         0x080001f7   Thumb Code     0  startup_stm32f10x_hd.o(.text)
    EXTI4_IRQHandler                         0x080001f7   Thumb Code     0  startup_stm32f10x_hd.o(.text)
    EXTI9_5_IRQHandler                       0x080001f7   Thumb Code     0  startup_stm32f10x_hd.o(.text)
    FLASH_IRQHandler                         0x080001f7   Thumb Code     0  startup_stm32f10x_hd.o(.text)
    FSMC_IRQHandler                          0x080001f7   Thumb Code     0  startup_stm32f10x_hd.o(.text)
    I2C1_ER_IRQHandler                       0x080001f7   Thumb Code     0  startup_stm32f10x_hd.o(.text)
    I2C1_EV_IRQHandler                       0x080001f7   Thumb Code     0  startup_stm32f10x_hd.o(.text)
    I2C2_ER_IRQHandler                       0x080001f7   Thumb Code     0  startup_stm32f10x_hd.o(.text)
    I2C2_EV_IRQHandler                       0x080001f7   Thumb Code     0  startup_stm32f10x_hd.o(.text)
    PVD_IRQHandler                           0x080001f7   Thumb Code     0  startup_stm32f10x_hd.o(.text)
    RCC_IRQHandler                           0x080001f7   Thumb Code     0  startup_stm32f10x_hd.o(.text)
    RTCAlarm_IRQHandler                      0x080001f7   Thumb Code     0  startup_stm32f10x_hd.o(.text)
    SDIO_IRQHandler                          0x080001f7   Thumb Code     0  startup_stm32f10x_hd.o(.text)
    SPI1_IRQHandler                          0x080001f7   Thumb Code     0  startup_stm32f10x_hd.o(.text)
    SPI2_IRQHandler                          0x080001f7   Thumb Code     0  startup_stm32f10x_hd.o(.text)
    SPI3_IRQHandler                          0x080001f7   Thumb Code     0  startup_stm32f10x_hd.o(.text)
    TAMPER_IRQHandler                        0x080001f7   Thumb Code     0  startup_stm32f10x_hd.o(.text)
    TIM1_BRK_IRQHandler                      0x080001f7   Thumb Code     0  startup_stm32f10x_hd.o(.text)
    TIM1_CC_IRQHandler                       0x080001f7   Thumb Code     0  startup_stm32f10x_hd.o(.text)
    TIM1_TRG_COM_IRQHandler                  0x080001f7   Thumb Code     0  startup_stm32f10x_hd.o(.text)
    TIM1_UP_IRQHandler                       0x080001f7   Thumb Code     0  startup_stm32f10x_hd.o(.text)
    TIM2_IRQHandler                          0x080001f7   Thumb Code     0  startup_stm32f10x_hd.o(.text)
    TIM3_IRQHandler                          0x080001f7   Thumb Code     0  startup_stm32f10x_hd.o(.text)
    TIM4_IRQHandler                          0x080001f7   Thumb Code     0  startup_stm32f10x_hd.o(.text)
    TIM5_IRQHandler                          0x080001f7   Thumb Code     0  startup_stm32f10x_hd.o(.text)
    TIM6_IRQHandler                          0x080001f7   Thumb Code     0  startup_stm32f10x_hd.o(.text)
    TIM7_IRQHandler                          0x080001f7   Thumb Code     0  startup_stm32f10x_hd.o(.text)
    TIM8_BRK_IRQHandler                      0x080001f7   Thumb Code     0  startup_stm32f10x_hd.o(.text)
    TIM8_CC_IRQHandler                       0x080001f7   Thumb Code     0  startup_stm32f10x_hd.o(.text)
    TIM8_TRG_COM_IRQHandler                  0x080001f7   Thumb Code     0  startup_stm32f10x_hd.o(.text)
    TIM8_UP_IRQHandler                       0x080001f7   Thumb Code     0  startup_stm32f10x_hd.o(.text)
    UART4_IRQHandler                         0x080001f7   Thumb Code     0  startup_stm32f10x_hd.o(.text)
    UART5_IRQHandler                         0x080001f7   Thumb Code     0  startup_stm32f10x_hd.o(.text)
    USART1_IRQHandler                        0x080001f7   Thumb Code     0  startup_stm32f10x_hd.o(.text)
    USART2_IRQHandler                        0x080001f7   Thumb Code     0  startup_stm32f10x_hd.o(.text)
    USART3_IRQHandler                        0x080001f7   Thumb Code     0  startup_stm32f10x_hd.o(.text)
    USBWakeUp_IRQHandler                     0x080001f7   Thumb Code     0  startup_stm32f10x_hd.o(.text)
    USB_HP_CAN1_TX_IRQHandler                0x080001f7   Thumb Code     0  startup_stm32f10x_hd.o(.text)
    USB_LP_CAN1_RX0_IRQHandler               0x080001f7   Thumb Code     0  startup_stm32f10x_hd.o(.text)
    WWDG_IRQHandler                          0x080001f7   Thumb Code     0  startup_stm32f10x_hd.o(.text)
    __aeabi_memcpy                           0x08000201   Thumb Code    36  memcpya.o(.text)
    __aeabi_memcpy4                          0x08000201   Thumb Code     0  memcpya.o(.text)
    __aeabi_memcpy8                          0x08000201   Thumb Code     0  memcpya.o(.text)
    __aeabi_memset                           0x08000225   Thumb Code    14  memseta.o(.text)
    __aeabi_memset4                          0x08000225   Thumb Code     0  memseta.o(.text)
    __aeabi_memset8                          0x08000225   Thumb Code     0  memseta.o(.text)
    __aeabi_memclr                           0x08000233   Thumb Code     4  memseta.o(.text)
    __aeabi_memclr4                          0x08000233   Thumb Code     0  memseta.o(.text)
    __aeabi_memclr8                          0x08000233   Thumb Code     0  memseta.o(.text)
    _memset$wrapper                          0x08000237   Thumb Code    18  memseta.o(.text)
    __aeabi_dadd                             0x08000249   Thumb Code   322  dadd.o(.text)
    __aeabi_dsub                             0x0800038b   Thumb Code     6  dadd.o(.text)
    __aeabi_drsub                            0x08000391   Thumb Code     6  dadd.o(.text)
    __aeabi_dmul                             0x08000397   Thumb Code   228  dmul.o(.text)
    __aeabi_ddiv                             0x0800047b   Thumb Code   222  ddiv.o(.text)
    __aeabi_ui2d                             0x08000559   Thumb Code    26  dfltui.o(.text)
    __aeabi_f2d                              0x08000573   Thumb Code    38  f2d.o(.text)
    __aeabi_d2f                              0x08000599   Thumb Code    56  d2f.o(.text)
    __aeabi_uidiv                            0x080005d1   Thumb Code     0  uidiv.o(.text)
    __aeabi_uidivmod                         0x080005d1   Thumb Code    44  uidiv.o(.text)
    __aeabi_uldivmod                         0x080005fd   Thumb Code    98  uldiv.o(.text)
    __aeabi_llsl                             0x0800065f   Thumb Code    30  llshl.o(.text)
    _ll_shift_l                              0x0800065f   Thumb Code     0  llshl.o(.text)
    __aeabi_lasr                             0x0800067d   Thumb Code    36  llsshr.o(.text)
    _ll_sshift_r                             0x0800067d   Thumb Code     0  llsshr.o(.text)
    __I$use$fp                               0x080006a1   Thumb Code     0  iusefp.o(.text)
    _float_round                             0x080006a1   Thumb Code    18  fepilogue.o(.text)
    _float_epilogue                          0x080006b3   Thumb Code    92  fepilogue.o(.text)
    _double_round                            0x0800070f   Thumb Code    30  depilogue.o(.text)
    _double_epilogue                         0x0800072d   Thumb Code   156  depilogue.o(.text)
    __aeabi_d2ulz                            0x080007c9   Thumb Code    48  dfixul.o(.text)
    __aeabi_cdrcmple                         0x080007f9   Thumb Code    48  cdrcmple.o(.text)
    __scatterload                            0x08000829   Thumb Code    28  init.o(.text)
    __scatterload_rt2                        0x08000829   Thumb Code     0  init.o(.text)
    __aeabi_llsr                             0x0800084d   Thumb Code    32  llushr.o(.text)
    _ll_ushift_r                             0x0800084d   Thumb Code     0  llushr.o(.text)
    __decompress                             0x0800086d   Thumb Code     0  __dczerorl2.o(.text)
    __decompress1                            0x0800086d   Thumb Code    86  __dczerorl2.o(.text)
    ADC_Cmd                                  0x080008c3   Thumb Code    24  stm32f10x_adc.o(i.ADC_Cmd)
    ADC_DMACmd                               0x080008db   Thumb Code    24  stm32f10x_adc.o(i.ADC_DMACmd)
    ADC_GetCalibrationStatus                 0x080008f3   Thumb Code    14  stm32f10x_adc.o(i.ADC_GetCalibrationStatus)
    ADC_GetResetCalibrationStatus            0x08000901   Thumb Code    14  stm32f10x_adc.o(i.ADC_GetResetCalibrationStatus)
    ADC_Init                                 0x08000911   Thumb Code    62  stm32f10x_adc.o(i.ADC_Init)
    ADC_RegularChannelConfig                 0x08000959   Thumb Code   116  stm32f10x_adc.o(i.ADC_RegularChannelConfig)
    ADC_ResetCalibration                     0x080009cd   Thumb Code    10  stm32f10x_adc.o(i.ADC_ResetCalibration)
    ADC_SoftwareStartConvCmd                 0x080009d7   Thumb Code    24  stm32f10x_adc.o(i.ADC_SoftwareStartConvCmd)
    ADC_StartCalibration                     0x080009ef   Thumb Code    10  stm32f10x_adc.o(i.ADC_StartCalibration)
    ADC_TempSensorVrefintCmd                 0x080009f9   Thumb Code    26  stm32f10x_adc.o(i.ADC_TempSensorVrefintCmd)
    BusFault_Handler                         0x08000ad5   Thumb Code     2  stm32f10x_it.o(i.BusFault_Handler)
    DMA_Cmd                                  0x08000ad7   Thumb Code    26  stm32f10x_dma.o(i.DMA_Cmd)
    DMA_DeInit                               0x08000af1   Thumb Code   238  stm32f10x_dma.o(i.DMA_DeInit)
    DMA_Init                                 0x08000be9   Thumb Code    58  stm32f10x_dma.o(i.DMA_Init)
    DebugMon_Handler                         0x08000c23   Thumb Code     2  stm32f10x_it.o(i.DebugMon_Handler)
    FSMC_NORSRAMCmd                          0x08000c25   Thumb Code    30  stm32f10x_fsmc.o(i.FSMC_NORSRAMCmd)
    FSMC_NORSRAMInit                         0x08000c49   Thumb Code   202  stm32f10x_fsmc.o(i.FSMC_NORSRAMInit)
    GPIO_Init                                0x08000d13   Thumb Code   166  stm32f10x_gpio.o(i.GPIO_Init)
    GPIO_Key_Iint                            0x08000db9   Thumb Code    48  module_key.o(i.GPIO_Key_Iint)
    GPIO_LED_Config                          0x08000df1   Thumb Code    92  module_led.o(i.GPIO_LED_Config)
    GPIO_ReadInputDataBit                    0x08000e51   Thumb Code    14  stm32f10x_gpio.o(i.GPIO_ReadInputDataBit)
    GPIO_ResetBits                           0x08000e5f   Thumb Code     4  stm32f10x_gpio.o(i.GPIO_ResetBits)
    GPIO_SetBits                             0x08000e63   Thumb Code     4  stm32f10x_gpio.o(i.GPIO_SetBits)
    GetGBKCode_from_EXFlash                  0x08000e69   Thumb Code    68  fonts.o(i.GetGBKCode_from_EXFlash)
    Get_Chip_Temperature                     0x08000ee5   Thumb Code    60  module_adc.o(i.Get_Chip_Temperature)
    Get_Voltage                              0x08000f3d   Thumb Code    28  module_adc.o(i.Get_Voltage)
    HardFault_Handler                        0x08000f61   Thumb Code     2  stm32f10x_it.o(i.HardFault_Handler)
    ILI9341_BackLed_Control                  0x08000f65   Thumb Code    22  bsp_ili9341_lcd.o(i.ILI9341_BackLed_Control)
    ILI9341_Clear                            0x08000f81   Thumb Code    30  bsp_ili9341_lcd.o(i.ILI9341_Clear)
    ILI9341_DispChar_CH                      0x08000fb9   Thumb Code   108  bsp_ili9341_lcd.o(i.ILI9341_DispChar_CH)
    ILI9341_DispChar_EN                      0x08001029   Thumb Code   100  bsp_ili9341_lcd.o(i.ILI9341_DispChar_EN)
    ILI9341_DispStringLine_EN_CH             0x08001091   Thumb Code   136  bsp_ili9341_lcd.o(i.ILI9341_DispStringLine_EN_CH)
    ILI9341_DispString_EN_CH                 0x0800111d   Thumb Code   136  bsp_ili9341_lcd.o(i.ILI9341_DispString_EN_CH)
    ILI9341_GramScan                         0x08001399   Thumb Code   104  bsp_ili9341_lcd.o(i.ILI9341_GramScan)
    ILI9341_Init                             0x08001405   Thumb Code    36  bsp_ili9341_lcd.o(i.ILI9341_Init)
    ILI9341_OpenWindow                       0x0800142d   Thumb Code    60  bsp_ili9341_lcd.o(i.ILI9341_OpenWindow)
    ILI9341_Rst                              0x080015e1   Thumb Code    44  bsp_ili9341_lcd.o(i.ILI9341_Rst)
    Key_Read                                 0x08001691   Thumb Code   110  module_key.o(i.Key_Read)
    LCD_GetFont                              0x08001705   Thumb Code     6  bsp_ili9341_lcd.o(i.LCD_GetFont)
    LCD_SetColors                            0x08001711   Thumb Code     8  bsp_ili9341_lcd.o(i.LCD_SetColors)
    LCD_SetFont                              0x0800171d   Thumb Code     6  bsp_ili9341_lcd.o(i.LCD_SetFont)
    MemManage_Handler                        0x08001729   Thumb Code     2  stm32f10x_it.o(i.MemManage_Handler)
    NMI_Handler                              0x0800172b   Thumb Code     2  stm32f10x_it.o(i.NMI_Handler)
    NVIC_PriorityGroupConfig                 0x0800172d   Thumb Code    10  misc.o(i.NVIC_PriorityGroupConfig)
    NVIC_SetVectorTable                      0x08001741   Thumb Code    12  misc.o(i.NVIC_SetVectorTable)
    RCC_ADCCLKConfig                         0x08001755   Thumb Code    14  stm32f10x_rcc.o(i.RCC_ADCCLKConfig)
    RCC_AHBPeriphClockCmd                    0x08001769   Thumb Code    22  stm32f10x_rcc.o(i.RCC_AHBPeriphClockCmd)
    RCC_APB1PeriphClockCmd                   0x08001785   Thumb Code    22  stm32f10x_rcc.o(i.RCC_APB1PeriphClockCmd)
    RCC_APB2PeriphClockCmd                   0x080017a1   Thumb Code    22  stm32f10x_rcc.o(i.RCC_APB2PeriphClockCmd)
    RCC_DeInit                               0x080017bd   Thumb Code    50  stm32f10x_rcc.o(i.RCC_DeInit)
    RCC_GetClocksFreq                        0x080017fd   Thumb Code   154  stm32f10x_rcc.o(i.RCC_GetClocksFreq)
    RCC_GetFlagStatus                        0x080018a9   Thumb Code    42  stm32f10x_rcc.o(i.RCC_GetFlagStatus)
    RCC_GetSYSCLKSource                      0x080018d9   Thumb Code    10  stm32f10x_rcc.o(i.RCC_GetSYSCLKSource)
    RCC_HCLKConfig                           0x080018e9   Thumb Code    14  stm32f10x_rcc.o(i.RCC_HCLKConfig)
    RCC_HSEConfig                            0x080018fd   Thumb Code    50  stm32f10x_rcc.o(i.RCC_HSEConfig)
    RCC_PCLK1Config                          0x08001935   Thumb Code    14  stm32f10x_rcc.o(i.RCC_PCLK1Config)
    RCC_PCLK2Config                          0x08001949   Thumb Code    16  stm32f10x_rcc.o(i.RCC_PCLK2Config)
    RCC_PLLCmd                               0x0800195d   Thumb Code     6  stm32f10x_rcc.o(i.RCC_PLLCmd)
    RCC_PLLConfig                            0x08001969   Thumb Code    16  stm32f10x_rcc.o(i.RCC_PLLConfig)
    RCC_SYSCLKConfig                         0x0800197d   Thumb Code    14  stm32f10x_rcc.o(i.RCC_SYSCLKConfig)
    RTC_ClearITPendingBit                    0x08001991   Thumb Code    10  stm32f10x_rtc.o(i.RTC_ClearITPendingBit)
    RTC_GetCounter                           0x080019a1   Thumb Code    16  stm32f10x_rtc.o(i.RTC_GetCounter)
    RTC_GetITStatus                          0x080019b5   Thumb Code    28  stm32f10x_rtc.o(i.RTC_GetITStatus)
    RTC_IRQHandler                           0x080019d5   Thumb Code    60  stm32f10x_it.o(i.RTC_IRQHandler)
    RTC_WaitForLastTask                      0x08001a19   Thumb Code    10  stm32f10x_rtc.o(i.RTC_WaitForLastTask)
    SPI_Cmd                                  0x08001a29   Thumb Code    24  stm32f10x_spi.o(i.SPI_Cmd)
    SPI_FLASH_BufferRead                     0x08001a41   Thumb Code    78  bsp_spi_flash.o(i.SPI_FLASH_BufferRead)
    SPI_FLASH_Init                           0x08001a95   Thumb Code   176  bsp_spi_flash.o(i.SPI_FLASH_Init)
    SPI_FLASH_SendByte                       0x08001b4d   Thumb Code   102  bsp_spi_flash.o(i.SPI_FLASH_SendByte)
    SPI_I2S_GetFlagStatus                    0x08001bbd   Thumb Code    14  stm32f10x_spi.o(i.SPI_I2S_GetFlagStatus)
    SPI_I2S_ReceiveData                      0x08001bcb   Thumb Code     4  stm32f10x_spi.o(i.SPI_I2S_ReceiveData)
    SPI_I2S_SendData                         0x08001bcf   Thumb Code     4  stm32f10x_spi.o(i.SPI_I2S_SendData)
    SPI_Init                                 0x08001bd3   Thumb Code    56  stm32f10x_spi.o(i.SPI_Init)
    SysTick_CLKSourceConfig                  0x08001d01   Thumb Code    28  misc.o(i.SysTick_CLKSourceConfig)
    SysTick_Handler                          0x08001d1d   Thumb Code    38  port.o(i.SysTick_Handler)
    SystemInit                               0x08001d49   Thumb Code    64  system_stm32f10x.o(i.SystemInit)
    USART_Cmd                                0x08001d99   Thumb Code    24  stm32f10x_usart.o(i.USART_Cmd)
    USART_Config                             0x08001db1   Thumb Code   122  module_usart.o(i.USART_Config)
    USART_GetFlagStatus                      0x08001e35   Thumb Code    14  stm32f10x_usart.o(i.USART_GetFlagStatus)
    USART_Init                               0x08001e45   Thumb Code   182  stm32f10x_usart.o(i.USART_Init)
    USART_SendData                           0x08001f01   Thumb Code     8  stm32f10x_usart.o(i.USART_SendData)
    UsageFault_Handler                       0x08001f09   Thumb Code     2  stm32f10x_it.o(i.UsageFault_Handler)
    __0printf                                0x08001f0d   Thumb Code    22  printfa.o(i.__0printf)
    __1printf                                0x08001f0d   Thumb Code     0  printfa.o(i.__0printf)
    __2printf                                0x08001f0d   Thumb Code     0  printfa.o(i.__0printf)
    __c89printf                              0x08001f0d   Thumb Code     0  printfa.o(i.__0printf)
    printf                                   0x08001f0d   Thumb Code     0  printfa.o(i.__0printf)
    __0sprintf                               0x08001f2d   Thumb Code    34  printfa.o(i.__0sprintf)
    __1sprintf                               0x08001f2d   Thumb Code     0  printfa.o(i.__0sprintf)
    __2sprintf                               0x08001f2d   Thumb Code     0  printfa.o(i.__0sprintf)
    __c89sprintf                             0x08001f2d   Thumb Code     0  printfa.o(i.__0sprintf)
    sprintf                                  0x08001f2d   Thumb Code     0  printfa.o(i.__0sprintf)
    __scatterload_copy                       0x08001f55   Thumb Code    14  handlers.o(i.__scatterload_copy)
    __scatterload_null                       0x08001f63   Thumb Code     2  handlers.o(i.__scatterload_null)
    __scatterload_zeroinit                   0x08001f65   Thumb Code    14  handlers.o(i.__scatterload_zeroinit)
    adc_Init                                 0x08002831   Thumb Code    18  module_adc.o(i.adc_Init)
    adc_task                                 0x08002845   Thumb Code    84  main.o(i.adc_task)
    alram_low                                0x0800289d   Thumb Code     2  menu.o(i.alram_low)
    alram_up                                 0x0800289f   Thumb Code     2  menu.o(i.alram_up)
    batu_set                                 0x080028a1   Thumb Code     2  menu.o(i.batu_set)
    btn_set                                  0x080028a3   Thumb Code     2  menu.o(i.btn_set)
    data                                     0x080028a5   Thumb Code     2  menu.o(i.data)
    dev_adress                               0x080028a7   Thumb Code     2  menu.o(i.dev_adress)
    devport_set                              0x080028a9   Thumb Code     2  menu.o(i.devport_set)
    fputc                                    0x08002909   Thumb Code    30  module_usart.o(i.fputc)
    history_data                             0x0800292d   Thumb Code     2  menu.o(i.history_data)
    ip_set                                   0x0800292f   Thumb Code     2  menu.o(i.ip_set)
    key_task                                 0x08002931   Thumb Code   126  main.o(i.key_task)
    lcd_Strinit                              0x080029d1   Thumb Code    48  menu.o(i.lcd_Strinit)
    led_task                                 0x08002a0d   Thumb Code   146  main.o(i.led_task)
    lg_set                                   0x08002aa5   Thumb Code     2  menu.o(i.lg_set)
    main                                     0x08002aa9   Thumb Code   110  main.o(i.main)
    main_menu                                0x08002b7d   Thumb Code   296  menu.o(i.main_menu)
    menu_task                                0x08002d3d   Thumb Code    22  main.o(i.menu_task)
    parity_set                               0x08002d5d   Thumb Code     2  menu.o(i.parity_set)
    pas_set                                  0x08002d5f   Thumb Code     2  menu.o(i.pas_set)
    password_menu                            0x08002d61   Thumb Code    64  menu.o(i.password_menu)
    pvPortMalloc                             0x080032e1   Thumb Code   154  heap_4.o(i.pvPortMalloc)
    pxPortInitialiseStack                    0x08003381   Thumb Code    24  port.o(i.pxPortInitialiseStack)
    rtc_task                                 0x0800339d   Thumb Code    68  main.o(i.rtc_task)
    second_menu1                             0x080033e9   Thumb Code   160  menu.o(i.second_menu1)
    second_menu2                             0x080034d5   Thumb Code   154  menu.o(i.second_menu2)
    second_menu3                             0x080035bd   Thumb Code   152  menu.o(i.second_menu3)
    second_menu4                             0x080036a1   Thumb Code   154  menu.o(i.second_menu4)
    second_menu5                             0x08003789   Thumb Code   152  menu.o(i.second_menu5)
    second_submenu1_1                        0x0800386d   Thumb Code     2  menu.o(i.second_submenu1_1)
    second_submenu1_2                        0x0800386f   Thumb Code     2  menu.o(i.second_submenu1_2)
    second_submenu1_3                        0x08003871   Thumb Code     2  menu.o(i.second_submenu1_3)
    second_submenu1_4                        0x08003873   Thumb Code     2  menu.o(i.second_submenu1_4)
    second_submenu2_1                        0x08003875   Thumb Code     2  menu.o(i.second_submenu2_1)
    second_submenu2_2                        0x08003877   Thumb Code     2  menu.o(i.second_submenu2_2)
    second_submenu3_1                        0x08003879   Thumb Code     2  menu.o(i.second_submenu3_1)
    second_submenu3_2                        0x0800387b   Thumb Code     2  menu.o(i.second_submenu3_2)
    second_submenu3_3                        0x0800387d   Thumb Code     2  menu.o(i.second_submenu3_3)
    second_submenu3_4                        0x0800387f   Thumb Code     2  menu.o(i.second_submenu3_4)
    second_submenu4_1                        0x08003881   Thumb Code     2  menu.o(i.second_submenu4_1)
    second_submenu4_2                        0x08003883   Thumb Code     2  menu.o(i.second_submenu4_2)
    second_submenu5_1                        0x08003885   Thumb Code     2  menu.o(i.second_submenu5_1)
    second_submenu5_2                        0x08003887   Thumb Code     2  menu.o(i.second_submenu5_2)
    stopbit_set                              0x08003889   Thumb Code     2  menu.o(i.stopbit_set)
    time_set                                 0x0800388b   Thumb Code     2  menu.o(i.time_set)
    uxListRemove                             0x0800388d   Thumb Code    38  list.o(i.uxListRemove)
    uxTaskGetNumberOfTasks                   0x080038b5   Thumb Code     6  tasks.o(i.uxTaskGetNumberOfTasks)
    vListInitialise                          0x080038c1   Thumb Code    22  list.o(i.vListInitialise)
    vListInitialiseItem                      0x080038d7   Thumb Code     6  list.o(i.vListInitialiseItem)
    vListInsert                              0x080038dd   Thumb Code    48  list.o(i.vListInsert)
    vListInsertEnd                           0x0800390d   Thumb Code    24  list.o(i.vListInsertEnd)
    vPortEnterCritical                       0x08003925   Thumb Code    24  port.o(i.vPortEnterCritical)
    vPortExitCritical                        0x08003941   Thumb Code    18  port.o(i.vPortExitCritical)
    vPortFree                                0x08003959   Thumb Code    64  heap_4.o(i.vPortFree)
    vPortSetupTimerInterrupt                 0x0800399d   Thumb Code    20  port.o(i.vPortSetupTimerInterrupt)
    vTaskDelete                              0x080039b5   Thumb Code   144  tasks.o(i.vTaskDelete)
    vTaskInternalSetTimeOutState             0x08003a51   Thumb Code    12  tasks.o(i.vTaskInternalSetTimeOutState)
    vTaskMissedYield                         0x08003a61   Thumb Code     8  tasks.o(i.vTaskMissedYield)
    vTaskPlaceOnEventList                    0x08003a6d   Thumb Code    26  tasks.o(i.vTaskPlaceOnEventList)
    vTaskStartScheduler                      0x08003a8d   Thumb Code    64  tasks.o(i.vTaskStartScheduler)
    vTaskSuspendAll                          0x08003add   Thumb Code    10  tasks.o(i.vTaskSuspendAll)
    vTaskSwitchContext                       0x08003aed   Thumb Code    64  tasks.o(i.vTaskSwitchContext)
    xPortStartScheduler                      0x08003b65   Thumb Code    38  port.o(i.xPortStartScheduler)
    xQueueGenericCreate                      0x08003b95   Thumb Code    64  queue.o(i.xQueueGenericCreate)
    xQueueGenericReset                       0x08003bd5   Thumb Code   142  queue.o(i.xQueueGenericReset)
    xQueueGenericSend                        0x08003c69   Thumb Code   244  queue.o(i.xQueueGenericSend)
    xQueueGiveFromISR                        0x08003d61   Thumb Code   102  queue.o(i.xQueueGiveFromISR)
    xQueueReceive                            0x08003dc9   Thumb Code   236  queue.o(i.xQueueReceive)
    xQueueSemaphoreTake                      0x08003eb9   Thumb Code   226  queue.o(i.xQueueSemaphoreTake)
    xTaskCheckForTimeOut                     0x08003fa1   Thumb Code    84  tasks.o(i.xTaskCheckForTimeOut)
    xTaskCreate                              0x08003ff9   Thumb Code   104  tasks.o(i.xTaskCreate)
    xTaskDelayUntil                          0x08004061   Thumb Code    84  tasks.o(i.xTaskDelayUntil)
    xTaskGenericNotify                       0x080040bd   Thumb Code   236  tasks.o(i.xTaskGenericNotify)
    xTaskGenericNotifyWait                   0x080041b5   Thumb Code   158  tasks.o(i.xTaskGenericNotifyWait)
    xTaskGetTickCount                        0x0800425d   Thumb Code     6  tasks.o(i.xTaskGetTickCount)
    xTaskIncrementTick                       0x08004269   Thumb Code   274  tasks.o(i.xTaskIncrementTick)
    xTaskRemoveFromEventList                 0x08004385   Thumb Code   192  tasks.o(i.xTaskRemoveFromEventList)
    xTaskResumeAll                           0x0800444d   Thumb Code   264  tasks.o(i.xTaskResumeAll)
    ASCII8x16_Table                          0x08004560   Data        1520  fonts.o(.constdata)
    Region$$Table$$Base                      0x08004b50   Number         0  anon$$obj.o(Region$$Table)
    Region$$Table$$Limit                     0x08004b70   Number         0  anon$$obj.o(Region$$Table)
    current_menu_index                       0x20000000   Data           1  main.o(.data)
    key_time                                 0x20000004   Data           1  module_key.o(.data)
    ADC_Buf                                  0x2000000a   Data           4  module_adc.o(.data)
    LCD_SCAN_MODE                            0x20000010   Data           1  bsp_ili9341_lcd.o(.data)
    LCD_X_LENGTH                             0x20000012   Data           2  bsp_ili9341_lcd.o(.data)
    LCD_Y_LENGTH                             0x20000014   Data           2  bsp_ili9341_lcd.o(.data)
    Font8x16                                 0x20000020   Data           8  fonts.o(.data)
    menu_table                               0x20000030   Data         280  menu.o(.data)
    led_taskhandle                           0x2000014c   Data           4  global.o(.data)
    key_taskhandle                           0x20000150   Data           4  global.o(.data)
    adc_taskhandle                           0x20000154   Data           4  global.o(.data)
    menu_taskhandle                          0x20000158   Data           4  global.o(.data)
    rtc_taskhandle                           0x2000015c   Data           4  global.o(.data)
    key_queuehandle                          0x20000160   Data           4  global.o(.data)
    adc_queuehandle                          0x20000164   Data           4  global.o(.data)
    rtc_queuehandle                          0x20000168   Data           4  global.o(.data)
    rtc_semaphorehandle                      0x2000016c   Data           4  global.o(.data)
    pxCurrentTCB                             0x20000184   Data           4  tasks.o(.data)
    uxTopUsedPriority                        0x200001b4   Data           4  tasks.o(.data)
    __stdout                                 0x200001e4   Data           4  stdout.o(.data)
    __initial_sp                             0x20004ab0   Data           0  startup_stm32f10x_hd.o(STACK)



==============================================================================

Memory Map of the image

  Image Entry point : 0x08000131

  Load Region LR_IROM1 (Base: 0x08000000, Size: 0x00004d58, Max: 0x00080000, ABSOLUTE, COMPRESSED[0x00004c60])

    Execution Region ER_IROM1 (Exec base: 0x08000000, Load base: 0x08000000, Size: 0x00004b70, Max: 0x00080000, ABSOLUTE)

    Exec Addr    Load Addr    Size         Type   Attr      Idx    E Section Name        Object

    0x08000000   0x08000000   0x00000130   Data   RO            3    RESET               startup_stm32f10x_hd.o
    0x08000130   0x08000130   0x00000000   Code   RO         5271  * .ARM.Collect$$$$00000000  mc_w.l(entry.o)
    0x08000130   0x08000130   0x00000004   Code   RO         5553    .ARM.Collect$$$$00000001  mc_w.l(entry2.o)
    0x08000134   0x08000134   0x00000004   Code   RO         5556    .ARM.Collect$$$$00000004  mc_w.l(entry5.o)
    0x08000138   0x08000138   0x00000000   Code   RO         5558    .ARM.Collect$$$$00000008  mc_w.l(entry7b.o)
    0x08000138   0x08000138   0x00000000   Code   RO         5560    .ARM.Collect$$$$0000000A  mc_w.l(entry8b.o)
    0x08000138   0x08000138   0x00000008   Code   RO         5561    .ARM.Collect$$$$0000000B  mc_w.l(entry9a.o)
    0x08000140   0x08000140   0x00000000   Code   RO         5563    .ARM.Collect$$$$0000000D  mc_w.l(entry10a.o)
    0x08000140   0x08000140   0x00000000   Code   RO         5565    .ARM.Collect$$$$0000000F  mc_w.l(entry11a.o)
    0x08000140   0x08000140   0x00000004   Code   RO         5554    .ARM.Collect$$$$00002712  mc_w.l(entry2.o)
    0x08000144   0x08000144   0x00000096   Code   RO         5139    .emb_text           port.o
    0x080001da   0x080001da   0x00000002   PAD
    0x080001dc   0x080001dc   0x00000024   Code   RO            4    .text               startup_stm32f10x_hd.o
    0x08000200   0x08000200   0x00000024   Code   RO         5274    .text               mc_w.l(memcpya.o)
    0x08000224   0x08000224   0x00000024   Code   RO         5276    .text               mc_w.l(memseta.o)
    0x08000248   0x08000248   0x0000014e   Code   RO         5541    .text               mf_w.l(dadd.o)
    0x08000396   0x08000396   0x000000e4   Code   RO         5543    .text               mf_w.l(dmul.o)
    0x0800047a   0x0800047a   0x000000de   Code   RO         5545    .text               mf_w.l(ddiv.o)
    0x08000558   0x08000558   0x0000001a   Code   RO         5547    .text               mf_w.l(dfltui.o)
    0x08000572   0x08000572   0x00000026   Code   RO         5549    .text               mf_w.l(f2d.o)
    0x08000598   0x08000598   0x00000038   Code   RO         5551    .text               mf_w.l(d2f.o)
    0x080005d0   0x080005d0   0x0000002c   Code   RO         5568    .text               mc_w.l(uidiv.o)
    0x080005fc   0x080005fc   0x00000062   Code   RO         5570    .text               mc_w.l(uldiv.o)
    0x0800065e   0x0800065e   0x0000001e   Code   RO         5572    .text               mc_w.l(llshl.o)
    0x0800067c   0x0800067c   0x00000024   Code   RO         5574    .text               mc_w.l(llsshr.o)
    0x080006a0   0x080006a0   0x00000000   Code   RO         5576    .text               mc_w.l(iusefp.o)
    0x080006a0   0x080006a0   0x0000006e   Code   RO         5577    .text               mf_w.l(fepilogue.o)
    0x0800070e   0x0800070e   0x000000ba   Code   RO         5579    .text               mf_w.l(depilogue.o)
    0x080007c8   0x080007c8   0x00000030   Code   RO         5581    .text               mf_w.l(dfixul.o)
    0x080007f8   0x080007f8   0x00000030   Code   RO         5583    .text               mf_w.l(cdrcmple.o)
    0x08000828   0x08000828   0x00000024   Code   RO         5585    .text               mc_w.l(init.o)
    0x0800084c   0x0800084c   0x00000020   Code   RO         5587    .text               mc_w.l(llushr.o)
    0x0800086c   0x0800086c   0x00000056   Code   RO         5597    .text               mc_w.l(__dczerorl2.o)
    0x080008c2   0x080008c2   0x00000018   Code   RO         1442    i.ADC_Cmd           stm32f10x_adc.o
    0x080008da   0x080008da   0x00000018   Code   RO         1443    i.ADC_DMACmd        stm32f10x_adc.o
    0x080008f2   0x080008f2   0x0000000e   Code   RO         1450    i.ADC_GetCalibrationStatus  stm32f10x_adc.o
    0x08000900   0x08000900   0x0000000e   Code   RO         1456    i.ADC_GetResetCalibrationStatus  stm32f10x_adc.o
    0x0800090e   0x0800090e   0x00000002   PAD
    0x08000910   0x08000910   0x00000048   Code   RO         1460    i.ADC_Init          stm32f10x_adc.o
    0x08000958   0x08000958   0x00000074   Code   RO         1464    i.ADC_RegularChannelConfig  stm32f10x_adc.o
    0x080009cc   0x080009cc   0x0000000a   Code   RO         1465    i.ADC_ResetCalibration  stm32f10x_adc.o
    0x080009d6   0x080009d6   0x00000018   Code   RO         1467    i.ADC_SoftwareStartConvCmd  stm32f10x_adc.o
    0x080009ee   0x080009ee   0x0000000a   Code   RO         1469    i.ADC_StartCalibration  stm32f10x_adc.o
    0x080009f8   0x080009f8   0x00000020   Code   RO         1471    i.ADC_TempSensorVrefintCmd  stm32f10x_adc.o
    0x08000a18   0x08000a18   0x00000024   Code   RO          512    i.ADCxGPIO_Config   module_adc.o
    0x08000a3c   0x08000a3c   0x00000098   Code   RO          513    i.ADCx_Config       module_adc.o
    0x08000ad4   0x08000ad4   0x00000002   Code   RO          313    i.BusFault_Handler  stm32f10x_it.o
    0x08000ad6   0x08000ad6   0x0000001a   Code   RO         2211    i.DMA_Cmd           stm32f10x_dma.o
    0x08000af0   0x08000af0   0x000000f8   Code   RO         2212    i.DMA_DeInit        stm32f10x_dma.o
    0x08000be8   0x08000be8   0x0000003a   Code   RO         2217    i.DMA_Init          stm32f10x_dma.o
    0x08000c22   0x08000c22   0x00000002   Code   RO          314    i.DebugMon_Handler  stm32f10x_it.o
    0x08000c24   0x08000c24   0x00000024   Code   RO         2556    i.FSMC_NORSRAMCmd   stm32f10x_fsmc.o
    0x08000c48   0x08000c48   0x000000ca   Code   RO         2558    i.FSMC_NORSRAMInit  stm32f10x_fsmc.o
    0x08000d12   0x08000d12   0x000000a6   Code   RO         2683    i.GPIO_Init         stm32f10x_gpio.o
    0x08000db8   0x08000db8   0x00000038   Code   RO          466    i.GPIO_Key_Iint     module_key.o
    0x08000df0   0x08000df0   0x00000060   Code   RO          376    i.GPIO_LED_Config   module_led.o
    0x08000e50   0x08000e50   0x0000000e   Code   RO         2687    i.GPIO_ReadInputDataBit  stm32f10x_gpio.o
    0x08000e5e   0x08000e5e   0x00000004   Code   RO         2690    i.GPIO_ResetBits    stm32f10x_gpio.o
    0x08000e62   0x08000e62   0x00000004   Code   RO         2691    i.GPIO_SetBits      stm32f10x_gpio.o
    0x08000e66   0x08000e66   0x00000002   PAD
    0x08000e68   0x08000e68   0x0000004c   Code   RO          828    i.GetGBKCode_from_EXFlash  fonts.o
    0x08000eb4   0x08000eb4   0x00000030   Code   RO          467    i.GetPort_Value     module_key.o
    0x08000ee4   0x08000ee4   0x00000058   Code   RO          514    i.Get_Chip_Temperature  module_adc.o
    0x08000f3c   0x08000f3c   0x00000024   Code   RO          515    i.Get_Voltage       module_adc.o
    0x08000f60   0x08000f60   0x00000002   Code   RO          315    i.HardFault_Handler  stm32f10x_it.o
    0x08000f62   0x08000f62   0x00000002   PAD
    0x08000f64   0x08000f64   0x0000001c   Code   RO          569    i.ILI9341_BackLed_Control  bsp_ili9341_lcd.o
    0x08000f80   0x08000f80   0x00000024   Code   RO          570    i.ILI9341_Clear     bsp_ili9341_lcd.o
    0x08000fa4   0x08000fa4   0x00000012   Code   RO          571    i.ILI9341_Delay     bsp_ili9341_lcd.o
    0x08000fb6   0x08000fb6   0x00000002   PAD
    0x08000fb8   0x08000fb8   0x00000070   Code   RO          572    i.ILI9341_DispChar_CH  bsp_ili9341_lcd.o
    0x08001028   0x08001028   0x00000068   Code   RO          573    i.ILI9341_DispChar_EN  bsp_ili9341_lcd.o
    0x08001090   0x08001090   0x0000008c   Code   RO          575    i.ILI9341_DispStringLine_EN_CH  bsp_ili9341_lcd.o
    0x0800111c   0x0800111c   0x0000008c   Code   RO          578    i.ILI9341_DispString_EN_CH  bsp_ili9341_lcd.o
    0x080011a8   0x080011a8   0x0000005a   Code   RO          587    i.ILI9341_FSMC_Config  bsp_ili9341_lcd.o
    0x08001202   0x08001202   0x0000001c   Code   RO          588    i.ILI9341_FillColor  bsp_ili9341_lcd.o
    0x0800121e   0x0800121e   0x00000002   PAD
    0x08001220   0x08001220   0x00000178   Code   RO          589    i.ILI9341_GPIO_Config  bsp_ili9341_lcd.o
    0x08001398   0x08001398   0x0000006c   Code   RO          591    i.ILI9341_GramScan  bsp_ili9341_lcd.o
    0x08001404   0x08001404   0x00000028   Code   RO          592    i.ILI9341_Init      bsp_ili9341_lcd.o
    0x0800142c   0x0800142c   0x0000003c   Code   RO          593    i.ILI9341_OpenWindow  bsp_ili9341_lcd.o
    0x08001468   0x08001468   0x00000178   Code   RO          594    i.ILI9341_REG_Config  bsp_ili9341_lcd.o
    0x080015e0   0x080015e0   0x00000030   Code   RO          596    i.ILI9341_Rst       bsp_ili9341_lcd.o
    0x08001610   0x08001610   0x00000080   Code   RO          468    i.Key_Drive         module_key.o
    0x08001690   0x08001690   0x00000074   Code   RO          469    i.Key_Read          module_key.o
    0x08001704   0x08001704   0x0000000c   Code   RO          602    i.LCD_GetFont       bsp_ili9341_lcd.o
    0x08001710   0x08001710   0x0000000c   Code   RO          604    i.LCD_SetColors     bsp_ili9341_lcd.o
    0x0800171c   0x0800171c   0x0000000c   Code   RO          605    i.LCD_SetFont       bsp_ili9341_lcd.o
    0x08001728   0x08001728   0x00000002   Code   RO          316    i.MemManage_Handler  stm32f10x_it.o
    0x0800172a   0x0800172a   0x00000002   Code   RO          317    i.NMI_Handler       stm32f10x_it.o
    0x0800172c   0x0800172c   0x00000014   Code   RO         1389    i.NVIC_PriorityGroupConfig  misc.o
    0x08001740   0x08001740   0x00000014   Code   RO         1390    i.NVIC_SetVectorTable  misc.o
    0x08001754   0x08001754   0x00000014   Code   RO         3145    i.RCC_ADCCLKConfig  stm32f10x_rcc.o
    0x08001768   0x08001768   0x0000001c   Code   RO         3146    i.RCC_AHBPeriphClockCmd  stm32f10x_rcc.o
    0x08001784   0x08001784   0x0000001c   Code   RO         3147    i.RCC_APB1PeriphClockCmd  stm32f10x_rcc.o
    0x080017a0   0x080017a0   0x0000001c   Code   RO         3149    i.RCC_APB2PeriphClockCmd  stm32f10x_rcc.o
    0x080017bc   0x080017bc   0x00000040   Code   RO         3156    i.RCC_DeInit        stm32f10x_rcc.o
    0x080017fc   0x080017fc   0x000000ac   Code   RO         3157    i.RCC_GetClocksFreq  stm32f10x_rcc.o
    0x080018a8   0x080018a8   0x00000030   Code   RO         3158    i.RCC_GetFlagStatus  stm32f10x_rcc.o
    0x080018d8   0x080018d8   0x00000010   Code   RO         3160    i.RCC_GetSYSCLKSource  stm32f10x_rcc.o
    0x080018e8   0x080018e8   0x00000014   Code   RO         3161    i.RCC_HCLKConfig    stm32f10x_rcc.o
    0x080018fc   0x080018fc   0x00000038   Code   RO         3162    i.RCC_HSEConfig     stm32f10x_rcc.o
    0x08001934   0x08001934   0x00000014   Code   RO         3168    i.RCC_PCLK1Config   stm32f10x_rcc.o
    0x08001948   0x08001948   0x00000014   Code   RO         3169    i.RCC_PCLK2Config   stm32f10x_rcc.o
    0x0800195c   0x0800195c   0x0000000c   Code   RO         3170    i.RCC_PLLCmd        stm32f10x_rcc.o
    0x08001968   0x08001968   0x00000014   Code   RO         3171    i.RCC_PLLConfig     stm32f10x_rcc.o
    0x0800197c   0x0800197c   0x00000014   Code   RO         3174    i.RCC_SYSCLKConfig  stm32f10x_rcc.o
    0x08001990   0x08001990   0x00000010   Code   RO         3358    i.RTC_ClearITPendingBit  stm32f10x_rtc.o
    0x080019a0   0x080019a0   0x00000014   Code   RO         3361    i.RTC_GetCounter    stm32f10x_rtc.o
    0x080019b4   0x080019b4   0x00000020   Code   RO         3364    i.RTC_GetITStatus   stm32f10x_rtc.o
    0x080019d4   0x080019d4   0x00000044   Code   RO          318    i.RTC_IRQHandler    stm32f10x_it.o
    0x08001a18   0x08001a18   0x00000010   Code   RO         3369    i.RTC_WaitForLastTask  stm32f10x_rtc.o
    0x08001a28   0x08001a28   0x00000018   Code   RO         3662    i.SPI_Cmd           stm32f10x_spi.o
    0x08001a40   0x08001a40   0x00000054   Code   RO          867    i.SPI_FLASH_BufferRead  bsp_spi_flash.o
    0x08001a94   0x08001a94   0x000000b8   Code   RO          870    i.SPI_FLASH_Init    bsp_spi_flash.o
    0x08001b4c   0x08001b4c   0x00000070   Code   RO          876    i.SPI_FLASH_SendByte  bsp_spi_flash.o
    0x08001bbc   0x08001bbc   0x0000000e   Code   RO         3670    i.SPI_I2S_GetFlagStatus  stm32f10x_spi.o
    0x08001bca   0x08001bca   0x00000004   Code   RO         3673    i.SPI_I2S_ReceiveData  stm32f10x_spi.o
    0x08001bce   0x08001bce   0x00000004   Code   RO         3674    i.SPI_I2S_SendData  stm32f10x_spi.o
    0x08001bd2   0x08001bd2   0x00000038   Code   RO         3675    i.SPI_Init          stm32f10x_spi.o
    0x08001c0a   0x08001c0a   0x00000002   PAD
    0x08001c0c   0x08001c0c   0x00000040   Code   RO          883    i.SPI_TIMEOUT_UserCallback  bsp_spi_flash.o
    0x08001c4c   0x08001c4c   0x00000004   Code   RO           13    i.SetSysClock       system_stm32f10x.o
    0x08001c50   0x08001c50   0x000000b0   Code   RO           14    i.SetSysClockTo72   system_stm32f10x.o
    0x08001d00   0x08001d00   0x0000001c   Code   RO         1392    i.SysTick_CLKSourceConfig  misc.o
    0x08001d1c   0x08001d1c   0x0000002c   Code   RO         5140    i.SysTick_Handler   port.o
    0x08001d48   0x08001d48   0x00000050   Code   RO           16    i.SystemInit        system_stm32f10x.o
    0x08001d98   0x08001d98   0x00000018   Code   RO         4377    i.USART_Cmd         stm32f10x_usart.o
    0x08001db0   0x08001db0   0x00000084   Code   RO          403    i.USART_Config      module_usart.o
    0x08001e34   0x08001e34   0x0000000e   Code   RO         4380    i.USART_GetFlagStatus  stm32f10x_usart.o
    0x08001e42   0x08001e42   0x00000002   PAD
    0x08001e44   0x08001e44   0x000000bc   Code   RO         4384    i.USART_Init        stm32f10x_usart.o
    0x08001f00   0x08001f00   0x00000008   Code   RO         4394    i.USART_SendData    stm32f10x_usart.o
    0x08001f08   0x08001f08   0x00000002   Code   RO          319    i.UsageFault_Handler  stm32f10x_it.o
    0x08001f0a   0x08001f0a   0x00000002   PAD
    0x08001f0c   0x08001f0c   0x00000020   Code   RO         5513    i.__0printf         mc_w.l(printfa.o)
    0x08001f2c   0x08001f2c   0x00000028   Code   RO         5515    i.__0sprintf        mc_w.l(printfa.o)
    0x08001f54   0x08001f54   0x0000000e   Code   RO         5591    i.__scatterload_copy  mc_w.l(handlers.o)
    0x08001f62   0x08001f62   0x00000002   Code   RO         5592    i.__scatterload_null  mc_w.l(handlers.o)
    0x08001f64   0x08001f64   0x0000000e   Code   RO         5593    i.__scatterload_zeroinit  mc_w.l(handlers.o)
    0x08001f72   0x08001f72   0x00000002   PAD
    0x08001f74   0x08001f74   0x00000184   Code   RO         5520    i._fp_digits        mc_w.l(printfa.o)
    0x080020f8   0x080020f8   0x000006dc   Code   RO         5521    i._printf_core      mc_w.l(printfa.o)
    0x080027d4   0x080027d4   0x00000024   Code   RO         5522    i._printf_post_padding  mc_w.l(printfa.o)
    0x080027f8   0x080027f8   0x0000002e   Code   RO         5523    i._printf_pre_padding  mc_w.l(printfa.o)
    0x08002826   0x08002826   0x0000000a   Code   RO         5525    i._sputc            mc_w.l(printfa.o)
    0x08002830   0x08002830   0x00000012   Code   RO          516    i.adc_Init          module_adc.o
    0x08002842   0x08002842   0x00000002   PAD
    0x08002844   0x08002844   0x00000058   Code   RO          151    i.adc_task          main.o
    0x0800289c   0x0800289c   0x00000002   Code   RO          991    i.alram_low         menu.o
    0x0800289e   0x0800289e   0x00000002   Code   RO          992    i.alram_up          menu.o
    0x080028a0   0x080028a0   0x00000002   Code   RO          993    i.batu_set          menu.o
    0x080028a2   0x080028a2   0x00000002   Code   RO          994    i.btn_set           menu.o
    0x080028a4   0x080028a4   0x00000002   Code   RO          995    i.data              menu.o
    0x080028a6   0x080028a6   0x00000002   Code   RO          996    i.dev_adress        menu.o
    0x080028a8   0x080028a8   0x00000002   Code   RO          997    i.devport_set       menu.o
    0x080028aa   0x080028aa   0x00000002   PAD
    0x080028ac   0x080028ac   0x0000005c   Code   RO          517    i.dma_Init          module_adc.o
    0x08002908   0x08002908   0x00000024   Code   RO          409    i.fputc             module_usart.o
    0x0800292c   0x0800292c   0x00000002   Code   RO          998    i.history_data      menu.o
    0x0800292e   0x0800292e   0x00000002   Code   RO          999    i.ip_set            menu.o
    0x08002930   0x08002930   0x000000a0   Code   RO          152    i.key_task          main.o
    0x080029d0   0x080029d0   0x0000003c   Code   RO         1000    i.lcd_Strinit       menu.o
    0x08002a0c   0x08002a0c   0x00000098   Code   RO          153    i.led_task          main.o
    0x08002aa4   0x08002aa4   0x00000002   Code   RO         1001    i.lg_set            menu.o
    0x08002aa6   0x08002aa6   0x00000002   PAD
    0x08002aa8   0x08002aa8   0x000000d4   Code   RO          154    i.main              main.o
    0x08002b7c   0x08002b7c   0x000001c0   Code   RO         1002    i.main_menu         menu.o
    0x08002d3c   0x08002d3c   0x00000020   Code   RO          155    i.menu_task         main.o
    0x08002d5c   0x08002d5c   0x00000002   Code   RO         1003    i.parity_set        menu.o
    0x08002d5e   0x08002d5e   0x00000002   Code   RO         1004    i.pas_set           menu.o
    0x08002d60   0x08002d60   0x00000064   Code   RO         1005    i.password_menu     menu.o
    0x08002dc4   0x08002dc4   0x0000008c   Code   RO         4833    i.prvAddCurrentTaskToDelayedList  tasks.o
    0x08002e50   0x08002e50   0x000000a8   Code   RO         4834    i.prvAddNewTaskToReadyList  tasks.o
    0x08002ef8   0x08002ef8   0x0000003c   Code   RO         4835    i.prvCheckTasksWaitingTermination  tasks.o
    0x08002f34   0x08002f34   0x00000028   Code   RO         4676    i.prvCopyDataFromQueue  queue.o
    0x08002f5c   0x08002f5c   0x0000005c   Code   RO         4677    i.prvCopyDataToQueue  queue.o
    0x08002fb8   0x08002fb8   0x00000014   Code   RO         4836    i.prvDeleteTCB      tasks.o
    0x08002fcc   0x08002fcc   0x00000048   Code   RO         5210    i.prvHeapInit       heap_4.o
    0x08003014   0x08003014   0x00000028   Code   RO         4837    i.prvIdleTask       tasks.o
    0x0800303c   0x0800303c   0x00000018   Code   RO         4678    i.prvInitialiseNewQueue  queue.o
    0x08003054   0x08003054   0x0000006e   Code   RO         4838    i.prvInitialiseNewTask  tasks.o
    0x080030c2   0x080030c2   0x00000002   PAD
    0x080030c4   0x080030c4   0x00000058   Code   RO         4839    i.prvInitialiseTaskLists  tasks.o
    0x0800311c   0x0800311c   0x00000054   Code   RO         5211    i.prvInsertBlockIntoFreeList  heap_4.o
    0x08003170   0x08003170   0x0000001a   Code   RO         4679    i.prvIsQueueEmpty   queue.o
    0x0800318a   0x0800318a   0x0000001e   Code   RO         4680    i.prvIsQueueFull    queue.o
    0x080031a8   0x080031a8   0x00000020   Code   RO         4840    i.prvResetNextTaskUnblockTime  tasks.o
    0x080031c8   0x080031c8   0x0000009c   Code   RO          156    i.prvSetupHardware  main.o
    0x08003264   0x08003264   0x00000010   Code   RO         5141    i.prvTaskExitError  port.o
    0x08003274   0x08003274   0x0000006a   Code   RO         4681    i.prvUnlockQueue    queue.o
    0x080032de   0x080032de   0x00000002   PAD
    0x080032e0   0x080032e0   0x000000a0   Code   RO         5213    i.pvPortMalloc      heap_4.o
    0x08003380   0x08003380   0x0000001c   Code   RO         5142    i.pxPortInitialiseStack  port.o
    0x0800339c   0x0800339c   0x0000004c   Code   RO          157    i.rtc_task          main.o
    0x080033e8   0x080033e8   0x000000ec   Code   RO         1006    i.second_menu1      menu.o
    0x080034d4   0x080034d4   0x000000e8   Code   RO         1007    i.second_menu2      menu.o
    0x080035bc   0x080035bc   0x000000e4   Code   RO         1008    i.second_menu3      menu.o
    0x080036a0   0x080036a0   0x000000e8   Code   RO         1009    i.second_menu4      menu.o
    0x08003788   0x08003788   0x000000e4   Code   RO         1010    i.second_menu5      menu.o
    0x0800386c   0x0800386c   0x00000002   Code   RO         1011    i.second_submenu1_1  menu.o
    0x0800386e   0x0800386e   0x00000002   Code   RO         1012    i.second_submenu1_2  menu.o
    0x08003870   0x08003870   0x00000002   Code   RO         1013    i.second_submenu1_3  menu.o
    0x08003872   0x08003872   0x00000002   Code   RO         1014    i.second_submenu1_4  menu.o
    0x08003874   0x08003874   0x00000002   Code   RO         1015    i.second_submenu2_1  menu.o
    0x08003876   0x08003876   0x00000002   Code   RO         1016    i.second_submenu2_2  menu.o
    0x08003878   0x08003878   0x00000002   Code   RO         1017    i.second_submenu3_1  menu.o
    0x0800387a   0x0800387a   0x00000002   Code   RO         1018    i.second_submenu3_2  menu.o
    0x0800387c   0x0800387c   0x00000002   Code   RO         1019    i.second_submenu3_3  menu.o
    0x0800387e   0x0800387e   0x00000002   Code   RO         1020    i.second_submenu3_4  menu.o
    0x08003880   0x08003880   0x00000002   Code   RO         1021    i.second_submenu4_1  menu.o
    0x08003882   0x08003882   0x00000002   Code   RO         1022    i.second_submenu4_2  menu.o
    0x08003884   0x08003884   0x00000002   Code   RO         1023    i.second_submenu5_1  menu.o
    0x08003886   0x08003886   0x00000002   Code   RO         1024    i.second_submenu5_2  menu.o
    0x08003888   0x08003888   0x00000002   Code   RO         1025    i.stopbit_set       menu.o
    0x0800388a   0x0800388a   0x00000002   Code   RO         1026    i.time_set          menu.o
    0x0800388c   0x0800388c   0x00000026   Code   RO         4628    i.uxListRemove      list.o
    0x080038b2   0x080038b2   0x00000002   PAD
    0x080038b4   0x080038b4   0x0000000c   Code   RO         4844    i.uxTaskGetNumberOfTasks  tasks.o
    0x080038c0   0x080038c0   0x00000016   Code   RO         4629    i.vListInitialise   list.o
    0x080038d6   0x080038d6   0x00000006   Code   RO         4630    i.vListInitialiseItem  list.o
    0x080038dc   0x080038dc   0x00000030   Code   RO         4631    i.vListInsert       list.o
    0x0800390c   0x0800390c   0x00000018   Code   RO         4632    i.vListInsertEnd    list.o
    0x08003924   0x08003924   0x0000001c   Code   RO         5144    i.vPortEnterCritical  port.o
    0x08003940   0x08003940   0x00000018   Code   RO         5145    i.vPortExitCritical  port.o
    0x08003958   0x08003958   0x00000044   Code   RO         5214    i.vPortFree         heap_4.o
    0x0800399c   0x0800399c   0x00000018   Code   RO         5146    i.vPortSetupTimerInterrupt  port.o
    0x080039b4   0x080039b4   0x0000009c   Code   RO         4849    i.vTaskDelete       tasks.o
    0x08003a50   0x08003a50   0x00000010   Code   RO         4852    i.vTaskInternalSetTimeOutState  tasks.o
    0x08003a60   0x08003a60   0x0000000c   Code   RO         4853    i.vTaskMissedYield  tasks.o
    0x08003a6c   0x08003a6c   0x00000020   Code   RO         4854    i.vTaskPlaceOnEventList  tasks.o
    0x08003a8c   0x08003a8c   0x00000050   Code   RO         4860    i.vTaskStartScheduler  tasks.o
    0x08003adc   0x08003adc   0x00000010   Code   RO         4862    i.vTaskSuspendAll   tasks.o
    0x08003aec   0x08003aec   0x00000048   Code   RO         4863    i.vTaskSwitchContext  tasks.o
    0x08003b34   0x08003b34   0x00000030   Code   RO         1027    i.wait_key_box      menu.o
    0x08003b64   0x08003b64   0x00000030   Code   RO         5147    i.xPortStartScheduler  port.o
    0x08003b94   0x08003b94   0x00000040   Code   RO         4687    i.xQueueGenericCreate  queue.o
    0x08003bd4   0x08003bd4   0x00000094   Code   RO         4688    i.xQueueGenericReset  queue.o
    0x08003c68   0x08003c68   0x000000f8   Code   RO         4689    i.xQueueGenericSend  queue.o
    0x08003d60   0x08003d60   0x00000066   Code   RO         4691    i.xQueueGiveFromISR  queue.o
    0x08003dc6   0x08003dc6   0x00000002   PAD
    0x08003dc8   0x08003dc8   0x000000f0   Code   RO         4696    i.xQueueReceive     queue.o
    0x08003eb8   0x08003eb8   0x000000e8   Code   RO         4698    i.xQueueSemaphoreTake  queue.o
    0x08003fa0   0x08003fa0   0x00000058   Code   RO         4865    i.xTaskCheckForTimeOut  tasks.o
    0x08003ff8   0x08003ff8   0x00000068   Code   RO         4866    i.xTaskCreate       tasks.o
    0x08004060   0x08004060   0x0000005c   Code   RO         4867    i.xTaskDelayUntil   tasks.o
    0x080040bc   0x080040bc   0x000000f8   Code   RO         4868    i.xTaskGenericNotify  tasks.o
    0x080041b4   0x080041b4   0x000000a8   Code   RO         4871    i.xTaskGenericNotifyWait  tasks.o
    0x0800425c   0x0800425c   0x0000000c   Code   RO         4873    i.xTaskGetTickCount  tasks.o
    0x08004268   0x08004268   0x0000011c   Code   RO         4875    i.xTaskIncrementTick  tasks.o
    0x08004384   0x08004384   0x000000c8   Code   RO         4876    i.xTaskRemoveFromEventList  tasks.o
    0x0800444c   0x0800444c   0x00000114   Code   RO         4877    i.xTaskResumeAll    tasks.o
    0x08004560   0x08004560   0x000005f0   Data   RO          829    .constdata          fonts.o
    0x08004b50   0x08004b50   0x00000020   Data   RO         5589    Region$$Table       anon$$obj.o


    Execution Region RW_IRAM1 (Exec base: 0x20000000, Load base: 0x08004b70, Size: 0x00004ab0, Max: 0x00010000, ABSOLUTE, COMPRESSED[0x000000f0])

    Exec Addr    Load Addr    Size         Type   Attr      Idx    E Section Name        Object

    0x20000000   COMPRESSED   0x00000004   Data   RW          158    .data               main.o
    0x20000004   COMPRESSED   0x00000005   Data   RW          470    .data               module_key.o
    0x20000009   COMPRESSED   0x00000001   PAD
    0x2000000a   COMPRESSED   0x00000004   Data   RW          518    .data               module_adc.o
    0x2000000e   COMPRESSED   0x00000002   PAD
    0x20000010   COMPRESSED   0x00000010   Data   RW          608    .data               bsp_ili9341_lcd.o
    0x20000020   COMPRESSED   0x00000008   Data   RW          832    .data               fonts.o
    0x20000028   COMPRESSED   0x00000001   Data   RW          835    .data               fonts.o
    0x20000029   COMPRESSED   0x00000003   PAD
    0x2000002c   COMPRESSED   0x00000004   Data   RW          884    .data               bsp_spi_flash.o
    0x20000030   COMPRESSED   0x00000118   Data   RW         1028    .data               menu.o
    0x20000148   COMPRESSED   0x00000002   Data   RW         1029    .data               menu.o
    0x2000014a   COMPRESSED   0x00000002   PAD
    0x2000014c   COMPRESSED   0x00000004   Data   RW         1242    .data               global.o
    0x20000150   COMPRESSED   0x00000004   Data   RW         1243    .data               global.o
    0x20000154   COMPRESSED   0x00000004   Data   RW         1244    .data               global.o
    0x20000158   COMPRESSED   0x00000004   Data   RW         1245    .data               global.o
    0x2000015c   COMPRESSED   0x00000004   Data   RW         1246    .data               global.o
    0x20000160   COMPRESSED   0x00000004   Data   RW         1247    .data               global.o
    0x20000164   COMPRESSED   0x00000004   Data   RW         1248    .data               global.o
    0x20000168   COMPRESSED   0x00000004   Data   RW         1249    .data               global.o
    0x2000016c   COMPRESSED   0x00000004   Data   RW         1250    .data               global.o
    0x20000170   COMPRESSED   0x00000014   Data   RW         3177    .data               stm32f10x_rcc.o
    0x20000184   COMPRESSED   0x00000040   Data   RW         4880    .data               tasks.o
    0x200001c4   COMPRESSED   0x00000004   Data   RW         5148    .data               port.o
    0x200001c8   COMPRESSED   0x0000001c   Data   RW         5220    .data               heap_4.o
    0x200001e4   COMPRESSED   0x00000004   Data   RW         5567    .data               mc_w.l(stdout.o)
    0x200001e8        -       0x000000c8   Zero   RW         4879    .bss                tasks.o
    0x200002b0        -       0x00004400   Zero   RW         5219    .bss                heap_4.o
    0x200046b0        -       0x00000400   Zero   RW            1    STACK               startup_stm32f10x_hd.o


==============================================================================

Image component sizes


      Code (inc. data)   RO Data    RW Data    ZI Data      Debug   Object Name

      1740         76          0         16          0      19913   bsp_ili9341_lcd.o
       444         74          0          4          0       3037   bsp_spi_flash.o
        76          8       1520          9          0       2303   fonts.o
         0          0          0         36          0        658   global.o
       384         26          0         28      17408       4875   heap_4.o
       138          0          0          0          0       5686   list.o
       876        168          0          4          0     238900   main.o
      1868        590          0        282          0      18477   menu.o
        68         18          0          0          0       1695   misc.o
       422         56          0          4          0       3682   module_adc.o
       348         28          0          5          0       2786   module_key.o
        96          4          0          0          0        542   module_led.o
       168         16          0          0          0       1207   module_usart.o
       362         46          0          4          0       8876   port.o
      1352         20          0          0          0      26629   queue.o
        36          8        304          0       1024        856   startup_stm32f10x_hd.o
       340         16          0          0          0       8684   stm32f10x_adc.o
       332         10          0          0          0       3862   stm32f10x_dma.o
       238          6          0          0          0       2017   stm32f10x_fsmc.o
       188          0          0          0          0       3948   stm32f10x_gpio.o
        80          8          0          0          0       3054   stm32f10x_it.o
       572        106          0         20          0      11861   stm32f10x_rcc.o
        84         20          0          0          0       2281   stm32f10x_rtc.o
       102          0          0          0          0       4138   stm32f10x_spi.o
       234          6          0          0          0       4416   stm32f10x_usart.o
       260         26          0          0          0      54893   system_stm32f10x.o
      2526        192          0         64        200      33357   tasks.o

    ----------------------------------------------------------------------
     13366       1528       1856        484      18632     472633   Object Totals
         0          0         32          0          0          0   (incl. Generated)
        32          0          0          8          0          0   (incl. Padding)

    ----------------------------------------------------------------------

      Code (inc. data)   RO Data    RW Data    ZI Data      Debug   Library Member Name

        86          0          0          0          0          0   __dczerorl2.o
         0          0          0          0          0          0   entry.o
         0          0          0          0          0          0   entry10a.o
         0          0          0          0          0          0   entry11a.o
         8          4          0          0          0          0   entry2.o
         4          0          0          0          0          0   entry5.o
         0          0          0          0          0          0   entry7b.o
         0          0          0          0          0          0   entry8b.o
         8          4          0          0          0          0   entry9a.o
        30          0          0          0          0          0   handlers.o
        36          8          0          0          0         68   init.o
         0          0          0          0          0          0   iusefp.o
        30          0          0          0          0         68   llshl.o
        36          0          0          0          0         68   llsshr.o
        32          0          0          0          0         68   llushr.o
        36          0          0          0          0         68   memcpya.o
        36          0          0          0          0        108   memseta.o
      2308         96          0          0          0        604   printfa.o
         0          0          0          4          0          0   stdout.o
        44          0          0          0          0         80   uidiv.o
        98          0          0          0          0         92   uldiv.o
        48          0          0          0          0         68   cdrcmple.o
        56          0          0          0          0         88   d2f.o
       334          0          0          0          0        148   dadd.o
       222          0          0          0          0        100   ddiv.o
       186          0          0          0          0        176   depilogue.o
        48          0          0          0          0         68   dfixul.o
        26          0          0          0          0         76   dfltui.o
       228          0          0          0          0         96   dmul.o
        38          0          0          0          0         68   f2d.o
       110          0          0          0          0        168   fepilogue.o

    ----------------------------------------------------------------------
      4090        112          0          4          0       2280   Library Totals
         2          0          0          0          0          0   (incl. Padding)

    ----------------------------------------------------------------------

      Code (inc. data)   RO Data    RW Data    ZI Data      Debug   Library Name

      2792        112          0          4          0       1224   mc_w.l
      1296          0          0          0          0       1056   mf_w.l

    ----------------------------------------------------------------------
      4090        112          0          4          0       2280   Library Totals

    ----------------------------------------------------------------------

==============================================================================


      Code (inc. data)   RO Data    RW Data    ZI Data      Debug   

     17456       1640       1856        488      18632     464121   Grand Totals
     17456       1640       1856        240      18632     464121   ELF Image Totals (compressed)
     17456       1640       1856        240          0          0   ROM Totals

==============================================================================

    Total RO  Size (Code + RO Data)                19312 (  18.86kB)
    Total RW  Size (RW Data + ZI Data)             19120 (  18.67kB)
    Total ROM Size (Code + RO Data + RW Data)      19552 (  19.09kB)

==============================================================================

