Component: ARM Compiler 5.06 update 6 (build 750) Tool: armlink [4d35ed]

==============================================================================

Section Cross References

    startup_stm32f10x_hd.o(RESET) refers to startup_stm32f10x_hd.o(STACK) for __initial_sp
    startup_stm32f10x_hd.o(RESET) refers to startup_stm32f10x_hd.o(.text) for Reset_Handler
    startup_stm32f10x_hd.o(RESET) refers to stm32f10x_it.o(i.NMI_Handler) for NMI_Handler
    startup_stm32f10x_hd.o(RESET) refers to stm32f10x_it.o(i.HardFault_Handler) for HardFault_Handler
    startup_stm32f10x_hd.o(RESET) refers to stm32f10x_it.o(i.MemManage_Handler) for MemManage_Handler
    startup_stm32f10x_hd.o(RESET) refers to stm32f10x_it.o(i.BusFault_Handler) for BusFault_Handler
    startup_stm32f10x_hd.o(RESET) refers to stm32f10x_it.o(i.UsageFault_Handler) for UsageFault_Handler
    startup_stm32f10x_hd.o(RESET) refers to port.o(.emb_text) for SVC_Handler
    startup_stm32f10x_hd.o(RESET) refers to stm32f10x_it.o(i.DebugMon_Handler) for DebugMon_Handler
    startup_stm32f10x_hd.o(RESET) refers to port.o(i.SysTick_Handler) for SysTick_Handler
    startup_stm32f10x_hd.o(.text) refers to system_stm32f10x.o(i.SystemInit) for SystemInit
    startup_stm32f10x_hd.o(.text) refers to entry.o(.ARM.Collect$$$$00000000) for __main
    system_stm32f10x.o(i.SetSysClock) refers to system_stm32f10x.o(i.SetSysClockTo72) for SetSysClockTo72
    system_stm32f10x.o(i.SystemCoreClockUpdate) refers to system_stm32f10x.o(.data) for .data
    system_stm32f10x.o(i.SystemInit) refers to system_stm32f10x.o(i.SetSysClock) for SetSysClock
    main.o(i.adc_task) refers to tasks.o(i.xTaskGetTickCount) for xTaskGetTickCount
    main.o(i.adc_task) refers to queue.o(i.xQueueGenericCreate) for xQueueGenericCreate
    main.o(i.adc_task) refers to module_adc.o(i.adc_Init) for adc_Init
    main.o(i.adc_task) refers to module_adc.o(i.Get_Voltage) for Get_Voltage
    main.o(i.adc_task) refers to module_adc.o(i.Get_Chip_Temperature) for Get_Chip_Temperature
    main.o(i.adc_task) refers to queue.o(i.xQueueGenericSend) for xQueueGenericSend
    main.o(i.adc_task) refers to tasks.o(i.xTaskDelayUntil) for xTaskDelayUntil
    main.o(i.adc_task) refers to global.o(.data) for adc_queuehandle
    main.o(i.key_task) refers to tasks.o(i.xTaskGetTickCount) for xTaskGetTickCount
    main.o(i.key_task) refers to queue.o(i.xQueueGenericCreate) for xQueueGenericCreate
    main.o(i.key_task) refers to module_key.o(i.Key_Read) for Key_Read
    main.o(i.key_task) refers to tasks.o(i.xTaskGenericNotify) for xTaskGenericNotify
    main.o(i.key_task) refers to queue.o(i.xQueueGenericSend) for xQueueGenericSend
    main.o(i.key_task) refers to tasks.o(i.vTaskDelete) for vTaskDelete
    main.o(i.key_task) refers to tasks.o(i.xTaskCreate) for xTaskCreate
    main.o(i.key_task) refers to tasks.o(i.xTaskDelayUntil) for xTaskDelayUntil
    main.o(i.key_task) refers to global.o(.data) for key_queuehandle
    main.o(i.key_task) refers to global.o(.data) for led_taskhandle
    main.o(i.key_task) refers to main.o(.data) for .data
    main.o(i.key_task) refers to global.o(.data) for menu_taskhandle
    main.o(i.key_task) refers to main.o(i.menu_task) for menu_task
    main.o(i.led_task) refers to tasks.o(i.xTaskGenericNotifyWait) for xTaskGenericNotifyWait
    main.o(i.main) refers to main.o(i.prvSetupHardware) for prvSetupHardware
    main.o(i.main) refers to tasks.o(i.xTaskCreate) for xTaskCreate
    main.o(i.main) refers to tasks.o(i.vTaskStartScheduler) for vTaskStartScheduler
    main.o(i.main) refers to global.o(.data) for led_taskhandle
    main.o(i.main) refers to main.o(i.led_task) for led_task
    main.o(i.main) refers to global.o(.data) for key_taskhandle
    main.o(i.main) refers to main.o(i.key_task) for key_task
    main.o(i.main) refers to global.o(.data) for adc_taskhandle
    main.o(i.main) refers to main.o(i.adc_task) for adc_task
    main.o(i.main) refers to global.o(.data) for menu_taskhandle
    main.o(i.main) refers to main.o(i.menu_task) for menu_task
    main.o(i.main) refers to global.o(.data) for rtc_taskhandle
    main.o(i.main) refers to main.o(i.rtc_task) for rtc_task
    main.o(i.menu_task) refers to menu.o(.data) for menu_table
    main.o(i.prvSetupHardware) refers to stm32f10x_rcc.o(i.RCC_DeInit) for RCC_DeInit
    main.o(i.prvSetupHardware) refers to stm32f10x_rcc.o(i.RCC_HSEConfig) for RCC_HSEConfig
    main.o(i.prvSetupHardware) refers to stm32f10x_rcc.o(i.RCC_GetFlagStatus) for RCC_GetFlagStatus
    main.o(i.prvSetupHardware) refers to stm32f10x_rcc.o(i.RCC_HCLKConfig) for RCC_HCLKConfig
    main.o(i.prvSetupHardware) refers to stm32f10x_rcc.o(i.RCC_PCLK2Config) for RCC_PCLK2Config
    main.o(i.prvSetupHardware) refers to stm32f10x_rcc.o(i.RCC_PCLK1Config) for RCC_PCLK1Config
    main.o(i.prvSetupHardware) refers to stm32f10x_rcc.o(i.RCC_PLLConfig) for RCC_PLLConfig
    main.o(i.prvSetupHardware) refers to stm32f10x_rcc.o(i.RCC_PLLCmd) for RCC_PLLCmd
[...]
    i.menu_task                              0x08003038   Section        0  main.o(i.menu_task)
    i.mktimev                                0x0800304c   Section        0  bsp_date.o(i.mktimev)
    i.parity_set                             0x080030c4   Section        0  menu.o(i.parity_set)
    i.pas_set                                0x080030c6   Section        0  menu.o(i.pas_set)
    i.password_menu                          0x080030c8   Section        0  menu.o(i.password_menu)
    i.password_op                            0x080031fc   Section        0  password.o(i.password_op)
    i.prvAddCurrentTaskToDelayedList         0x08003240   Section        0  tasks.o(i.prvAddCurrentTaskToDelayedList)
    prvAddCurrentTaskToDelayedList           0x08003241   Thumb Code   130  tasks.o(i.prvAddCurrentTaskToDelayedList)
    i.prvAddNewTaskToReadyList               0x080032cc   Section        0  tasks.o(i.prvAddNewTaskToReadyList)
    prvAddNewTaskToReadyList                 0x080032cd   Thumb Code   156  tasks.o(i.prvAddNewTaskToReadyList)
    i.prvCheckTasksWaitingTermination        0x08003374   Section        0  tasks.o(i.prvCheckTasksWaitingTermination)
    prvCheckTasksWaitingTermination          0x08003375   Thumb Code    52  tasks.o(i.prvCheckTasksWaitingTermination)
    i.prvCopyDataFromQueue                   0x080033b0   Section        0  queue.o(i.prvCopyDataFromQueue)
    prvCopyDataFromQueue                     0x080033b1   Thumb Code    40  queue.o(i.prvCopyDataFromQueue)
    i.prvCopyDataToQueue                     0x080033d8   Section        0  queue.o(i.prvCopyDataToQueue)
    prvCopyDataToQueue                       0x080033d9   Thumb Code    92  queue.o(i.prvCopyDataToQueue)
    i.prvDeleteTCB                           0x08003434   Section        0  tasks.o(i.prvDeleteTCB)
    prvDeleteTCB                             0x08003435   Thumb Code    20  tasks.o(i.prvDeleteTCB)
    i.prvHeapInit                            0x08003448   Section        0  heap_4.o(i.prvHeapInit)
    prvHeapInit                              0x08003449   Thumb Code    62  heap_4.o(i.prvHeapInit)
    i.prvIdleTask                            0x08003490   Section        0  tasks.o(i.prvIdleTask)
    prvIdleTask                              0x08003491   Thumb Code    30  tasks.o(i.prvIdleTask)
    i.prvInitialiseNewQueue                  0x080034b8   Section        0  queue.o(i.prvInitialiseNewQueue)
    prvInitialiseNewQueue                    0x080034b9   Thumb Code    24  queue.o(i.prvInitialiseNewQueue)
    i.prvInitialiseNewTask                   0x080034d0   Section        0  tasks.o(i.prvInitialiseNewTask)
    prvInitialiseNewTask                     0x080034d1   Thumb Code   110  tasks.o(i.prvInitialiseNewTask)
    i.prvInitialiseTaskLists                 0x08003540   Section        0  tasks.o(i.prvInitialiseTaskLists)
    prvInitialiseTaskLists                   0x08003541   Thumb Code    78  tasks.o(i.prvInitialiseTaskLists)
    i.prvInsertBlockIntoFreeList             0x08003598   Section        0  heap_4.o(i.prvInsertBlockIntoFreeList)
    prvInsertBlockIntoFreeList               0x08003599   Thumb Code    78  heap_4.o(i.prvInsertBlockIntoFreeList)
    i.prvIsQueueEmpty                        0x080035ec   Section        0  queue.o(i.prvIsQueueEmpty)
    prvIsQueueEmpty                          0x080035ed   Thumb Code    26  queue.o(i.prvIsQueueEmpty)
    i.prvIsQueueFull                         0x08003606   Section        0  queue.o(i.prvIsQueueFull)
    prvIsQueueFull                           0x08003607   Thumb Code    30  queue.o(i.prvIsQueueFull)
    i.prvResetNextTaskUnblockTime            0x08003624   Section        0  tasks.o(i.prvResetNextTaskUnblockTime)
    prvResetNextTaskUnblockTime              0x08003625   Thumb Code    28  tasks.o(i.prvResetNextTaskUnblockTime)
    i.prvSetupHardware                       0x08003644   Section        0  main.o(i.prvSetupHardware)
    prvSetupHardware                         0x08003645   Thumb Code   152  main.o(i.prvSetupHardware)
    i.prvTaskExitError                       0x080036e0   Section        0  port.o(i.prvTaskExitError)
    prvTaskExitError                         0x080036e1   Thumb Code    16  port.o(i.prvTaskExitError)
    i.prvUnlockQueue                         0x080036f0   Section        0  queue.o(i.prvUnlockQueue)
    prvUnlockQueue                           0x080036f1   Thumb Code   106  queue.o(i.prvUnlockQueue)
    i.pvPortMalloc                           0x0800375c   Section        0  heap_4.o(i.pvPortMalloc)
    i.pxPortInitialiseStack                  0x080037fc   Section        0  port.o(i.pxPortInitialiseStack)
    i.rtc_task                               0x08003818   Section        0  main.o(i.rtc_task)
    i.second_menu1                           0x08003870   Section        0  menu.o(i.second_menu1)
    i.second_menu2                           0x0800395c   Section        0  menu.o(i.second_menu2)
    i.second_menu3                           0x08003a44   Section        0  menu.o(i.second_menu3)
    i.second_menu4                           0x08003b28   Section        0  menu.o(i.second_menu4)
    i.second_menu5                           0x08003c10   Section        0  menu.o(i.second_menu5)
    i.second_submenu1_1                      0x08003cf4   Section        0  menu.o(i.second_submenu1_1)
    i.second_submenu1_2                      0x08003cf6   Section        0  menu.o(i.second_submenu1_2)
    i.second_submenu1_3                      0x08003cf8   Section        0  menu.o(i.second_submenu1_3)
    i.second_submenu1_4                      0x08003cfa   Section        0  menu.o(i.second_submenu1_4)
    i.second_submenu2_1                      0x08003cfc   Section        0  menu.o(i.second_submenu2_1)
    i.second_submenu2_2                      0x08003cfe   Section        0  menu.o(i.second_submenu2_2)
    i.second_submenu3_1                      0x08003d00   Section        0  menu.o(i.second_submenu3_1)
    i.second_submenu3_2                      0x08003d02   Section        0  menu.o(i.second_submenu3_2)
    i.second_submenu3_3                      0x08003d04   Section        0  menu.o(i.second_submenu3_3)
    i.second_submenu3_4                      0x08003d06   Section        0  menu.o(i.second_submenu3_4)
    i.second_submenu4_1                      0x08003d08   Section        0  menu.o(i.second_submenu4_1)
    i.second_submenu4_2                      0x08003d0a   Section        0  menu.o(i.second_submenu4_2)
    i.second_submenu5_1                      0x08003d0c   Section        0  menu.o(i.second_submenu5_1)
    i.second_submenu5_2                      0x08003d0e   Section        0  menu.o(i.second_submenu5_2)
    i.stopbit_set                            0x08003d10   Section        0  menu.o(i.stopbit_set)
    i.time_set                               0x08003d12   Section        0  menu.o(i.time_set)
    i.to_tm                                  0x08003d14   Section        0  bsp_date.o(i.to_tm)
    i.uxListRemove                           0x08003db4   Section        0  list.o(i.uxListRemove)
    i.vListInitialise                        0x08003dda   Section        0  list.o(i.vListInitialise)
    i.vListInitialiseItem                    0x08003df0   Section        0  list.o(i.vListInitialiseItem)
    i.vListInsert                            0x08003df6   Section        0  list.o(i.vListInsert)
    i.vListInsertEnd                         0x08003e26   Section        0  list.o(i.vListInsertEnd)
    i.vPortEnterCritical                     0x08003e40   Section        0  port.o(i.vPortEnterCritical)
    i.vPortExitCritical                      0x08003e5c   Section        0  port.o(i.vPortExitCritical)
    i.vPortFree                              0x08003e74   Section        0  heap_4.o(i.vPortFree)
    i.vPortSetupTimerInterrupt               0x08003eb8   Section        0  port.o(i.vPortSetupTimerInterrupt)
    i.vTaskDelete                            0x08003ed0   Section        0  tasks.o(i.vTaskDelete)
    i.vTaskInternalSetTimeOutState           0x08003f6c   Section        0  tasks.o(i.vTaskInternalSetTimeOutState)
    i.vTaskMissedYield                       0x08003f7c   Section        0  tasks.o(i.vTaskMissedYield)
    i.vTaskPlaceOnEventList                  0x08003f88   Section        0  tasks.o(i.vTaskPlaceOnEventList)
    i.vTaskStartScheduler                    0x08003fa8   Section        0  tasks.o(i.vTaskStartScheduler)
    i.vTaskSuspendAll                        0x08003ff8   Section        0  tasks.o(i.vTaskSuspendAll)
    i.vTaskSwitchContext                     0x08004008   Section        0  tasks.o(i.vTaskSwitchContext)
    i.wait_key_box                           0x08004050   Section        0  menu.o(i.wait_key_box)
    wait_key_box                             0x08004051   Thumb Code    42  menu.o(i.wait_key_box)
    i.xPortStartScheduler                    0x08004080   Section        0  port.o(i.xPortStartScheduler)
    i.xQueueGenericCreate                    0x080040b0   Section        0  queue.o(i.xQueueGenericCreate)
    i.xQueueGenericReset                     0x080040f0   Section        0  queue.o(i.xQueueGenericReset)
    i.xQueueGenericSend                      0x08004184   Section        0  queue.o(i.xQueueGenericSend)
    i.xQueueReceive                          0x0800427c   Section        0  queue.o(i.xQueueReceive)
    i.xTaskCheckForTimeOut                   0x0800436c   Section        0  tasks.o(i.xTaskCheckForTimeOut)
    i.xTaskCreate                            0x080043c4   Section        0  tasks.o(i.xTaskCreate)
    i.xTaskDelayUntil                        0x0800442c   Section        0  tasks.o(i.xTaskDelayUntil)
    i.xTaskGenericNotify                     0x08004488   Section        0  tasks.o(i.xTaskGenericNotify)
    i.xTaskGenericNotifyWait                 0x08004580   Section        0  tasks.o(i.xTaskGenericNotifyWait)
    i.xTaskGetTickCount                      0x08004628   Section        0  tasks.o(i.xTaskGetTickCount)
    i.xTaskIncrementTick                     0x08004634   Section        0  tasks.o(i.xTaskIncrementTick)
    i.xTaskRemoveFromEventList               0x08004750   Section        0  tasks.o(i.xTaskRemoveFromEventList)
    i.xTaskResumeAll                         0x08004818   Section        0  tasks.o(i.xTaskResumeAll)
    .constdata                               0x0800492c   Section     1520  fonts.o(.constdata)
    .conststring                             0x08004f1c   Section       75  bsp_rtc.o(.conststring)
    .data                                    0x20000000   Section        2  main.o(.data)
    scan_cnt                                 0x20000000   Data           2  main.o(.data)
    .data                                    0x20000002   Section        5  module_key.o(.data)
    key_status                               0x20000003   Data           1  module_key.o(.data)
    Key_LategValue                           0x20000004   Data           1  module_key.o(.data)
    key_status                               0x20000005   Data           1  module_key.o(.data)
    LategValue                               0x20000006   Data           1  module_key.o(.data)
    .data                                    0x20000008   Section        4  module_adc.o(.data)
    .data                                    0x2000000c   Section       16  bsp_ili9341_lcd.o(.data)
    CurrentTextColor                         0x20000012   Data           2  bsp_ili9341_lcd.o(.data)
    CurrentBackColor                         0x20000014   Data           2  bsp_ili9341_lcd.o(.data)
    LCD_Currentfonts                         0x20000018   Data           4  bsp_ili9341_lcd.o(.data)
    .data                                    0x2000001c   Section        8  fonts.o(.data)
    .data                                    0x20000024   Section        1  fonts.o(.data)
    everRead                                 0x20000024   Data           1  fonts.o(.data)
    .data                                    0x20000028   Section        4  bsp_spi_flash.o(.data)
    SPITimeout                               0x20000028   Data           4  bsp_spi_flash.o(.data)
    .data                                    0x2000002c   Section      280  menu.o(.data)
    .data                                    0x20000144   Section        2  menu.o(.data)
    scan_status                              0x20000144   Data           1  menu.o(.data)
    menu_key                                 0x20000145   Data           1  menu.o(.data)
    .data                                    0x20000148   Section       28  global.o(.data)
    .data                                    0x20000164   Section        4  global.o(.data)
    .data                                    0x20000168   Section        4  global.o(.data)
    .data                                    0x2000016c   Section        4  global.o(.data)
    .data                                    0x20000170   Section        4  global.o(.data)
    .data                                    0x20000174   Section        4  global.o(.data)
    .data                                    0x20000178   Section        4  global.o(.data)
    .data                                    0x2000017c   Section        4  global.o(.data)
    .data                                    0x20000180   Section        4  global.o(.data)
    .data                                    0x20000184   Section       76  bsp_rtc.o(.data)
    .data                                    0x200001d0   Section       52  bsp_date.o(.data)
    lastYear                                 0x200001d0   Data           4  bsp_date.o(.data)
    month_days                               0x200001d4   Data          48  bsp_date.o(.data)
    .data                                    0x20000204   Section       20  stm32f10x_rcc.o(.data)
    ADCPrescTable                            0x20000204   Data           4  stm32f10x_rcc.o(.data)
    APBAHBPrescTable                         0x20000208   Data          16  stm32f10x_rcc.o(.data)
    .data                                    0x20000218   Section       64  tasks.o(.data)
    uxDeletedTasksWaitingCleanUp             0x2000021c   Data           4  tasks.o(.data)
    uxCurrentNumberOfTasks                   0x20000220   Data           4  tasks.o(.data)
    xTickCount                               0x20000224   Data           4  tasks.o(.data)
    uxTopReadyPriority                       0x20000228   Data           4  tasks.o(.data)
    xSchedulerRunning                        0x2000022c   Data           4  tasks.o(.data)
    xPendedTicks                             0x20000230   Data           4  tasks.o(.data)
    xYieldPending                            0x20000234   Data           4  tasks.o(.data)
    xNumOfOverflows                          0x20000238   Data           4  tasks.o(.data)
    uxTaskNumber                             0x2000023c   Data           4  tasks.o(.data)
    xNextTaskUnblockTime                     0x20000240   Data           4  tasks.o(.data)
    xIdleTaskHandle                          0x20000244   Data           4  tasks.o(.data)
    uxSchedulerSuspended                     0x2000024c   Data           4  tasks.o(.data)
    pxDelayedTaskList                        0x20000250   Data           4  tasks.o(.data)
    pxOverflowDelayedTaskList                0x20000254   Data           4  tasks.o(.data)
    .data                                    0x20000258   Section        4  port.o(.data)
    uxCriticalNesting                        0x20000258   Data           4  port.o(.data)
    .data                                    0x2000025c   Section       28  heap_4.o(.data)
    pxEnd                                    0x2000025c   Data           4  heap_4.o(.data)
    xFreeBytesRemaining                      0x20000260   Data           4  heap_4.o(.data)
    xMinimumEverFreeBytesRemaining           0x20000264   Data           4  heap_4.o(.data)
    xNumberOfSuccessfulAllocations           0x20000268   Data           4  heap_4.o(.data)
    xNumberOfSuccessfulFrees                 0x2000026c   Data           4  heap_4.o(.data)
    xStart                                   0x20000270   Data           8  heap_4.o(.data)
    .data                                    0x20000278   Section        4  stdout.o(.data)
    .bss                                     0x2000027c   Section      200  tasks.o(.bss)
    pxReadyTasksLists                        0x2000027c   Data         100  tasks.o(.bss)
    xDelayedTaskList1                        0x200002e0   Data          20  tasks.o(.bss)
    xDelayedTaskList2                        0x200002f4   Data          20  tasks.o(.bss)
    xPendingReadyList                        0x20000308   Data          20  tasks.o(.bss)
    xTasksWaitingTermination                 0x2000031c   Data          20  tasks.o(.bss)
    xSuspendedTaskList                       0x20000330   Data          20  tasks.o(.bss)
    .bss                                     0x20000344   Section    17408  heap_4.o(.bss)
    ucHeap                                   0x20000344   Data       17408  heap_4.o(.bss)
    STACK                                    0x20004748   Section     1024  startup_stm32f10x_hd.o(STACK)

    Global Symbols

    Symbol Name                              Value     Ov Type        Size  Object(Section)

    BuildAttributes$$THM_ISAv4$P$D$K$B$S$PE$A:L22UL41UL21$X:L11$S22US41US21$IEEE1$IW$USESV6$~STKCKD$USESV7$~SHL$OTIME$ROPI$EBA8$MICROLIB$REQ8$PRES8$EABIv2 0x00000000   Number         0  anon$$obj.o ABSOLUTE
    __ARM_use_no_argv                        0x00000000   Number         0  main.o ABSOLUTE
    _printf_a                                0x00000000   Number         0  stubs.o ABSOLUTE
    _printf_c                                0x00000000   Number         0  stubs.o ABSOLUTE
    _printf_charcount                        0x00000000   Number         0  stubs.o ABSOLUTE
    _printf_d                                0x00000000   Number         0  stubs.o ABSOLUTE
    _printf_e                                0x00000000   Number         0  stubs.o ABSOLUTE
    _printf_f                                0x00000000   Number         0  stubs.o ABSOLUTE
    _printf_flags                            0x00000000   Number         0  stubs.o ABSOLUTE
    _printf_fp_dec                           0x00000000   Number         0  stubs.o ABSOLUTE
    _printf_fp_hex                           0x00000000   Number         0  stubs.o ABSOLUTE
    _printf_g                                0x00000000   Number         0  stubs.o ABSOLUTE
    _printf_i                                0x00000000   Number         0  stubs.o ABSOLUTE
    _printf_int_dec                          0x00000000   Number         0  stubs.o ABSOLUTE
    _printf_l                                0x00000000   Number         0  stubs.o ABSOLUTE
    _printf_lc                               0x00000000   Number         0  stubs.o ABSOLUTE
    _printf_ll                               0x00000000   Number         0  stubs.o ABSOLUTE
    _printf_lld                              0x00000000   Number         0  stubs.o ABSOLUTE
    _printf_lli                              0x00000000   Number         0  stubs.o ABSOLUTE
    _printf_llo                              0x00000000   Number         0  stubs.o ABSOLUTE
    _printf_llu                              0x00000000   Number         0  stubs.o ABSOLUTE
    _printf_llx                              0x00000000   Number         0  stubs.o ABSOLUTE
    _printf_longlong_dec                     0x00000000   Number         0  stubs.o ABSOLUTE
    _printf_longlong_hex                     0x00000000   Number         0  stubs.o ABSOLUTE
    _printf_longlong_oct                     0x00000000   Number         0  stubs.o ABSOLUTE
    _printf_ls                               0x00000000   Number         0  stubs.o ABSOLUTE
    _printf_mbtowc                           0x00000000   Number         0  stubs.o ABSOLUTE
    _printf_n                                0x00000000   Number         0  stubs.o ABSOLUTE
    _printf_o                                0x00000000   Number         0  stubs.o ABSOLUTE
    _printf_p                                0x00000000   Number         0  stubs.o ABSOLUTE
    _printf_percent                          0x00000000   Number         0  stubs.o ABSOLUTE
    _printf_pre_padding                      0x00000000   Number         0  stubs.o ABSOLUTE
    _printf_return_value                     0x00000000   Number         0  stubs.o ABSOLUTE
    _printf_s                                0x00000000   Number         0  stubs.o ABSOLUTE
    _printf_sizespec                         0x00000000   Number         0  stubs.o ABSOLUTE
    _printf_str                              0x00000000   Number         0  stubs.o ABSOLUTE
    _printf_truncate_signed                  0x00000000   Number         0  stubs.o ABSOLUTE
    _printf_truncate_unsigned                0x00000000   Number         0  stubs.o ABSOLUTE
    _printf_u                                0x00000000   Number         0  stubs.o ABSOLUTE
    _printf_wc                               0x00000000   Number         0  stubs.o ABSOLUTE
    _printf_wctomb                           0x00000000   Number         0  stubs.o ABSOLUTE
    _printf_widthprec                        0x00000000   Number         0  stubs.o ABSOLUTE
    _printf_x                                0x00000000   Number         0  stubs.o ABSOLUTE
    __cpp_initialize__aeabi_                  - Undefined Weak Reference
    __cxa_finalize                            - Undefined Weak Reference
    _clock_init                               - Undefined Weak Reference
    _microlib_exit                            - Undefined Weak Reference
    __Vectors_Size                           0x00000130   Number         0  startup_stm32f10x_hd.o ABSOLUTE
    __Vectors                                0x08000000   Data           4  startup_stm32f10x_hd.o(RESET)
    __Vectors_End                            0x08000130   Data           0  startup_stm32f10x_hd.o(RESET)
    __main                                   0x08000131   Thumb Code     0  entry.o(.ARM.Collect$$$$00000000)
    _main_stk                                0x08000131   Thumb Code     0  entry2.o(.ARM.Collect$$$$00000001)
    _main_scatterload                        0x08000135   Thumb Code     0  entry5.o(.ARM.Collect$$$$00000004)
    __main_after_scatterload                 0x08000139   Thumb Code     0  entry5.o(.ARM.Collect$$$$00000004)
    _main_clock                              0x08000139   Thumb Code     0  entry7b.o(.ARM.Collect$$$$00000008)
    _main_cpp_init                           0x08000139   Thumb Code     0  entry8b.o(.ARM.Collect$$$$0000000A)
    _main_init                               0x08000139   Thumb Code     0  entry9a.o(.ARM.Collect$$$$0000000B)
    __rt_final_cpp                           0x08000141   Thumb Code     0  entry10a.o(.ARM.Collect$$$$0000000D)
    __rt_final_exit                          0x08000141   Thumb Code     0  entry11a.o(.ARM.Collect$$$$0000000F)
    SVC_Handler                              0x08000145   Thumb Code    32  port.o(.emb_text)
    __asm___6_port_c_39a90d8d__prvStartFirstTask 0x08000169   Thumb Code    28  port.o(.emb_text)
    PendSV_Handler                           0x08000189   Thumb Code    72  port.o(.emb_text)
    vPortGetIPSR                             0x080001d5   Thumb Code     6  port.o(.emb_text)
    Reset_Handler                            0x080001dd   Thumb Code     8  startup_stm32f10x_hd.o(.text)
    ADC1_2_IRQHandler                        0x080001f7   Thumb Code     0  startup_stm32f10x_hd.o(.text)
    ADC3_IRQHandler                          0x080001f7   Thumb Code     0  startup_stm32f10x_hd.o(.text)
    CAN1_RX1_IRQHandler                      0x080001f7   Thumb Code     0  startup_stm32f10x_hd.o(.text)
    CAN1_SCE_IRQHandler                      0x080001f7   Thumb Code     0  startup_stm32f10x_hd.o(.text)
    DMA1_Channel1_IRQHandler                 0x080001f7   Thumb Code     0  startup_stm32f10x_hd.o(.text)
    DMA1_Channel2_IRQHandler                 0x080001f7   Thumb Code     0  startup_stm32f10x_hd.o(.text)
    DMA1_Channel3_IRQHandler                 0x080001f7   Thumb Code     0  startup_stm32f10x_hd.o(.text)
    DMA1_Channel4_IRQHandler                 0x080001f7   Thumb Code     0  startup_stm32f10x_hd.o(.text)
    DMA1_Channel5_IRQHandler                 0x080001f7   Thumb Code     0  startup_stm32f10x_hd.o(.text)
    DMA1_Channel6_IRQHandler                 0x080001f7   Thumb Code     0  startup_stm32f10x_hd.o(.text)
    DMA1_Channel7_IRQHandler                 0x080001f7   Thumb Code     0  startup_stm32f10x_hd.o(.text)
    DMA2_Channel1_IRQHandler                 0x080001f7   Thumb Code     0  startup_stm32f10x_hd.o(.text)
    DMA2_Channel2_IRQHandler                 0x080001f7   Thumb Code     0  startup_stm32f10x_hd.o(.text)
    DMA2_Channel3_IRQHandler                 0x080001f7   Thumb Code     0  startup_stm32f10x_hd.o(.text)
    DMA2_Channel4_5_IRQHandler               0x080001f7   Thumb Code     0  startup_stm32f10x_hd.o(.text)
    EXTI0_IRQHandler                         0x080001f7   Thumb Code     0  startup_stm32f10x_hd.o(.text)
    EXTI15_10_IRQHandler                     0x080001f7   Thumb Code     0  startup_stm32f10x_hd.o(.text)
    EXTI1_IRQHandler                         0x080001f7   Thumb Code     0  startup_stm32f10x_hd.o(.text)
    EXTI2_IRQHandler                         0x080001f7   Thumb Code     0  startup_stm32f10x_hd.o(.text)
    EXTI3_IRQHandler                         0x080001f7   Thumb Code     0  startup_stm32f10x_hd.o(.text)
    EXTI4_IRQHandler                         0x080001f7   Thumb Code     0  startup_stm32f10x_hd.o(.text)
    EXTI9_5_IRQHandler                       0x080001f7   Thumb Code     0  startup_stm32f10x_hd.o(.text)
    FLASH_IRQHandler                         0x080001f7   Thumb Code     0  startup_stm32f10x_hd.o(.text)
    FSMC_IRQHandler                          0x080001f7   Thumb Code     0  startup_stm32f10x_hd.o(.text)
    I2C1_ER_IRQHandler                       0x080001f7   Thumb Code     0  startup_stm32f10x_hd.o(.text)
    I2C1_EV_IRQHandler                       0x080001f7   Thumb Code     0  startup_stm32f10x_hd.o(.text)
    I2C2_ER_IRQHandler                       0x080001f7   Thumb Code     0  startup_stm32f10x_hd.o(.text)
    I2C2_EV_IRQHandler                       0x080001f7   Thumb Code     0  startup_stm32f10x_hd.o(.text)
    PVD_IRQHandler                           0x080001f7   Thumb Code     0  startup_stm32f10x_hd.o(.text)
    RCC_IRQHandler                           0x080001f7   Thumb Code     0  startup_stm32f10x_hd.o(.text)
    RTCAlarm_IRQHandler                      0x080001f7   Thumb Code     0  startup_stm32f10x_hd.o(.text)
    RTC_IRQHandler                           0x080001f7   Thumb Code     0  startup_stm32f10x_hd.o(.text)
    SDIO_IRQHandler                          0x080001f7   Thumb Code     0  startup_stm32f10x_hd.o(.text)
    SPI1_IRQHandler                          0x080001f7   Thumb Code     0  startup_stm32f10x_hd.o(.text)
    SPI2_IRQHandler                          0x080001f7   Thumb Code     0  startup_stm32f10x_hd.o(.text)
    SPI3_IRQHandler                          0x080001f7   Thumb Code     0  startup_stm32f10x_hd.o(.text)
    TAMPER_IRQHandler                        0x080001f7   Thumb Code     0  startup_stm32f10x_hd.o(.text)
    TIM1_BRK_IRQHandler                      0x080001f7   Thumb Code     0  startup_stm32f10x_hd.o(.text)
    TIM1_CC_IRQHandler                       0x080001f7   Thumb Code     0  startup_stm32f10x_hd.o(.text)
    TIM1_TRG_COM_IRQHandler                  0x080001f7   Thumb Code     0  startup_stm32f10x_hd.o(.text)
    TIM1_UP_IRQHandler                       0x080001f7   Thumb Code     0  startup_stm32f10x_hd.o(.text)
    TIM2_IRQHandler                          0x080001f7   Thumb Code     0  startup_stm32f10x_hd.o(.text)
    TIM3_IRQHandler                          0x080001f7   Thumb Code     0  startup_stm32f10x_hd.o(.text)
    TIM4_IRQHandler                          0x080001f7   Thumb Code     0  startup_stm32f10x_hd.o(.text)
    TIM5_IRQHandler                          0x080001f7   Thumb Code     0  startup_stm32f10x_hd.o(.text)
    TIM6_IRQHandler                          0x080001f7   Thumb Code     0  startup_stm32f10x_hd.o(.text)
    TIM7_IRQHandler                          0x080001f7   Thumb Code     0  startup_stm32f10x_hd.o(.text)
    TIM8_BRK_IRQHandler                      0x080001f7   Thumb Code     0  startup_stm32f10x_hd.o(.text)
    TIM8_CC_IRQHandler                       0x080001f7   Thumb Code     0  startup_stm32f10x_hd.o(.text)
    TIM8_TRG_COM_IRQHandler                  0x080001f7   Thumb Code     0  startup_stm32f10x_hd.o(.text)
    TIM8_UP_IRQHandler                       0x080001f7   Thumb Code     0  startup_stm32f10x_hd.o(.text)
    UART4_IRQHandler                         0x080001f7   Thumb Code     0  startup_stm32f10x_hd.o(.text)
    UART5_IRQHandler                         0x080001f7   Thumb Code     0  startup_stm32f10x_hd.o(.text)
    USART1_IRQHandler                        0x080001f7   Thumb Code     0  startup_stm32f10x_hd.o(.text)
    USART2_IRQHandler                        0x080001f7   Thumb Code     0  startup_stm32f10x_hd.o(.text)
    USART3_IRQHandler                        0x080001f7   Thumb Code     0  startup_stm32f10x_hd.o(.text)
    USBWakeUp_IRQHandler                     0x080001f7   Thumb Code     0  startup_stm32f10x_hd.o(.text)
    USB_HP_CAN1_TX_IRQHandler                0x080001f7   Thumb Code     0  startup_stm32f10x_hd.o(.text)
    USB_LP_CAN1_RX0_IRQHandler               0x080001f7   Thumb Code     0  startup_stm32f10x_hd.o(.text)
    WWDG_IRQHandler                          0x080001f7   Thumb Code     0  startup_stm32f10x_hd.o(.text)
    __aeabi_memcpy                           0x08000201   Thumb Code    36  memcpya.o(.text)
    __aeabi_memcpy4                          0x08000201   Thumb Code     0  memcpya.o(.text)
    __aeabi_memcpy8                          0x08000201   Thumb Code     0  memcpya.o(.text)
    __aeabi_memset                           0x08000225   Thumb Code    14  memseta.o(.text)
    __aeabi_memset4                          0x08000225   Thumb Code     0  memseta.o(.text)
    __aeabi_memset8                          0x08000225   Thumb Code     0  memseta.o(.text)
    __aeabi_memclr                           0x08000233   Thumb Code     4  memseta.o(.text)
    __aeabi_memclr4                          0x08000233   Thumb Code     0  memseta.o(.text)
    __aeabi_memclr8                          0x08000233   Thumb Code     0  memseta.o(.text)
    _memset$wrapper                          0x08000237   Thumb Code    18  memseta.o(.text)
    __aeabi_dadd                             0x08000249   Thumb Code   322  dadd.o(.text)
    __aeabi_dsub                             0x0800038b   Thumb Code     6  dadd.o(.text)
    __aeabi_drsub                            0x08000391   Thumb Code     6  dadd.o(.text)
    __aeabi_dmul                             0x08000397   Thumb Code   228  dmul.o(.text)
    __aeabi_ddiv                             0x0800047b   Thumb Code   222  ddiv.o(.text)
    __aeabi_ui2d                             0x08000559   Thumb Code    26  dfltui.o(.text)
    __aeabi_f2d                              0x08000573   Thumb Code    38  f2d.o(.text)
    __aeabi_d2f                              0x08000599   Thumb Code    56  d2f.o(.text)
    __aeabi_uidiv                            0x080005d1   Thumb Code     0  uidiv.o(.text)
    __aeabi_uidivmod                         0x080005d1   Thumb Code    44  uidiv.o(.text)
    __aeabi_uldivmod                         0x080005fd   Thumb Code    98  uldiv.o(.text)
    __aeabi_llsl                             0x0800065f   Thumb Code    30  llshl.o(.text)
    _ll_shift_l                              0x0800065f   Thumb Code     0  llshl.o(.text)
    __aeabi_lasr                             0x0800067d   Thumb Code    36  llsshr.o(.text)
    _ll_sshift_r                             0x0800067d   Thumb Code     0  llsshr.o(.text)
    __I$use$fp                               0x080006a1   Thumb Code     0  iusefp.o(.text)
    _float_round                             0x080006a1   Thumb Code    18  fepilogue.o(.text)
    _float_epilogue                          0x080006b3   Thumb Code    92  fepilogue.o(.text)
    _double_round                            0x0800070f   Thumb Code    30  depilogue.o(.text)
    _double_epilogue                         0x0800072d   Thumb Code   156  depilogue.o(.text)
    __aeabi_d2ulz                            0x080007c9   Thumb Code    48  dfixul.o(.text)
    __aeabi_cdrcmple                         0x080007f9   Thumb Code    48  cdrcmple.o(.text)
    __scatterload                            0x08000829   Thumb Code    28  init.o(.text)
    __scatterload_rt2                        0x08000829   Thumb Code     0  init.o(.text)
    __aeabi_llsr                             0x0800084d   Thumb Code    32  llushr.o(.text)
    _ll_ushift_r                             0x0800084d   Thumb Code     0  llushr.o(.text)
    __decompress                             0x0800086d   Thumb Code     0  __dczerorl2.o(.text)
    __decompress1                            0x0800086d   Thumb Code    86  __dczerorl2.o(.text)
    ADC_Cmd                                  0x080008c3   Thumb Code    24  stm32f10x_adc.o(i.ADC_Cmd)
    ADC_DMACmd                               0x080008db   Thumb Code    24  stm32f10x_adc.o(i.ADC_DMACmd)
    ADC_GetCalibrationStatus                 0x080008f3   Thumb Code    14  stm32f10x_adc.o(i.ADC_GetCalibrationStatus)
    ADC_GetResetCalibrationStatus            0x08000901   Thumb Code    14  stm32f10x_adc.o(i.ADC_GetResetCalibrationStatus)
    ADC_Init                                 0x08000911   Thumb Code    62  stm32f10x_adc.o(i.ADC_Init)
    ADC_RegularChannelConfig                 0x08000959   Thumb Code   116  stm32f10x_adc.o(i.ADC_RegularChannelConfig)
    ADC_ResetCalibration                     0x080009cd   Thumb Code    10  stm32f10x_adc.o(i.ADC_ResetCalibration)
    ADC_SoftwareStartConvCmd                 0x080009d7   Thumb Code    24  stm32f10x_adc.o(i.ADC_SoftwareStartConvCmd)
    ADC_StartCalibration                     0x080009ef   Thumb Code    10  stm32f10x_adc.o(i.ADC_StartCalibration)
    ADC_TempSensorVrefintCmd                 0x080009f9   Thumb Code    26  stm32f10x_adc.o(i.ADC_TempSensorVrefintCmd)
    BKP_DeInit                               0x08000ad5   Thumb Code    18  stm32f10x_bkp.o(i.BKP_DeInit)
    BKP_ReadBackupRegister                   0x08000ae9   Thumb Code    14  stm32f10x_bkp.o(i.BKP_ReadBackupRegister)
    BKP_WriteBackupRegister                  0x08000afd   Thumb Code    14  stm32f10x_bkp.o(i.BKP_WriteBackupRegister)
    BusFault_Handler                         0x08000b11   Thumb Code     2  stm32f10x_it.o(i.BusFault_Handler)
    DMA_Cmd                                  0x08000b13   Thumb Code    26  stm32f10x_dma.o(i.DMA_Cmd)
    DMA_DeInit                               0x08000b2d   Thumb Code   238  stm32f10x_dma.o(i.DMA_DeInit)
    DMA_Init                                 0x08000c25   Thumb Code    58  stm32f10x_dma.o(i.DMA_Init)
    DebugMon_Handler                         0x08000c5f   Thumb Code     2  stm32f10x_it.o(i.DebugMon_Handler)
    FSMC_NORSRAMCmd                          0x08000c61   Thumb Code    30  stm32f10x_fsmc.o(i.FSMC_NORSRAMCmd)
    FSMC_NORSRAMInit                         0x08000c85   Thumb Code   202  stm32f10x_fsmc.o(i.FSMC_NORSRAMInit)
    GPIO_Init                                0x08000d4f   Thumb Code   166  stm32f10x_gpio.o(i.GPIO_Init)
    GPIO_Key_Iint                            0x08000df5   Thumb Code    48  module_key.o(i.GPIO_Key_Iint)
    GPIO_LED_Config                          0x08000e2d   Thumb Code    92  module_led.o(i.GPIO_LED_Config)
    GPIO_ReadInputDataBit                    0x08000e8d   Thumb Code    14  stm32f10x_gpio.o(i.GPIO_ReadInputDataBit)
    GPIO_ResetBits                           0x08000e9b   Thumb Code     4  stm32f10x_gpio.o(i.GPIO_ResetBits)
    GPIO_SetBits                             0x08000e9f   Thumb Code     4  stm32f10x_gpio.o(i.GPIO_SetBits)
    GetGBKCode_from_EXFlash                  0x08000ea5   Thumb Code    68  fonts.o(i.GetGBKCode_from_EXFlash)
    Get_Chip_Temperature                     0x08000f21   Thumb Code    60  module_adc.o(i.Get_Chip_Temperature)
    Get_Voltage                              0x08000f79   Thumb Code    28  module_adc.o(i.Get_Voltage)
    GregorianDay                             0x08000f9d   Thumb Code     2  bsp_date.o(i.GregorianDay)
    HardFault_Handler                        0x08000f9f   Thumb Code     2  stm32f10x_it.o(i.HardFault_Handler)
    ILI9341_BackLed_Control                  0x08000fa1   Thumb Code    22  bsp_ili9341_lcd.o(i.ILI9341_BackLed_Control)
    ILI9341_Clear                            0x08000fbd   Thumb Code    30  bsp_ili9341_lcd.o(i.ILI9341_Clear)
    ILI9341_DispChar_CH                      0x08000ff5   Thumb Code   108  bsp_ili9341_lcd.o(i.ILI9341_DispChar_CH)
    ILI9341_DispChar_EN                      0x08001065   Thumb Code   100  bsp_ili9341_lcd.o(i.ILI9341_DispChar_EN)
    ILI9341_DispStringLine_EN_CH             0x080010cd   Thumb Code   136  bsp_ili9341_lcd.o(i.ILI9341_DispStringLine_EN_CH)
    ILI9341_DispString_CH                    0x08001159   Thumb Code    78  bsp_ili9341_lcd.o(i.ILI9341_DispString_CH)
    ILI9341_DispString_EN_CH                 0x080011ad   Thumb Code   136  bsp_ili9341_lcd.o(i.ILI9341_DispString_EN_CH)
    ILI9341_GramScan                         0x08001429   Thumb Code   104  bsp_ili9341_lcd.o(i.ILI9341_GramScan)
    ILI9341_Init                             0x08001495   Thumb Code    36  bsp_ili9341_lcd.o(i.ILI9341_Init)
    ILI9341_OpenWindow                       0x080014bd   Thumb Code    60  bsp_ili9341_lcd.o(i.ILI9341_OpenWindow)
    ILI9341_Rst                              0x08001671   Thumb Code    44  bsp_ili9341_lcd.o(i.ILI9341_Rst)
    Key_Read                                 0x08001721   Thumb Code   110  module_key.o(i.Key_Read)
    LCD_GetFont                              0x08001795   Thumb Code     6  bsp_ili9341_lcd.o(i.LCD_GetFont)
    LCD_SetColors                            0x080017a1   Thumb Code     8  bsp_ili9341_lcd.o(i.LCD_SetColors)
    LCD_SetFont                              0x080017ad   Thumb Code     6  bsp_ili9341_lcd.o(i.LCD_SetFont)
    MemManage_Handler                        0x080017b9   Thumb Code     2  stm32f10x_it.o(i.MemManage_Handler)
    NMI_Handler                              0x080017bb   Thumb Code     2  stm32f10x_it.o(i.NMI_Handler)
    NVIC_PriorityGroupConfig                 0x080017bd   Thumb Code    10  misc.o(i.NVIC_PriorityGroupConfig)
    NVIC_SetVectorTable                      0x080017d1   Thumb Code    12  misc.o(i.NVIC_SetVectorTable)
    PWR_BackupAccessCmd                      0x080017e5   Thumb Code     6  stm32f10x_pwr.o(i.PWR_BackupAccessCmd)
    RCC_ADCCLKConfig                         0x080017f1   Thumb Code    14  stm32f10x_rcc.o(i.RCC_ADCCLKConfig)
    RCC_AHBPeriphClockCmd                    0x08001805   Thumb Code    22  stm32f10x_rcc.o(i.RCC_AHBPeriphClockCmd)
    RCC_APB1PeriphClockCmd                   0x08001821   Thumb Code    22  stm32f10x_rcc.o(i.RCC_APB1PeriphClockCmd)
    RCC_APB2PeriphClockCmd                   0x0800183d   Thumb Code    22  stm32f10x_rcc.o(i.RCC_APB2PeriphClockCmd)
    RCC_BackupResetCmd                       0x08001859   Thumb Code     6  stm32f10x_rcc.o(i.RCC_BackupResetCmd)
    RCC_ClearFlag                            0x08001865   Thumb Code    12  stm32f10x_rcc.o(i.RCC_ClearFlag)
    RCC_DeInit                               0x08001875   Thumb Code    50  stm32f10x_rcc.o(i.RCC_DeInit)
    RCC_GetClocksFreq                        0x080018b5   Thumb Code   154  stm32f10x_rcc.o(i.RCC_GetClocksFreq)
    RCC_GetFlagStatus                        0x08001961   Thumb Code    42  stm32f10x_rcc.o(i.RCC_GetFlagStatus)
    RCC_GetSYSCLKSource                      0x08001991   Thumb Code    10  stm32f10x_rcc.o(i.RCC_GetSYSCLKSource)
    RCC_HCLKConfig                           0x080019a1   Thumb Code    14  stm32f10x_rcc.o(i.RCC_HCLKConfig)
    RCC_HSEConfig                            0x080019b5   Thumb Code    50  stm32f10x_rcc.o(i.RCC_HSEConfig)
    RCC_LSEConfig                            0x080019ed   Thumb Code    34  stm32f10x_rcc.o(i.RCC_LSEConfig)
    RCC_PCLK1Config                          0x08001a15   Thumb Code    14  stm32f10x_rcc.o(i.RCC_PCLK1Config)
    RCC_PCLK2Config                          0x08001a29   Thumb Code    16  stm32f10x_rcc.o(i.RCC_PCLK2Config)
    RCC_PLLCmd                               0x08001a3d   Thumb Code     6  stm32f10x_rcc.o(i.RCC_PLLCmd)
    RCC_PLLConfig                            0x08001a49   Thumb Code    16  stm32f10x_rcc.o(i.RCC_PLLConfig)
    RCC_RTCCLKCmd                            0x08001a5d   Thumb Code     6  stm32f10x_rcc.o(i.RCC_RTCCLKCmd)
    RCC_RTCCLKConfig                         0x08001a69   Thumb Code    10  stm32f10x_rcc.o(i.RCC_RTCCLKConfig)
    RCC_SYSCLKConfig                         0x08001a79   Thumb Code    14  stm32f10x_rcc.o(i.RCC_SYSCLKConfig)
    RTC_CheckAndConfig                       0x08001a8d   Thumb Code    74  bsp_rtc.o(i.RTC_CheckAndConfig)
    RTC_ClearFlag                            0x08001ad9   Thumb Code    10  stm32f10x_rtc.o(i.RTC_ClearFlag)
    RTC_EnterConfigMode                      0x08001b41   Thumb Code    12  stm32f10x_rtc.o(i.RTC_EnterConfigMode)
    RTC_ExitConfigMode                       0x08001b51   Thumb Code    12  stm32f10x_rtc.o(i.RTC_ExitConfigMode)
    RTC_GetCounter                           0x08001b61   Thumb Code    16  stm32f10x_rtc.o(i.RTC_GetCounter)
    RTC_GetFlagStatus                        0x08001b75   Thumb Code    16  stm32f10x_rtc.o(i.RTC_GetFlagStatus)
    RTC_ITConfig                             0x08001b89   Thumb Code    22  stm32f10x_rtc.o(i.RTC_ITConfig)
    RTC_SetCounter                           0x08001ba5   Thumb Code    26  stm32f10x_rtc.o(i.RTC_SetCounter)
    RTC_SetPrescaler                         0x08001bc5   Thumb Code    28  stm32f10x_rtc.o(i.RTC_SetPrescaler)
    RTC_WaitForLastTask                      0x08001be5   Thumb Code    10  stm32f10x_rtc.o(i.RTC_WaitForLastTask)
    RTC_WaitForSynchro                       0x08001bf5   Thumb Code    18  stm32f10x_rtc.o(i.RTC_WaitForSynchro)
    SPI_Cmd                                  0x08001c0d   Thumb Code    24  stm32f10x_spi.o(i.SPI_Cmd)
    SPI_FLASH_BufferRead                     0x08001c25   Thumb Code    78  bsp_spi_flash.o(i.SPI_FLASH_BufferRead)
    SPI_FLASH_Init                           0x08001c79   Thumb Code   176  bsp_spi_flash.o(i.SPI_FLASH_Init)
    SPI_FLASH_SendByte                       0x08001d31   Thumb Code   102  bsp_spi_flash.o(i.SPI_FLASH_SendByte)
    SPI_I2S_GetFlagStatus                    0x08001da1   Thumb Code    14  stm32f10x_spi.o(i.SPI_I2S_GetFlagStatus)
    SPI_I2S_ReceiveData                      0x08001daf   Thumb Code     4  stm32f10x_spi.o(i.SPI_I2S_ReceiveData)
    SPI_I2S_SendData                         0x08001db3   Thumb Code     4  stm32f10x_spi.o(i.SPI_I2S_SendData)
    SPI_Init                                 0x08001db7   Thumb Code    56  stm32f10x_spi.o(i.SPI_Init)
    SysTick_CLKSourceConfig                  0x08001ee5   Thumb Code    28  misc.o(i.SysTick_CLKSourceConfig)
    SysTick_Handler                          0x08001f01   Thumb Code    38  port.o(i.SysTick_Handler)
    SystemInit                               0x08001f2d   Thumb Code    64  system_stm32f10x.o(i.SystemInit)
    Time_Adjust                              0x08001f7d   Thumb Code    40  bsp_rtc.o(i.Time_Adjust)
    Time_Display                             0x08001fa5   Thumb Code   160  bsp_rtc.o(i.Time_Display)
    USART_Cmd                                0x08002081   Thumb Code    24  stm32f10x_usart.o(i.USART_Cmd)
    USART_Config                             0x08002099   Thumb Code   122  module_usart.o(i.USART_Config)
    USART_GetFlagStatus                      0x0800211d   Thumb Code    14  stm32f10x_usart.o(i.USART_GetFlagStatus)
    USART_Init                               0x0800212d   Thumb Code   182  stm32f10x_usart.o(i.USART_Init)
    USART_SendData                           0x080021e9   Thumb Code     8  stm32f10x_usart.o(i.USART_SendData)
    UsageFault_Handler                       0x080021f1   Thumb Code     2  stm32f10x_it.o(i.UsageFault_Handler)
    __0printf                                0x080021f5   Thumb Code    22  printfa.o(i.__0printf)
    __1printf                                0x080021f5   Thumb Code     0  printfa.o(i.__0printf)
    __2printf                                0x080021f5   Thumb Code     0  printfa.o(i.__0printf)
    __c89printf                              0x080021f5   Thumb Code     0  printfa.o(i.__0printf)
    printf                                   0x080021f5   Thumb Code     0  printfa.o(i.__0printf)
    __0sprintf                               0x08002215   Thumb Code    34  printfa.o(i.__0sprintf)
    __1sprintf                               0x08002215   Thumb Code     0  printfa.o(i.__0sprintf)
    __2sprintf                               0x08002215   Thumb Code     0  printfa.o(i.__0sprintf)
    __c89sprintf                             0x08002215   Thumb Code     0  printfa.o(i.__0sprintf)
    sprintf                                  0x08002215   Thumb Code     0  printfa.o(i.__0sprintf)
    __scatterload_copy                       0x0800223d   Thumb Code    14  handlers.o(i.__scatterload_copy)
    __scatterload_null                       0x0800224b   Thumb Code     2  handlers.o(i.__scatterload_null)
    __scatterload_zeroinit                   0x0800224d   Thumb Code    14  handlers.o(i.__scatterload_zeroinit)
    adc_Init                                 0x08002b19   Thumb Code    18  module_adc.o(i.adc_Init)
    adc_task                                 0x08002b2d   Thumb Code    84  main.o(i.adc_task)
    alram_low                                0x08002b85   Thumb Code     2  menu.o(i.alram_low)
    alram_up                                 0x08002b87   Thumb Code     2  menu.o(i.alram_up)
    batu_set                                 0x08002b89   Thumb Code     2  menu.o(i.batu_set)
    btn_set                                  0x08002b8b   Thumb Code     2  menu.o(i.btn_set)
    data                                     0x08002b8d   Thumb Code     2  menu.o(i.data)
    dev_adress                               0x08002b8f   Thumb Code     2  menu.o(i.dev_adress)
    devport_set                              0x08002b91   Thumb Code     2  menu.o(i.devport_set)
    fputc                                    0x08002bf1   Thumb Code    30  module_usart.o(i.fputc)
    history_data                             0x08002c15   Thumb Code     2  menu.o(i.history_data)
    ip_set                                   0x08002c17   Thumb Code     2  menu.o(i.ip_set)
    key_task                                 0x08002c19   Thumb Code   126  main.o(i.key_task)
    lcd_Strinit                              0x08002cb9   Thumb Code    48  menu.o(i.lcd_Strinit)
    led_task                                 0x08002cf5   Thumb Code   146  main.o(i.led_task)
    lg_set                                   0x08002d8d   Thumb Code     2  menu.o(i.lg_set)
    main                                     0x08002d91   Thumb Code   108  main.o(i.main)
    main_menu                                0x08002e61   Thumb Code   312  menu.o(i.main_menu)
    menu_task                                0x08003039   Thumb Code    14  main.o(i.menu_task)
    mktimev                                  0x0800304d   Thumb Code   114  bsp_date.o(i.mktimev)
    parity_set                               0x080030c5   Thumb Code     2  menu.o(i.parity_set)
    pas_set                                  0x080030c7   Thumb Code     2  menu.o(i.pas_set)
    password_menu                            0x080030c9   Thumb Code   262  menu.o(i.password_menu)
    password_op                              0x080031fd   Thumb Code    66  password.o(i.password_op)
    pvPortMalloc                             0x0800375d   Thumb Code   154  heap_4.o(i.pvPortMalloc)
    pxPortInitialiseStack                    0x080037fd   Thumb Code    24  port.o(i.pxPortInitialiseStack)
    rtc_task                                 0x08003819   Thumb Code    80  main.o(i.rtc_task)
    second_menu1                             0x08003871   Thumb Code   160  menu.o(i.second_menu1)
    second_menu2                             0x0800395d   Thumb Code   154  menu.o(i.second_menu2)
    second_menu3                             0x08003a45   Thumb Code   152  menu.o(i.second_menu3)
    second_menu4                             0x08003b29   Thumb Code   154  menu.o(i.second_menu4)
    second_menu5                             0x08003c11   Thumb Code   152  menu.o(i.second_menu5)
    second_submenu1_1                        0x08003cf5   Thumb Code     2  menu.o(i.second_submenu1_1)
    second_submenu1_2                        0x08003cf7   Thumb Code     2  menu.o(i.second_submenu1_2)
    second_submenu1_3                        0x08003cf9   Thumb Code     2  menu.o(i.second_submenu1_3)
    second_submenu1_4                        0x08003cfb   Thumb Code     2  menu.o(i.second_submenu1_4)
    second_submenu2_1                        0x08003cfd   Thumb Code     2  menu.o(i.second_submenu2_1)
    second_submenu2_2                        0x08003cff   Thumb Code     2  menu.o(i.second_submenu2_2)
    second_submenu3_1                        0x08003d01   Thumb Code     2  menu.o(i.second_submenu3_1)
    second_submenu3_2                        0x08003d03   Thumb Code     2  menu.o(i.second_submenu3_2)
    second_submenu3_3                        0x08003d05   Thumb Code     2  menu.o(i.second_submenu3_3)
    second_submenu3_4                        0x08003d07   Thumb Code     2  menu.o(i.second_submenu3_4)
    second_submenu4_1                        0x08003d09   Thumb Code     2  menu.o(i.second_submenu4_1)
    second_submenu4_2                        0x08003d0b   Thumb Code     2  menu.o(i.second_submenu4_2)
    second_submenu5_1                        0x08003d0d   Thumb Code     2  menu.o(i.second_submenu5_1)
    second_submenu5_2                        0x08003d0f   Thumb Code     2  menu.o(i.second_submenu5_2)
    stopbit_set                              0x08003d11   Thumb Code     2  menu.o(i.stopbit_set)
    time_set                                 0x08003d13   Thumb Code     2  menu.o(i.time_set)
    to_tm                                    0x08003d15   Thumb Code   152  bsp_date.o(i.to_tm)
    uxListRemove                             0x08003db5   Thumb Code    38  list.o(i.uxListRemove)
    vListInitialise                          0x08003ddb   Thumb Code    22  list.o(i.vListInitialise)
    vListInitialiseItem                      0x08003df1   Thumb Code     6  list.o(i.vListInitialiseItem)
    vListInsert                              0x08003df7   Thumb Code    48  list.o(i.vListInsert)
    vListInsertEnd                           0x08003e27   Thumb Code    24  list.o(i.vListInsertEnd)
    vPortEnterCritical                       0x08003e41   Thumb Code    24  port.o(i.vPortEnterCritical)
    vPortExitCritical                        0x08003e5d   Thumb Code    18  port.o(i.vPortExitCritical)
    vPortFree                                0x08003e75   Thumb Code    64  heap_4.o(i.vPortFree)
    vPortSetupTimerInterrupt                 0x08003eb9   Thumb Code    20  port.o(i.vPortSetupTimerInterrupt)
    vTaskDelete                              0x08003ed1   Thumb Code   144  tasks.o(i.vTaskDelete)
    vTaskInternalSetTimeOutState             0x08003f6d   Thumb Code    12  tasks.o(i.vTaskInternalSetTimeOutState)
    vTaskMissedYield                         0x08003f7d   Thumb Code     8  tasks.o(i.vTaskMissedYield)
    vTaskPlaceOnEventList                    0x08003f89   Thumb Code    26  tasks.o(i.vTaskPlaceOnEventList)
    vTaskStartScheduler                      0x08003fa9   Thumb Code    64  tasks.o(i.vTaskStartScheduler)
    vTaskSuspendAll                          0x08003ff9   Thumb Code    10  tasks.o(i.vTaskSuspendAll)
    vTaskSwitchContext                       0x08004009   Thumb Code    64  tasks.o(i.vTaskSwitchContext)
    xPortStartScheduler                      0x08004081   Thumb Code    38  port.o(i.xPortStartScheduler)
    xQueueGenericCreate                      0x080040b1   Thumb Code    64  queue.o(i.xQueueGenericCreate)
    xQueueGenericReset                       0x080040f1   Thumb Code   142  queue.o(i.xQueueGenericReset)
    xQueueGenericSend                        0x08004185   Thumb Code   244  queue.o(i.xQueueGenericSend)
    xQueueReceive                            0x0800427d   Thumb Code   236  queue.o(i.xQueueReceive)
    xTaskCheckForTimeOut                     0x0800436d   Thumb Code    84  tasks.o(i.xTaskCheckForTimeOut)
    xTaskCreate                              0x080043c5   Thumb Code   104  tasks.o(i.xTaskCreate)
    xTaskDelayUntil                          0x0800442d   Thumb Code    84  tasks.o(i.xTaskDelayUntil)
    xTaskGenericNotify                       0x08004489   Thumb Code   236  tasks.o(i.xTaskGenericNotify)
    xTaskGenericNotifyWait                   0x08004581   Thumb Code   158  tasks.o(i.xTaskGenericNotifyWait)
    xTaskGetTickCount                        0x08004629   Thumb Code     6  tasks.o(i.xTaskGetTickCount)
    xTaskIncrementTick                       0x08004635   Thumb Code   274  tasks.o(i.xTaskIncrementTick)
    xTaskRemoveFromEventList                 0x08004751   Thumb Code   192  tasks.o(i.xTaskRemoveFromEventList)
    xTaskResumeAll                           0x08004819   Thumb Code   264  tasks.o(i.xTaskResumeAll)
    ASCII8x16_Table                          0x0800492c   Data        1520  fonts.o(.constdata)
    Region$$Table$$Base                      0x08004f68   Number         0  anon$$obj.o(Region$$Table)
    Region$$Table$$Limit                     0x08004f88   Number         0  anon$$obj.o(Region$$Table)
    key_time                                 0x20000002   Data           1  module_key.o(.data)
    ADC_Buf                                  0x20000008   Data           4  module_adc.o(.data)
    LCD_SCAN_MODE                            0x2000000c   Data           1  bsp_ili9341_lcd.o(.data)
    LCD_X_LENGTH                             0x2000000e   Data           2  bsp_ili9341_lcd.o(.data)
    LCD_Y_LENGTH                             0x20000010   Data           2  bsp_ili9341_lcd.o(.data)
    Font8x16                                 0x2000001c   Data           8  fonts.o(.data)
    menu_table                               0x2000002c   Data         280  menu.o(.data)
    systime                                  0x20000148   Data          28  global.o(.data)
    led_taskhandle                           0x20000164   Data           4  global.o(.data)
    key_taskhandle                           0x20000168   Data           4  global.o(.data)
    adc_taskhandle                           0x2000016c   Data           4  global.o(.data)
    menu_taskhandle                          0x20000170   Data           4  global.o(.data)
    rtc_taskhandle                           0x20000174   Data           4  global.o(.data)
    key_queuehandle                          0x20000178   Data           4  global.o(.data)
    adc_queuehandle                          0x2000017c   Data           4  global.o(.data)
    rtc_queuehandle                          0x20000180   Data           4  global.o(.data)
    WEEK_STR                                 0x20000184   Data          28  bsp_rtc.o(.data)
    zodiac_sign                              0x200001a0   Data          48  bsp_rtc.o(.data)
    pxCurrentTCB                             0x20000218   Data           4  tasks.o(.data)
    uxTopUsedPriority                        0x20000248   Data           4  tasks.o(.data)
    __stdout                                 0x20000278   Data           4  stdout.o(.data)
    __initial_sp                             0x20004b48   Data           0  startup_stm32f10x_hd.o(STACK)



==============================================================================

Memory Map of the image

  Image Entry point : 0x08000131

  Load Region LR_IROM1 (Base: 0x08000000, Size: 0x00005204, Max: 0x00080000, ABSOLUTE, COMPRESSED[0x000050d4])

    Execution Region ER_IROM1 (Exec base: 0x08000000, Load base: 0x08000000, Size: 0x00004f88, Max: 0x00080000, ABSOLUTE)

    Exec Addr    Load Addr    Size         Type   Attr      Idx    E Section Name        Object

    0x08000000   0x08000000   0x00000130   Data   RO            3    RESET               startup_stm32f10x_hd.o
    0x08000130   0x08000130   0x00000000   Code   RO         5309  * .ARM.Collect$$$$00000000  mc_w.l(entry.o)
    0x08000130   0x08000130   0x00000004   Code   RO         5591    .ARM.Collect$$$$00000001  mc_w.l(entry2.o)
    0x08000134   0x08000134   0x00000004   Code   RO         5594    .ARM.Collect$$$$00000004  mc_w.l(entry5.o)
    0x08000138   0x08000138   0x00000000   Code   RO         5596    .ARM.Collect$$$$00000008  mc_w.l(entry7b.o)
    0x08000138   0x08000138   0x00000000   Code   RO         5598    .ARM.Collect$$$$0000000A  mc_w.l(entry8b.o)
    0x08000138   0x08000138   0x00000008   Code   RO         5599    .ARM.Collect$$$$0000000B  mc_w.l(entry9a.o)
    0x08000140   0x08000140   0x00000000   Code   RO         5601    .ARM.Collect$$$$0000000D  mc_w.l(entry10a.o)
    0x08000140   0x08000140   0x00000000   Code   RO         5603    .ARM.Collect$$$$0000000F  mc_w.l(entry11a.o)
    0x08000140   0x08000140   0x00000004   Code   RO         5592    .ARM.Collect$$$$00002712  mc_w.l(entry2.o)
    0x08000144   0x08000144   0x00000096   Code   RO         5177    .emb_text           port.o
    0x080001da   0x080001da   0x00000002   PAD
    0x080001dc   0x080001dc   0x00000024   Code   RO            4    .text               startup_stm32f10x_hd.o
    0x08000200   0x08000200   0x00000024   Code   RO         5312    .text               mc_w.l(memcpya.o)
    0x08000224   0x08000224   0x00000024   Code   RO         5314    .text               mc_w.l(memseta.o)
    0x08000248   0x08000248   0x0000014e   Code   RO         5579    .text               mf_w.l(dadd.o)
    0x08000396   0x08000396   0x000000e4   Code   RO         5581    .text               mf_w.l(dmul.o)
    0x0800047a   0x0800047a   0x000000de   Code   RO         5583    .text               mf_w.l(ddiv.o)
    0x08000558   0x08000558   0x0000001a   Code   RO         5585    .text               mf_w.l(dfltui.o)
    0x08000572   0x08000572   0x00000026   Code   RO         5587    .text               mf_w.l(f2d.o)
    0x08000598   0x08000598   0x00000038   Code   RO         5589    .text               mf_w.l(d2f.o)
    0x080005d0   0x080005d0   0x0000002c   Code   RO         5606    .text               mc_w.l(uidiv.o)
    0x080005fc   0x080005fc   0x00000062   Code   RO         5608    .text               mc_w.l(uldiv.o)
    0x0800065e   0x0800065e   0x0000001e   Code   RO         5610    .text               mc_w.l(llshl.o)
    0x0800067c   0x0800067c   0x00000024   Code   RO         5612    .text               mc_w.l(llsshr.o)
    0x080006a0   0x080006a0   0x00000000   Code   RO         5614    .text               mc_w.l(iusefp.o)
    0x080006a0   0x080006a0   0x0000006e   Code   RO         5615    .text               mf_w.l(fepilogue.o)
    0x0800070e   0x0800070e   0x000000ba   Code   RO         5617    .text               mf_w.l(depilogue.o)
    0x080007c8   0x080007c8   0x00000030   Code   RO         5619    .text               mf_w.l(dfixul.o)
    0x080007f8   0x080007f8   0x00000030   Code   RO         5621    .text               mf_w.l(cdrcmple.o)
    0x08000828   0x08000828   0x00000024   Code   RO         5623    .text               mc_w.l(init.o)
    0x0800084c   0x0800084c   0x00000020   Code   RO         5625    .text               mc_w.l(llushr.o)
    0x0800086c   0x0800086c   0x00000056   Code   RO         5635    .text               mc_w.l(__dczerorl2.o)
    0x080008c2   0x080008c2   0x00000018   Code   RO         1480    i.ADC_Cmd           stm32f10x_adc.o
    0x080008da   0x080008da   0x00000018   Code   RO         1481    i.ADC_DMACmd        stm32f10x_adc.o
    0x080008f2   0x080008f2   0x0000000e   Code   RO         1488    i.ADC_GetCalibrationStatus  stm32f10x_adc.o
    0x08000900   0x08000900   0x0000000e   Code   RO         1494    i.ADC_GetResetCalibrationStatus  stm32f10x_adc.o
    0x0800090e   0x0800090e   0x00000002   PAD
    0x08000910   0x08000910   0x00000048   Code   RO         1498    i.ADC_Init          stm32f10x_adc.o
    0x08000958   0x08000958   0x00000074   Code   RO         1502    i.ADC_RegularChannelConfig  stm32f10x_adc.o
    0x080009cc   0x080009cc   0x0000000a   Code   RO         1503    i.ADC_ResetCalibration  stm32f10x_adc.o
    0x080009d6   0x080009d6   0x00000018   Code   RO         1505    i.ADC_SoftwareStartConvCmd  stm32f10x_adc.o
    0x080009ee   0x080009ee   0x0000000a   Code   RO         1507    i.ADC_StartCalibration  stm32f10x_adc.o
    0x080009f8   0x080009f8   0x00000020   Code   RO         1509    i.ADC_TempSensorVrefintCmd  stm32f10x_adc.o
    0x08000a18   0x08000a18   0x00000024   Code   RO          507    i.ADCxGPIO_Config   module_adc.o
    0x08000a3c   0x08000a3c   0x00000098   Code   RO          508    i.ADCx_Config       module_adc.o
    0x08000ad4   0x08000ad4   0x00000012   Code   RO         1710    i.BKP_DeInit        stm32f10x_bkp.o
    0x08000ae6   0x08000ae6   0x00000002   PAD
    0x08000ae8   0x08000ae8   0x00000014   Code   RO         1715    i.BKP_ReadBackupRegister  stm32f10x_bkp.o
    0x08000afc   0x08000afc   0x00000014   Code   RO         1719    i.BKP_WriteBackupRegister  stm32f10x_bkp.o
    0x08000b10   0x08000b10   0x00000002   Code   RO          314    i.BusFault_Handler  stm32f10x_it.o
    0x08000b12   0x08000b12   0x0000001a   Code   RO         2249    i.DMA_Cmd           stm32f10x_dma.o
    0x08000b2c   0x08000b2c   0x000000f8   Code   RO         2250    i.DMA_DeInit        stm32f10x_dma.o
    0x08000c24   0x08000c24   0x0000003a   Code   RO         2255    i.DMA_Init          stm32f10x_dma.o
    0x08000c5e   0x08000c5e   0x00000002   Code   RO          315    i.DebugMon_Handler  stm32f10x_it.o
    0x08000c60   0x08000c60   0x00000024   Code   RO         2594    i.FSMC_NORSRAMCmd   stm32f10x_fsmc.o
    0x08000c84   0x08000c84   0x000000ca   Code   RO         2596    i.FSMC_NORSRAMInit  stm32f10x_fsmc.o
    0x08000d4e   0x08000d4e   0x000000a6   Code   RO         2721    i.GPIO_Init         stm32f10x_gpio.o
    0x08000df4   0x08000df4   0x00000038   Code   RO          461    i.GPIO_Key_Iint     module_key.o
    0x08000e2c   0x08000e2c   0x00000060   Code   RO          371    i.GPIO_LED_Config   module_led.o
    0x08000e8c   0x08000e8c   0x0000000e   Code   RO         2725    i.GPIO_ReadInputDataBit  stm32f10x_gpio.o
    0x08000e9a   0x08000e9a   0x00000004   Code   RO         2728    i.GPIO_ResetBits    stm32f10x_gpio.o
    0x08000e9e   0x08000e9e   0x00000004   Code   RO         2729    i.GPIO_SetBits      stm32f10x_gpio.o
    0x08000ea2   0x08000ea2   0x00000002   PAD
    0x08000ea4   0x08000ea4   0x0000004c   Code   RO          823    i.GetGBKCode_from_EXFlash  fonts.o
    0x08000ef0   0x08000ef0   0x00000030   Code   RO          462    i.GetPort_Value     module_key.o
    0x08000f20   0x08000f20   0x00000058   Code   RO          509    i.Get_Chip_Temperature  module_adc.o
    0x08000f78   0x08000f78   0x00000024   Code   RO          510    i.Get_Voltage       module_adc.o
    0x08000f9c   0x08000f9c   0x00000002   Code   RO         1333    i.GregorianDay      bsp_date.o
    0x08000f9e   0x08000f9e   0x00000002   Code   RO          316    i.HardFault_Handler  stm32f10x_it.o
    0x08000fa0   0x08000fa0   0x0000001c   Code   RO          564    i.ILI9341_BackLed_Control  bsp_ili9341_lcd.o
    0x08000fbc   0x08000fbc   0x00000024   Code   RO          565    i.ILI9341_Clear     bsp_ili9341_lcd.o
    0x08000fe0   0x08000fe0   0x00000012   Code   RO          566    i.ILI9341_Delay     bsp_ili9341_lcd.o
    0x08000ff2   0x08000ff2   0x00000002   PAD
    0x08000ff4   0x08000ff4   0x00000070   Code   RO          567    i.ILI9341_DispChar_CH  bsp_ili9341_lcd.o
    0x08001064   0x08001064   0x00000068   Code   RO          568    i.ILI9341_DispChar_EN  bsp_ili9341_lcd.o
    0x080010cc   0x080010cc   0x0000008c   Code   RO          570    i.ILI9341_DispStringLine_EN_CH  bsp_ili9341_lcd.o
    0x08001158   0x08001158   0x00000054   Code   RO          571    i.ILI9341_DispString_CH  bsp_ili9341_lcd.o
    0x080011ac   0x080011ac   0x0000008c   Code   RO          573    i.ILI9341_DispString_EN_CH  bsp_ili9341_lcd.o
    0x08001238   0x08001238   0x0000005a   Code   RO          582    i.ILI9341_FSMC_Config  bsp_ili9341_lcd.o
    0x08001292   0x08001292   0x0000001c   Code   RO          583    i.ILI9341_FillColor  bsp_ili9341_lcd.o
    0x080012ae   0x080012ae   0x00000002   PAD
    0x080012b0   0x080012b0   0x00000178   Code   RO          584    i.ILI9341_GPIO_Config  bsp_ili9341_lcd.o
    0x08001428   0x08001428   0x0000006c   Code   RO          586    i.ILI9341_GramScan  bsp_ili9341_lcd.o
    0x08001494   0x08001494   0x00000028   Code   RO          587    i.ILI9341_Init      bsp_ili9341_lcd.o
    0x080014bc   0x080014bc   0x0000003c   Code   RO          588    i.ILI9341_OpenWindow  bsp_ili9341_lcd.o
    0x080014f8   0x080014f8   0x00000178   Code   RO          589    i.ILI9341_REG_Config  bsp_ili9341_lcd.o
    0x08001670   0x08001670   0x00000030   Code   RO          591    i.ILI9341_Rst       bsp_ili9341_lcd.o
    0x080016a0   0x080016a0   0x00000080   Code   RO          463    i.Key_Drive         module_key.o
    0x08001720   0x08001720   0x00000074   Code   RO          464    i.Key_Read          module_key.o
    0x08001794   0x08001794   0x0000000c   Code   RO          597    i.LCD_GetFont       bsp_ili9341_lcd.o
    0x080017a0   0x080017a0   0x0000000c   Code   RO          599    i.LCD_SetColors     bsp_ili9341_lcd.o
    0x080017ac   0x080017ac   0x0000000c   Code   RO          600    i.LCD_SetFont       bsp_ili9341_lcd.o
    0x080017b8   0x080017b8   0x00000002   Code   RO          317    i.MemManage_Handler  stm32f10x_it.o
    0x080017ba   0x080017ba   0x00000002   Code   RO          318    i.NMI_Handler       stm32f10x_it.o
    0x080017bc   0x080017bc   0x00000014   Code   RO         1427    i.NVIC_PriorityGroupConfig  misc.o
    0x080017d0   0x080017d0   0x00000014   Code   RO         1428    i.NVIC_SetVectorTable  misc.o
    0x080017e4   0x080017e4   0x0000000c   Code   RO         3111    i.PWR_BackupAccessCmd  stm32f10x_pwr.o
    0x080017f0   0x080017f0   0x00000014   Code   RO         3183    i.RCC_ADCCLKConfig  stm32f10x_rcc.o
    0x08001804   0x08001804   0x0000001c   Code   RO         3184    i.RCC_AHBPeriphClockCmd  stm32f10x_rcc.o
    0x08001820   0x08001820   0x0000001c   Code   RO         3185    i.RCC_APB1PeriphClockCmd  stm32f10x_rcc.o
    0x0800183c   0x0800183c   0x0000001c   Code   RO         3187    i.RCC_APB2PeriphClockCmd  stm32f10x_rcc.o
    0x08001858   0x08001858   0x0000000c   Code   RO         3190    i.RCC_BackupResetCmd  stm32f10x_rcc.o
    0x08001864   0x08001864   0x00000010   Code   RO         3191    i.RCC_ClearFlag     stm32f10x_rcc.o
    0x08001874   0x08001874   0x00000040   Code   RO         3194    i.RCC_DeInit        stm32f10x_rcc.o
    0x080018b4   0x080018b4   0x000000ac   Code   RO         3195    i.RCC_GetClocksFreq  stm32f10x_rcc.o
    0x08001960   0x08001960   0x00000030   Code   RO         3196    i.RCC_GetFlagStatus  stm32f10x_rcc.o
    0x08001990   0x08001990   0x00000010   Code   RO         3198    i.RCC_GetSYSCLKSource  stm32f10x_rcc.o
    0x080019a0   0x080019a0   0x00000014   Code   RO         3199    i.RCC_HCLKConfig    stm32f10x_rcc.o
    0x080019b4   0x080019b4   0x00000038   Code   RO         3200    i.RCC_HSEConfig     stm32f10x_rcc.o
    0x080019ec   0x080019ec   0x00000028   Code   RO         3203    i.RCC_LSEConfig     stm32f10x_rcc.o
    0x08001a14   0x08001a14   0x00000014   Code   RO         3206    i.RCC_PCLK1Config   stm32f10x_rcc.o
    0x08001a28   0x08001a28   0x00000014   Code   RO         3207    i.RCC_PCLK2Config   stm32f10x_rcc.o
    0x08001a3c   0x08001a3c   0x0000000c   Code   RO         3208    i.RCC_PLLCmd        stm32f10x_rcc.o
    0x08001a48   0x08001a48   0x00000014   Code   RO         3209    i.RCC_PLLConfig     stm32f10x_rcc.o
    0x08001a5c   0x08001a5c   0x0000000c   Code   RO         3210    i.RCC_RTCCLKCmd     stm32f10x_rcc.o
    0x08001a68   0x08001a68   0x00000010   Code   RO         3211    i.RCC_RTCCLKConfig  stm32f10x_rcc.o
    0x08001a78   0x08001a78   0x00000014   Code   RO         3212    i.RCC_SYSCLKConfig  stm32f10x_rcc.o
    0x08001a8c   0x08001a8c   0x0000004a   Code   RO         1281    i.RTC_CheckAndConfig  bsp_rtc.o
    0x08001ad6   0x08001ad6   0x00000002   PAD
    0x08001ad8   0x08001ad8   0x00000010   Code   RO         3395    i.RTC_ClearFlag     stm32f10x_rtc.o
    0x08001ae8   0x08001ae8   0x00000058   Code   RO         1282    i.RTC_Configuration  bsp_rtc.o
    0x08001b40   0x08001b40   0x00000010   Code   RO         3397    i.RTC_EnterConfigMode  stm32f10x_rtc.o
    0x08001b50   0x08001b50   0x00000010   Code   RO         3398    i.RTC_ExitConfigMode  stm32f10x_rtc.o
    0x08001b60   0x08001b60   0x00000014   Code   RO         3399    i.RTC_GetCounter    stm32f10x_rtc.o
    0x08001b74   0x08001b74   0x00000014   Code   RO         3401    i.RTC_GetFlagStatus  stm32f10x_rtc.o
    0x08001b88   0x08001b88   0x0000001c   Code   RO         3403    i.RTC_ITConfig      stm32f10x_rtc.o
    0x08001ba4   0x08001ba4   0x00000020   Code   RO         3405    i.RTC_SetCounter    stm32f10x_rtc.o
    0x08001bc4   0x08001bc4   0x00000020   Code   RO         3406    i.RTC_SetPrescaler  stm32f10x_rtc.o
    0x08001be4   0x08001be4   0x00000010   Code   RO         3407    i.RTC_WaitForLastTask  stm32f10x_rtc.o
    0x08001bf4   0x08001bf4   0x00000018   Code   RO         3408    i.RTC_WaitForSynchro  stm32f10x_rtc.o
    0x08001c0c   0x08001c0c   0x00000018   Code   RO         3700    i.SPI_Cmd           stm32f10x_spi.o
    0x08001c24   0x08001c24   0x00000054   Code   RO          862    i.SPI_FLASH_BufferRead  bsp_spi_flash.o
    0x08001c78   0x08001c78   0x000000b8   Code   RO          865    i.SPI_FLASH_Init    bsp_spi_flash.o
    0x08001d30   0x08001d30   0x00000070   Code   RO          871    i.SPI_FLASH_SendByte  bsp_spi_flash.o
    0x08001da0   0x08001da0   0x0000000e   Code   RO         3708    i.SPI_I2S_GetFlagStatus  stm32f10x_spi.o
    0x08001dae   0x08001dae   0x00000004   Code   RO         3711    i.SPI_I2S_ReceiveData  stm32f10x_spi.o
    0x08001db2   0x08001db2   0x00000004   Code   RO         3712    i.SPI_I2S_SendData  stm32f10x_spi.o
    0x08001db6   0x08001db6   0x00000038   Code   RO         3713    i.SPI_Init          stm32f10x_spi.o
    0x08001dee   0x08001dee   0x00000002   PAD
    0x08001df0   0x08001df0   0x00000040   Code   RO          878    i.SPI_TIMEOUT_UserCallback  bsp_spi_flash.o
    0x08001e30   0x08001e30   0x00000004   Code   RO           13    i.SetSysClock       system_stm32f10x.o
    0x08001e34   0x08001e34   0x000000b0   Code   RO           14    i.SetSysClockTo72   system_stm32f10x.o
    0x08001ee4   0x08001ee4   0x0000001c   Code   RO         1430    i.SysTick_CLKSourceConfig  misc.o
    0x08001f00   0x08001f00   0x0000002c   Code   RO         5178    i.SysTick_Handler   port.o
    0x08001f2c   0x08001f2c   0x00000050   Code   RO           16    i.SystemInit        system_stm32f10x.o
    0x08001f7c   0x08001f7c   0x00000028   Code   RO         1283    i.Time_Adjust       bsp_rtc.o
    0x08001fa4   0x08001fa4   0x000000dc   Code   RO         1284    i.Time_Display      bsp_rtc.o
    0x08002080   0x08002080   0x00000018   Code   RO         4415    i.USART_Cmd         stm32f10x_usart.o
    0x08002098   0x08002098   0x00000084   Code   RO          398    i.USART_Config      module_usart.o
    0x0800211c   0x0800211c   0x0000000e   Code   RO         4418    i.USART_GetFlagStatus  stm32f10x_usart.o
    0x0800212a   0x0800212a   0x00000002   PAD
    0x0800212c   0x0800212c   0x000000bc   Code   RO         4422    i.USART_Init        stm32f10x_usart.o
    0x080021e8   0x080021e8   0x00000008   Code   RO         4432    i.USART_SendData    stm32f10x_usart.o
    0x080021f0   0x080021f0   0x00000002   Code   RO          319    i.UsageFault_Handler  stm32f10x_it.o
    0x080021f2   0x080021f2   0x00000002   PAD
    0x080021f4   0x080021f4   0x00000020   Code   RO         5551    i.__0printf         mc_w.l(printfa.o)
    0x08002214   0x08002214   0x00000028   Code   RO         5553    i.__0sprintf        mc_w.l(printfa.o)
    0x0800223c   0x0800223c   0x0000000e   Code   RO         5629    i.__scatterload_copy  mc_w.l(handlers.o)
    0x0800224a   0x0800224a   0x00000002   Code   RO         5630    i.__scatterload_null  mc_w.l(handlers.o)
    0x0800224c   0x0800224c   0x0000000e   Code   RO         5631    i.__scatterload_zeroinit  mc_w.l(handlers.o)
    0x0800225a   0x0800225a   0x00000002   PAD
    0x0800225c   0x0800225c   0x00000184   Code   RO         5558    i._fp_digits        mc_w.l(printfa.o)
    0x080023e0   0x080023e0   0x000006dc   Code   RO         5559    i._printf_core      mc_w.l(printfa.o)
    0x08002abc   0x08002abc   0x00000024   Code   RO         5560    i._printf_post_padding  mc_w.l(printfa.o)
    0x08002ae0   0x08002ae0   0x0000002e   Code   RO         5561    i._printf_pre_padding  mc_w.l(printfa.o)
    0x08002b0e   0x08002b0e   0x0000000a   Code   RO         5563    i._sputc            mc_w.l(printfa.o)
    0x08002b18   0x08002b18   0x00000012   Code   RO          511    i.adc_Init          module_adc.o
    0x08002b2a   0x08002b2a   0x00000002   PAD
    0x08002b2c   0x08002b2c   0x00000058   Code   RO          151    i.adc_task          main.o
    0x08002b84   0x08002b84   0x00000002   Code   RO          986    i.alram_low         menu.o
    0x08002b86   0x08002b86   0x00000002   Code   RO          987    i.alram_up          menu.o
    0x08002b88   0x08002b88   0x00000002   Code   RO          988    i.batu_set          menu.o
    0x08002b8a   0x08002b8a   0x00000002   Code   RO          989    i.btn_set           menu.o
    0x08002b8c   0x08002b8c   0x00000002   Code   RO          990    i.data              menu.o
    0x08002b8e   0x08002b8e   0x00000002   Code   RO          991    i.dev_adress        menu.o
    0x08002b90   0x08002b90   0x00000002   Code   RO          992    i.devport_set       menu.o
    0x08002b92   0x08002b92   0x00000002   PAD
    0x08002b94   0x08002b94   0x0000005c   Code   RO          512    i.dma_Init          module_adc.o
    0x08002bf0   0x08002bf0   0x00000024   Code   RO          404    i.fputc             module_usart.o
    0x08002c14   0x08002c14   0x00000002   Code   RO          993    i.history_data      menu.o
    0x08002c16   0x08002c16   0x00000002   Code   RO          994    i.ip_set            menu.o
    0x08002c18   0x08002c18   0x000000a0   Code   RO          152    i.key_task          main.o
    0x08002cb8   0x08002cb8   0x0000003c   Code   RO          995    i.lcd_Strinit       menu.o
    0x08002cf4   0x08002cf4   0x00000098   Code   RO          153    i.led_task          main.o
    0x08002d8c   0x08002d8c   0x00000002   Code   RO          996    i.lg_set            menu.o
    0x08002d8e   0x08002d8e   0x00000002   PAD
    0x08002d90   0x08002d90   0x000000d0   Code   RO          154    i.main              main.o
    0x08002e60   0x08002e60   0x000001d8   Code   RO          997    i.main_menu         menu.o
    0x08003038   0x08003038   0x00000014   Code   RO          155    i.menu_task         main.o
    0x0800304c   0x0800304c   0x00000078   Code   RO         1334    i.mktimev           bsp_date.o
    0x080030c4   0x080030c4   0x00000002   Code   RO          998    i.parity_set        menu.o
    0x080030c6   0x080030c6   0x00000002   Code   RO          999    i.pas_set           menu.o
    0x080030c8   0x080030c8   0x00000134   Code   RO         1000    i.password_menu     menu.o
    0x080031fc   0x080031fc   0x00000042   Code   RO         1372    i.password_op       password.o
    0x0800323e   0x0800323e   0x00000002   PAD
    0x08003240   0x08003240   0x0000008c   Code   RO         4871    i.prvAddCurrentTaskToDelayedList  tasks.o
    0x080032cc   0x080032cc   0x000000a8   Code   RO         4872    i.prvAddNewTaskToReadyList  tasks.o
    0x08003374   0x08003374   0x0000003c   Code   RO         4873    i.prvCheckTasksWaitingTermination  tasks.o
    0x080033b0   0x080033b0   0x00000028   Code   RO         4714    i.prvCopyDataFromQueue  queue.o
    0x080033d8   0x080033d8   0x0000005c   Code   RO         4715    i.prvCopyDataToQueue  queue.o
    0x08003434   0x08003434   0x00000014   Code   RO         4874    i.prvDeleteTCB      tasks.o
    0x08003448   0x08003448   0x00000048   Code   RO         5248    i.prvHeapInit       heap_4.o
    0x08003490   0x08003490   0x00000028   Code   RO         4875    i.prvIdleTask       tasks.o
    0x080034b8   0x080034b8   0x00000018   Code   RO         4716    i.prvInitialiseNewQueue  queue.o
    0x080034d0   0x080034d0   0x0000006e   Code   RO         4876    i.prvInitialiseNewTask  tasks.o
    0x0800353e   0x0800353e   0x00000002   PAD
    0x08003540   0x08003540   0x00000058   Code   RO         4877    i.prvInitialiseTaskLists  tasks.o
    0x08003598   0x08003598   0x00000054   Code   RO         5249    i.prvInsertBlockIntoFreeList  heap_4.o
    0x080035ec   0x080035ec   0x0000001a   Code   RO         4717    i.prvIsQueueEmpty   queue.o
    0x08003606   0x08003606   0x0000001e   Code   RO         4718    i.prvIsQueueFull    queue.o
    0x08003624   0x08003624   0x00000020   Code   RO         4878    i.prvResetNextTaskUnblockTime  tasks.o
    0x08003644   0x08003644   0x0000009c   Code   RO          156    i.prvSetupHardware  main.o
    0x080036e0   0x080036e0   0x00000010   Code   RO         5179    i.prvTaskExitError  port.o
    0x080036f0   0x080036f0   0x0000006a   Code   RO         4719    i.prvUnlockQueue    queue.o
    0x0800375a   0x0800375a   0x00000002   PAD
    0x0800375c   0x0800375c   0x000000a0   Code   RO         5251    i.pvPortMalloc      heap_4.o
    0x080037fc   0x080037fc   0x0000001c   Code   RO         5180    i.pxPortInitialiseStack  port.o
    0x08003818   0x08003818   0x00000058   Code   RO          157    i.rtc_task          main.o
    0x08003870   0x08003870   0x000000ec   Code   RO         1001    i.second_menu1      menu.o
    0x0800395c   0x0800395c   0x000000e8   Code   RO         1002    i.second_menu2      menu.o
    0x08003a44   0x08003a44   0x000000e4   Code   RO         1003    i.second_menu3      menu.o
    0x08003b28   0x08003b28   0x000000e8   Code   RO         1004    i.second_menu4      menu.o
    0x08003c10   0x08003c10   0x000000e4   Code   RO         1005    i.second_menu5      menu.o
    0x08003cf4   0x08003cf4   0x00000002   Code   RO         1006    i.second_submenu1_1  menu.o
    0x08003cf6   0x08003cf6   0x00000002   Code   RO         1007    i.second_submenu1_2  menu.o
    0x08003cf8   0x08003cf8   0x00000002   Code   RO         1008    i.second_submenu1_3  menu.o
    0x08003cfa   0x08003cfa   0x00000002   Code   RO         1009    i.second_submenu1_4  menu.o
    0x08003cfc   0x08003cfc   0x00000002   Code   RO         1010    i.second_submenu2_1  menu.o
    0x08003cfe   0x08003cfe   0x00000002   Code   RO         1011    i.second_submenu2_2  menu.o
    0x08003d00   0x08003d00   0x00000002   Code   RO         1012    i.second_submenu3_1  menu.o
    0x08003d02   0x08003d02   0x00000002   Code   RO         1013    i.second_submenu3_2  menu.o
    0x08003d04   0x08003d04   0x00000002   Code   RO         1014    i.second_submenu3_3  menu.o
    0x08003d06   0x08003d06   0x00000002   Code   RO         1015    i.second_submenu3_4  menu.o
    0x08003d08   0x08003d08   0x00000002   Code   RO         1016    i.second_submenu4_1  menu.o
    0x08003d0a   0x08003d0a   0x00000002   Code   RO         1017    i.second_submenu4_2  menu.o
    0x08003d0c   0x08003d0c   0x00000002   Code   RO         1018    i.second_submenu5_1  menu.o
    0x08003d0e   0x08003d0e   0x00000002   Code   RO         1019    i.second_submenu5_2  menu.o
    0x08003d10   0x08003d10   0x00000002   Code   RO         1020    i.stopbit_set       menu.o
    0x08003d12   0x08003d12   0x00000002   Code   RO         1021    i.time_set          menu.o
    0x08003d14   0x08003d14   0x000000a0   Code   RO         1335    i.to_tm             bsp_date.o
    0x08003db4   0x08003db4   0x00000026   Code   RO         4666    i.uxListRemove      list.o
    0x08003dda   0x08003dda   0x00000016   Code   RO         4667    i.vListInitialise   list.o
    0x08003df0   0x08003df0   0x00000006   Code   RO         4668    i.vListInitialiseItem  list.o
    0x08003df6   0x08003df6   0x00000030   Code   RO         4669    i.vListInsert       list.o
    0x08003e26   0x08003e26   0x00000018   Code   RO         4670    i.vListInsertEnd    list.o
    0x08003e3e   0x08003e3e   0x00000002   PAD
    0x08003e40   0x08003e40   0x0000001c   Code   RO         5182    i.vPortEnterCritical  port.o
    0x08003e5c   0x08003e5c   0x00000018   Code   RO         5183    i.vPortExitCritical  port.o
    0x08003e74   0x08003e74   0x00000044   Code   RO         5252    i.vPortFree         heap_4.o
    0x08003eb8   0x08003eb8   0x00000018   Code   RO         5184    i.vPortSetupTimerInterrupt  port.o
    0x08003ed0   0x08003ed0   0x0000009c   Code   RO         4887    i.vTaskDelete       tasks.o
    0x08003f6c   0x08003f6c   0x00000010   Code   RO         4890    i.vTaskInternalSetTimeOutState  tasks.o
    0x08003f7c   0x08003f7c   0x0000000c   Code   RO         4891    i.vTaskMissedYield  tasks.o
    0x08003f88   0x08003f88   0x00000020   Code   RO         4892    i.vTaskPlaceOnEventList  tasks.o
    0x08003fa8   0x08003fa8   0x00000050   Code   RO         4898    i.vTaskStartScheduler  tasks.o
    0x08003ff8   0x08003ff8   0x00000010   Code   RO         4900    i.vTaskSuspendAll   tasks.o
    0x08004008   0x08004008   0x00000048   Code   RO         4901    i.vTaskSwitchContext  tasks.o
    0x08004050   0x08004050   0x00000030   Code   RO         1022    i.wait_key_box      menu.o
    0x08004080   0x08004080   0x00000030   Code   RO         5185    i.xPortStartScheduler  port.o
    0x080040b0   0x080040b0   0x00000040   Code   RO         4725    i.xQueueGenericCreate  queue.o
    0x080040f0   0x080040f0   0x00000094   Code   RO         4726    i.xQueueGenericReset  queue.o
    0x08004184   0x08004184   0x000000f8   Code   RO         4727    i.xQueueGenericSend  queue.o
    0x0800427c   0x0800427c   0x000000f0   Code   RO         4734    i.xQueueReceive     queue.o
    0x0800436c   0x0800436c   0x00000058   Code   RO         4903    i.xTaskCheckForTimeOut  tasks.o
    0x080043c4   0x080043c4   0x00000068   Code   RO         4904    i.xTaskCreate       tasks.o
    0x0800442c   0x0800442c   0x0000005c   Code   RO         4905    i.xTaskDelayUntil   tasks.o
    0x08004488   0x08004488   0x000000f8   Code   RO         4906    i.xTaskGenericNotify  tasks.o
    0x08004580   0x08004580   0x000000a8   Code   RO         4909    i.xTaskGenericNotifyWait  tasks.o
    0x08004628   0x08004628   0x0000000c   Code   RO         4911    i.xTaskGetTickCount  tasks.o
    0x08004634   0x08004634   0x0000011c   Code   RO         4913    i.xTaskIncrementTick  tasks.o
    0x08004750   0x08004750   0x000000c8   Code   RO         4914    i.xTaskRemoveFromEventList  tasks.o
    0x08004818   0x08004818   0x00000114   Code   RO         4915    i.xTaskResumeAll    tasks.o
    0x0800492c   0x0800492c   0x000005f0   Data   RO          824    .constdata          fonts.o
    0x08004f1c   0x08004f1c   0x0000004b   Data   RO         1285    .conststring        bsp_rtc.o
    0x08004f67   0x08004f67   0x00000001   PAD
    0x08004f68   0x08004f68   0x00000020   Data   RO         5627    Region$$Table       anon$$obj.o


    Execution Region RW_IRAM1 (Exec base: 0x20000000, Load base: 0x08004f88, Size: 0x00004b48, Max: 0x00010000, ABSOLUTE, COMPRESSED[0x0000014c])

    Exec Addr    Load Addr    Size         Type   Attr      Idx    E Section Name        Object

    0x20000000   COMPRESSED   0x00000002   Data   RW          158    .data               main.o
    0x20000002   COMPRESSED   0x00000005   Data   RW          465    .data               module_key.o
    0x20000007   COMPRESSED   0x00000001   PAD
    0x20000008   COMPRESSED   0x00000004   Data   RW          513    .data               module_adc.o
    0x2000000c   COMPRESSED   0x00000010   Data   RW          603    .data               bsp_ili9341_lcd.o
    0x2000001c   COMPRESSED   0x00000008   Data   RW          827    .data               fonts.o
    0x20000024   COMPRESSED   0x00000001   Data   RW          830    .data               fonts.o
    0x20000025   COMPRESSED   0x00000003   PAD
    0x20000028   COMPRESSED   0x00000004   Data   RW          879    .data               bsp_spi_flash.o
    0x2000002c   COMPRESSED   0x00000118   Data   RW         1023    .data               menu.o
    0x20000144   COMPRESSED   0x00000002   Data   RW         1024    .data               menu.o
    0x20000146   COMPRESSED   0x00000002   PAD
    0x20000148   COMPRESSED   0x0000001c   Data   RW         1236    .data               global.o
    0x20000164   COMPRESSED   0x00000004   Data   RW         1237    .data               global.o
    0x20000168   COMPRESSED   0x00000004   Data   RW         1238    .data               global.o
    0x2000016c   COMPRESSED   0x00000004   Data   RW         1239    .data               global.o
    0x20000170   COMPRESSED   0x00000004   Data   RW         1240    .data               global.o
    0x20000174   COMPRESSED   0x00000004   Data   RW         1241    .data               global.o
    0x20000178   COMPRESSED   0x00000004   Data   RW         1242    .data               global.o
    0x2000017c   COMPRESSED   0x00000004   Data   RW         1243    .data               global.o
    0x20000180   COMPRESSED   0x00000004   Data   RW         1244    .data               global.o
    0x20000184   COMPRESSED   0x0000004c   Data   RW         1288    .data               bsp_rtc.o
    0x200001d0   COMPRESSED   0x00000034   Data   RW         1336    .data               bsp_date.o
    0x20000204   COMPRESSED   0x00000014   Data   RW         3215    .data               stm32f10x_rcc.o
    0x20000218   COMPRESSED   0x00000040   Data   RW         4918    .data               tasks.o
    0x20000258   COMPRESSED   0x00000004   Data   RW         5186    .data               port.o
    0x2000025c   COMPRESSED   0x0000001c   Data   RW         5258    .data               heap_4.o
    0x20000278   COMPRESSED   0x00000004   Data   RW         5605    .data               mc_w.l(stdout.o)
    0x2000027c        -       0x000000c8   Zero   RW         4917    .bss                tasks.o
    0x20000344        -       0x00004400   Zero   RW         5257    .bss                heap_4.o
    0x20004744   COMPRESSED   0x00000004   PAD
    0x20004748        -       0x00000400   Zero   RW            1    STACK               startup_stm32f10x_hd.o


==============================================================================

Image component sizes


      Code (inc. data)   RO Data    RW Data    ZI Data      Debug   Object Name

       282         14          0         52          0       2521   bsp_date.o
      1824         82          0         16          0      20653   bsp_ili9341_lcd.o
       422         60         75         76          0       2904   bsp_rtc.o
       444         74          0          4          0       3037   bsp_spi_flash.o
        76          8       1520          9          0       2303   fonts.o
         0          0          0         60          0        598   global.o
       384         26          0         28      17408       4875   heap_4.o
       138          0          0          0          0       5686   list.o
       872        162          0          2          0     236915   main.o
      2100        608          0        282          0      18761   menu.o
        68         18          0          0          0       1695   misc.o
       422         56          0          4          0       3682   module_adc.o
       348         28          0          5          0       2790   module_key.o
        96          4          0          0          0        542   module_led.o
       168         16          0          0          0       1207   module_usart.o
        66          0          0          0          0        930   password.o
       362         46          0          4          0       8876   port.o
      1018         14          0          0          0      24363   queue.o
        36          8        304          0       1024        856   startup_stm32f10x_hd.o
       340         16          0          0          0       8684   stm32f10x_adc.o
        58         12          0          0          0       2832   stm32f10x_bkp.o
       332         10          0          0          0       3862   stm32f10x_dma.o
       238          6          0          0          0       2017   stm32f10x_fsmc.o
       188          0          0          0          0       3948   stm32f10x_gpio.o
        12          0          0          0          0       2533   stm32f10x_it.o
        12          6          0          0          0        550   stm32f10x_pwr.o
       668        134          0         20          0      14573   stm32f10x_rcc.o
       220         50          0          0          0       5590   stm32f10x_rtc.o
       102          0          0          0          0       4138   stm32f10x_spi.o
       234          6          0          0          0       4416   stm32f10x_usart.o
       260         26          0          0          0      54893   system_stm32f10x.o
      2514        186          0         64        200      32888   tasks.o

    ----------------------------------------------------------------------
     14338       1676       1932        632      18636     484118   Object Totals
         0          0         32          0          0          0   (incl. Generated)
        34          0          1          6          4          0   (incl. Padding)

    ----------------------------------------------------------------------

      Code (inc. data)   RO Data    RW Data    ZI Data      Debug   Library Member Name

        86          0          0          0          0          0   __dczerorl2.o
         0          0          0          0          0          0   entry.o
         0          0          0          0          0          0   entry10a.o
         0          0          0          0          0          0   entry11a.o
         8          4          0          0          0          0   entry2.o
         4          0          0          0          0          0   entry5.o
         0          0          0          0          0          0   entry7b.o
         0          0          0          0          0          0   entry8b.o
         8          4          0          0          0          0   entry9a.o
        30          0          0          0          0          0   handlers.o
        36          8          0          0          0         68   init.o
         0          0          0          0          0          0   iusefp.o
        30          0          0          0          0         68   llshl.o
        36          0          0          0          0         68   llsshr.o
        32          0          0          0          0         68   llushr.o
        36          0          0          0          0         68   memcpya.o
        36          0          0          0          0        108   memseta.o
      2308         96          0          0          0        604   printfa.o
         0          0          0          4          0          0   stdout.o
        44          0          0          0          0         80   uidiv.o
        98          0          0          0          0         92   uldiv.o
        48          0          0          0          0         68   cdrcmple.o
        56          0          0          0          0         88   d2f.o
       334          0          0          0          0        148   dadd.o
       222          0          0          0          0        100   ddiv.o
       186          0          0          0          0        176   depilogue.o
        48          0          0          0          0         68   dfixul.o
        26          0          0          0          0         76   dfltui.o
       228          0          0          0          0         96   dmul.o
        38          0          0          0          0         68   f2d.o
       110          0          0          0          0        168   fepilogue.o

    ----------------------------------------------------------------------
      4090        112          0          4          0       2280   Library Totals
         2          0          0          0          0          0   (incl. Padding)

    ----------------------------------------------------------------------

      Code (inc. data)   RO Data    RW Data    ZI Data      Debug   Library Name

      2792        112          0          4          0       1224   mc_w.l
      1296          0          0          0          0       1056   mf_w.l

    ----------------------------------------------------------------------
      4090        112          0          4          0       2280   Library Totals

    ----------------------------------------------------------------------

==============================================================================


      Code (inc. data)   RO Data    RW Data    ZI Data      Debug   

     18428       1788       1932        636      18636     474618   Grand Totals
     18428       1788       1932        332      18636     474618   ELF Image Totals (compressed)
     18428       1788       1932        332          0          0   ROM Totals

==============================================================================

    Total RO  Size (Code + RO Data)                20360 (  19.88kB)
    Total RW  Size (RW Data + ZI Data)             19272 (  18.82kB)
    Total ROM Size (Code + RO Data + RW Data)      20692 (  20.21kB)

==============================================================================

